[0.020s] Invoking command in '/home/amov/scan_ws/build/scan_planner': CMAKE_PREFIX_PATH=${CMAKE_PREFIX_PATH}:/opt/ros/humble /usr/bin/cmake /home/amov/scan_ws/src/SCAN-Planner-Pure-ROS2-master -DAMENT_CMAKE_SYMLINK_INSTALL=1 -DCMAKE_INSTALL_PREFIX=/home/amov/scan_ws/install/scan_planner
[0.042s] -- Found ament_cmake: 1.3.14 (/opt/ros/humble/share/ament_cmake/cmake)
[0.289s] -- Override CMake install command with custom implementation using symlinks instead of copying resources
[0.300s] -- Found rclcpp: 16.0.19 (/opt/ros/humble/share/rclcpp/cmake)
[0.348s] -- Found rosidl_generator_c: 3.1.9 (/opt/ros/humble/share/rosidl_generator_c/cmake)
[0.352s] -- Found rosidl_adapter: 3.1.9 (/opt/ros/humble/share/rosidl_adapter/cmake)
[0.361s] -- Found rosidl_generator_cpp: 3.1.9 (/opt/ros/humble/share/rosidl_generator_cpp/cmake)
[0.375s] -- Using all available rosidl_typesupport_c: rosidl_typesupport_fastrtps_c;rosidl_typesupport_introspection_c
[0.394s] -- Using all available rosidl_typesupport_cpp: rosidl_typesupport_fastrtps_cpp;rosidl_typesupport_introspection_cpp
[0.441s] -- Found rmw_implementation_cmake: 6.1.2 (/opt/ros/humble/share/rmw_implementation_cmake/cmake)
[0.443s] -- Found rmw_fastrtps_cpp: 6.2.10 (/opt/ros/humble/share/rmw_fastrtps_cpp/cmake)
[0.602s] -- Using RMW implementation 'rmw_fastrtps_cpp' as default
[0.680s] -- Found nav_msgs: 4.9.1 (/opt/ros/humble/share/nav_msgs/cmake)
[0.720s] -- Found tf2: 0.25.20 (/opt/ros/humble/share/tf2/cmake)
[0.726s] -- Found tf2_ros: 0.25.20 (/opt/ros/humble/share/tf2_ros/cmake)
[0.837s] -- Found sensor_msgs: 4.9.1 (/opt/ros/humble/share/sensor_msgs/cmake)
[0.867s] -- Found visualization_msgs: 4.9.1 (/opt/ros/humble/share/visualization_msgs/cmake)
[1.051s] -- Configuring done
[1.089s] -- Generating done
[1.102s] -- Build files have been written to: /home/amov/scan_ws/build/scan_planner
[1.131s] Invoked command in '/home/amov/scan_ws/build/scan_planner' returned '0': CMAKE_PREFIX_PATH=${CMAKE_PREFIX_PATH}:/opt/ros/humble /usr/bin/cmake /home/amov/scan_ws/src/SCAN-Planner-Pure-ROS2-master -DAMENT_CMAKE_SYMLINK_INSTALL=1 -DCMAKE_INSTALL_PREFIX=/home/amov/scan_ws/install/scan_planner
[1.135s] Invoking command in '/home/amov/scan_ws/build/scan_planner': CMAKE_PREFIX_PATH=${CMAKE_PREFIX_PATH}:/opt/ros/humble /usr/bin/cmake --build /home/amov/scan_ws/build/scan_planner -- -j8 -l8
[1.232s] Consolidate compiler generated dependencies of target local_map
[1.258s] [  8%] Building CXX object planner/plan_env/CMakeFiles/local_map.dir/src/grid_map.cpp.o
[6.234s] [ 16%] Linking CXX static library liblocal_map.a
[6.349s] [ 16%] Built target local_map
[6.378s] Consolidate compiler generated dependencies of target path_searching
[6.404s] [ 25%] Building CXX object planner/path_searching/CMakeFiles/path_searching.dir/src/dyn_a_star.cpp.o
[13.336s] [ 33%] Linking CXX static library libpath_searching.a
[13.466s] [ 33%] Built target path_searching
[13.503s] Consolidate compiler generated dependencies of target bspline_opt
[13.530s] [ 50%] Building CXX object planner/bspline_opt/CMakeFiles/bspline_opt.dir/src/bspline_optimizer.cpp.o
[13.531s] [ 50%] Building CXX object planner/bspline_opt/CMakeFiles/bspline_opt.dir/src/uniform_bspline.cpp.o
[13.531s] [ 58%] Building CXX object planner/bspline_opt/CMakeFiles/bspline_opt.dir/src/gradient_descent_optimizer.cpp.o
[33.993s] [ 66%] Linking CXX static library libbspline_opt.a
[34.421s] [ 66%] Built target bspline_opt
[34.451s] Consolidate compiler generated dependencies of target scan_planner
[34.480s] [ 75%] Building CXX object planner/plan_manage/CMakeFiles/scan_planner.dir/src/planner_interface.cpp.o
[42.233s] [ 83%] Linking CXX static library libscan_planner.a
[42.344s] [ 83%] Built target scan_planner
[42.382s] Consolidate compiler generated dependencies of target motion_plan
[42.416s] [ 91%] Building CXX object CMakeFiles/motion_plan.dir/src/trajectory_publisher.cpp.o
[133.476s] [100%] Linking CXX executable motion_plan
[135.403s] [100%] Built target motion_plan
[135.429s] Invoked command in '/home/amov/scan_ws/build/scan_planner' returned '0': CMAKE_PREFIX_PATH=${CMAKE_PREFIX_PATH}:/opt/ros/humble /usr/bin/cmake --build /home/amov/scan_ws/build/scan_planner -- -j8 -l8
[135.451s] Invoking command in '/home/amov/scan_ws/build/scan_planner': CMAKE_PREFIX_PATH=${CMAKE_PREFIX_PATH}:/opt/ros/humble /usr/bin/cmake --install /home/amov/scan_ws/build/scan_planner
[135.468s] -- Install configuration: "Release"
[135.469s] -- Execute custom install script
[135.469s] -- Symlinking: /home/amov/scan_ws/install/scan_planner/lib/scan_planner/motion_plan
[135.514s] -- Symlinking: /home/amov/scan_ws/install/scan_planner/share/scan_planner/launch/scan_planner.launch.py
[135.533s] -- Symlinking: /home/amov/scan_ws/install/scan_planner/share/scan_planner/rviz/rviz.rviz
[135.553s] -- Symlinking: /home/amov/scan_ws/install/scan_planner/share/ament_index/resource_index/package_run_dependencies/scan_planner
[135.570s] -- Symlinking: /home/amov/scan_ws/install/scan_planner/share/ament_index/resource_index/parent_prefix_path/scan_planner
[135.590s] -- Symlinking: /home/amov/scan_ws/install/scan_planner/share/scan_planner/environment/ament_prefix_path.sh
[135.608s] -- Symlinking: /home/amov/scan_ws/install/scan_planner/share/scan_planner/environment/ament_prefix_path.dsv
[135.628s] -- Symlinking: /home/amov/scan_ws/install/scan_planner/share/scan_planner/environment/path.sh
[135.648s] -- Symlinking: /home/amov/scan_ws/install/scan_planner/share/scan_planner/environment/path.dsv
[135.665s] -- Symlinking: /home/amov/scan_ws/install/scan_planner/share/scan_planner/local_setup.bash
[135.684s] -- Symlinking: /home/amov/scan_ws/install/scan_planner/share/scan_planner/local_setup.sh
[135.704s] -- Symlinking: /home/amov/scan_ws/install/scan_planner/share/scan_planner/local_setup.zsh
[135.725s] -- Symlinking: /home/amov/scan_ws/install/scan_planner/share/scan_planner/local_setup.dsv
[135.743s] -- Symlinking: /home/amov/scan_ws/install/scan_planner/share/scan_planner/package.dsv
[135.759s] -- Symlinking: /home/amov/scan_ws/install/scan_planner/share/ament_index/resource_index/packages/scan_planner
[135.776s] -- Symlinking: /home/amov/scan_ws/install/scan_planner/share/scan_planner/cmake/scan_plannerConfig.cmake
[135.793s] -- Symlinking: /home/amov/scan_ws/install/scan_planner/share/scan_planner/cmake/scan_plannerConfig-version.cmake
[135.810s] -- Symlinking: /home/amov/scan_ws/install/scan_planner/share/scan_planner/package.xml
[135.835s] Invoked command in '/home/amov/scan_ws/build/scan_planner' returned '0': CMAKE_PREFIX_PATH=${CMAKE_PREFIX_PATH}:/opt/ros/humble /usr/bin/cmake --install /home/amov/scan_ws/build/scan_planner
