-- Found ament_cmake: 1.3.14 (/opt/ros/humble/share/ament_cmake/cmake)
-- Override CMake install command with custom implementation using symlinks instead of copying resources
-- Found rclcpp: 16.0.19 (/opt/ros/humble/share/rclcpp/cmake)
-- Found rosidl_generator_c: 3.1.9 (/opt/ros/humble/share/rosidl_generator_c/cmake)
-- Found rosidl_adapter: 3.1.9 (/opt/ros/humble/share/rosidl_adapter/cmake)
-- Found rosidl_generator_cpp: 3.1.9 (/opt/ros/humble/share/rosidl_generator_cpp/cmake)
-- Using all available rosidl_typesupport_c: rosidl_typesupport_fastrtps_c;rosidl_typesupport_introspection_c
-- Using all available rosidl_typesupport_cpp: rosidl_typesupport_fastrtps_cpp;rosidl_typesupport_introspection_cpp
-- Found rmw_implementation_cmake: 6.1.2 (/opt/ros/humble/share/rmw_implementation_cmake/cmake)
-- Found rmw_fastrtps_cpp: 6.2.10 (/opt/ros/humble/share/rmw_fastrtps_cpp/cmake)
-- Using RMW implementation 'rmw_fastrtps_cpp' as default
-- Found nav_msgs: 4.9.1 (/opt/ros/humble/share/nav_msgs/cmake)
-- Found tf2: 0.25.20 (/opt/ros/humble/share/tf2/cmake)
-- Found tf2_ros: 0.25.20 (/opt/ros/humble/share/tf2_ros/cmake)
-- Found sensor_msgs: 4.9.1 (/opt/ros/humble/share/sensor_msgs/cmake)
-- Found visualization_msgs: 4.9.1 (/opt/ros/humble/share/visualization_msgs/cmake)
-- Configuring done
-- Generating done
-- Build files have been written to: /home/amov/scan_ws/build/scan_planner
[35m[1mConsolidate compiler generated dependencies of target local_map[0m
[ 16%] Built target local_map
[35m[1mConsolidate compiler generated dependencies of target path_searching[0m
[ 33%] Built target path_searching
[35m[1mConsolidate compiler generated dependencies of target bspline_opt[0m
[ 66%] Built target bspline_opt
[35m[1mConsolidate compiler generated dependencies of target scan_planner[0m
[ 83%] Built target scan_planner
[35m[1mConsolidate compiler generated dependencies of target motion_plan[0m
[100%] Built target motion_plan
-- Install configuration: "Release"
-- Execute custom install script
-- Up-to-date symlink: /home/amov/scan_ws/install/scan_planner/lib/scan_planner/motion_plan
-- Up-to-date symlink: /home/amov/scan_ws/install/scan_planner/share/scan_planner/launch/scan_planner.launch.py
-- Up-to-date symlink: /home/amov/scan_ws/install/scan_planner/share/scan_planner/rviz/rviz.rviz
-- Up-to-date symlink: /home/amov/scan_ws/install/scan_planner/share/ament_index/resource_index/package_run_dependencies/scan_planner
-- Up-to-date symlink: /home/amov/scan_ws/install/scan_planner/share/ament_index/resource_index/parent_prefix_path/scan_planner
-- Up-to-date symlink: /home/amov/scan_ws/install/scan_planner/share/scan_planner/environment/ament_prefix_path.sh
-- Up-to-date symlink: /home/amov/scan_ws/install/scan_planner/share/scan_planner/environment/ament_prefix_path.dsv
-- Up-to-date symlink: /home/amov/scan_ws/install/scan_planner/share/scan_planner/environment/path.sh
-- Up-to-date symlink: /home/amov/scan_ws/install/scan_planner/share/scan_planner/environment/path.dsv
-- Up-to-date symlink: /home/amov/scan_ws/install/scan_planner/share/scan_planner/local_setup.bash
-- Up-to-date symlink: /home/amov/scan_ws/install/scan_planner/share/scan_planner/local_setup.sh
-- Up-to-date symlink: /home/amov/scan_ws/install/scan_planner/share/scan_planner/local_setup.zsh
-- Up-to-date symlink: /home/amov/scan_ws/install/scan_planner/share/scan_planner/local_setup.dsv
-- Symlinking: /home/amov/scan_ws/install/scan_planner/share/scan_planner/package.dsv
-- Up-to-date symlink: /home/amov/scan_ws/install/scan_planner/share/ament_index/resource_index/packages/scan_planner
-- Up-to-date symlink: /home/amov/scan_ws/install/scan_planner/share/scan_planner/cmake/scan_plannerConfig.cmake
-- Up-to-date symlink: /home/amov/scan_ws/install/scan_planner/share/scan_planner/cmake/scan_plannerConfig-version.cmake
-- Up-to-date symlink: /home/amov/scan_ws/install/scan_planner/share/scan_planner/package.xml
