[0.024s] Invoking command in '/home/amov/scan_ws/build/scan_planner': CMAKE_PREFIX_PATH=${CMAKE_PREFIX_PATH}:/opt/ros/humble /usr/bin/cmake --build /home/amov/scan_ws/build/scan_planner -- -j8 -l8
[0.144s] Consolidate compiler generated dependencies of target local_map
[0.175s] [  8%] Building CXX object planner/plan_env/CMakeFiles/local_map.dir/src/grid_map.cpp.o
[5.387s] [ 16%] Linking CXX static library liblocal_map.a
[5.492s] [ 16%] Built target local_map
[5.526s] Consolidate compiler generated dependencies of target path_searching
[5.555s] [ 25%] Building CXX object planner/path_searching/CMakeFiles/path_searching.dir/src/dyn_a_star.cpp.o
[12.424s] [ 33%] Linking CXX static library libpath_searching.a
[12.532s] [ 33%] Built target path_searching
[12.574s] Consolidate compiler generated dependencies of target bspline_opt
[12.600s] [ 58%] Building CXX object planner/bspline_opt/CMakeFiles/bspline_opt.dir/src/bspline_optimizer.cpp.o
[12.601s] [ 58%] Building CXX object planner/bspline_opt/CMakeFiles/bspline_opt.dir/src/uniform_bspline.cpp.o
[12.601s] [ 58%] Building CXX object planner/bspline_opt/CMakeFiles/bspline_opt.dir/src/gradient_descent_optimizer.cpp.o
[33.614s] [ 66%] Linking CXX static library libbspline_opt.a
[33.993s] [ 66%] Built target bspline_opt
[34.026s] Consolidate compiler generated dependencies of target scan_planner
[34.056s] [ 75%] Building CXX object planner/plan_manage/CMakeFiles/scan_planner.dir/src/planner_interface.cpp.o
[42.230s] [ 83%] Linking CXX static library libscan_planner.a
[42.352s] [ 83%] Built target scan_planner
[42.399s] Consolidate compiler generated dependencies of target motion_plan
[42.446s] [ 91%] Building CXX object CMakeFiles/motion_plan.dir/src/trajectory_publisher.cpp.o
[154.014s] [100%] Linking CXX executable motion_plan
[156.278s] [100%] Built target motion_plan
[156.303s] Invoked command in '/home/amov/scan_ws/build/scan_planner' returned '0': CMAKE_PREFIX_PATH=${CMAKE_PREFIX_PATH}:/opt/ros/humble /usr/bin/cmake --build /home/amov/scan_ws/build/scan_planner -- -j8 -l8
[156.324s] Invoking command in '/home/amov/scan_ws/build/scan_planner': CMAKE_PREFIX_PATH=${CMAKE_PREFIX_PATH}:/opt/ros/humble /usr/bin/cmake --install /home/amov/scan_ws/build/scan_planner
[156.339s] -- Install configuration: "Release"
[156.340s] -- Execute custom install script
[156.341s] -- Up-to-date symlink: /home/amov/scan_ws/install/scan_planner/lib/scan_planner/motion_plan
[156.342s] -- Up-to-date symlink: /home/amov/scan_ws/install/scan_planner/share/scan_planner/launch/__pycache__/scan_mid360_test.launch.cpython-310.pyc
[156.343s] -- Up-to-date symlink: /home/amov/scan_ws/install/scan_planner/share/scan_planner/launch/scan_mid360_test.launch.py
[156.343s] -- Up-to-date symlink: /home/amov/scan_ws/install/scan_planner/share/scan_planner/launch/scan_planner.launch.py
[156.343s] -- Up-to-date symlink: /home/amov/scan_ws/install/scan_planner/share/scan_planner/config/scan_mid360.yaml
[156.343s] -- Up-to-date symlink: /home/amov/scan_ws/install/scan_planner/share/scan_planner/rviz/rviz.rviz
[156.344s] -- Up-to-date symlink: /home/amov/scan_ws/install/scan_planner/share/ament_index/resource_index/package_run_dependencies/scan_planner
[156.344s] -- Up-to-date symlink: /home/amov/scan_ws/install/scan_planner/share/ament_index/resource_index/parent_prefix_path/scan_planner
[156.344s] -- Up-to-date symlink: /home/amov/scan_ws/install/scan_planner/share/scan_planner/environment/ament_prefix_path.sh
[156.344s] -- Up-to-date symlink: /home/amov/scan_ws/install/scan_planner/share/scan_planner/environment/ament_prefix_path.dsv
[156.345s] -- Up-to-date symlink: /home/amov/scan_ws/install/scan_planner/share/scan_planner/environment/path.sh
[156.345s] -- Up-to-date symlink: /home/amov/scan_ws/install/scan_planner/share/scan_planner/environment/path.dsv
[156.345s] -- Up-to-date symlink: /home/amov/scan_ws/install/scan_planner/share/scan_planner/local_setup.bash
[156.346s] -- Up-to-date symlink: /home/amov/scan_ws/install/scan_planner/share/scan_planner/local_setup.sh
[156.346s] -- Up-to-date symlink: /home/amov/scan_ws/install/scan_planner/share/scan_planner/local_setup.zsh
[156.346s] -- Up-to-date symlink: /home/amov/scan_ws/install/scan_planner/share/scan_planner/local_setup.dsv
[156.346s] -- Symlinking: /home/amov/scan_ws/install/scan_planner/share/scan_planner/package.dsv
[156.366s] -- Up-to-date symlink: /home/amov/scan_ws/install/scan_planner/share/ament_index/resource_index/packages/scan_planner
[156.366s] -- Up-to-date symlink: /home/amov/scan_ws/install/scan_planner/share/scan_planner/cmake/scan_plannerConfig.cmake
[156.366s] -- Up-to-date symlink: /home/amov/scan_ws/install/scan_planner/share/scan_planner/cmake/scan_plannerConfig-version.cmake
[156.367s] -- Up-to-date symlink: /home/amov/scan_ws/install/scan_planner/share/scan_planner/package.xml
[156.368s] -- Up-to-date: /home/amov/scan_ws/install/scan_planner/lib/scan_planner/scan_mid360_world_input_test
[156.372s] Invoked command in '/home/amov/scan_ws/build/scan_planner' returned '0': CMAKE_PREFIX_PATH=${CMAKE_PREFIX_PATH}:/opt/ros/humble /usr/bin/cmake --install /home/amov/scan_ws/build/scan_planner
