gmake[2]: 警告：文件“planner/plan_env/CMakeFiles/local_map.dir/flags.make”的修改时间在未来 16098 秒后
gmake[2]: 警告：检测到时钟错误。您的构建版本可能是不完整的。
gmake[2]: 警告：文件“planner/plan_env/CMakeFiles/local_map.dir/flags.make”的修改时间在未来 16098 秒后
gmake[2]: 警告：检测到时钟错误。您的构建版本可能是不完整的。
gmake[2]: 警告：文件“planner/path_searching/CMakeFiles/path_searching.dir/flags.make”的修改时间在未来 16098 秒后
gmake[2]: 警告：检测到时钟错误。您的构建版本可能是不完整的。
gmake[2]: 警告：文件“planner/path_searching/CMakeFiles/path_searching.dir/flags.make”的修改时间在未来 16098 秒后
gmake[2]: 警告：检测到时钟错误。您的构建版本可能是不完整的。
gmake[2]: 警告：文件“planner/bspline_opt/CMakeFiles/bspline_opt.dir/flags.make”的修改时间在未来 16097 秒后
gmake[2]: 警告：检测到时钟错误。您的构建版本可能是不完整的。
gmake[2]: 警告：文件“planner/bspline_opt/CMakeFiles/bspline_opt.dir/flags.make”的修改时间在未来 16097 秒后
gmake[2]: 警告：检测到时钟错误。您的构建版本可能是不完整的。
gmake[2]: 警告：文件“planner/plan_manage/CMakeFiles/scan_planner.dir/flags.make”的修改时间在未来 16097 秒后
gmake[2]: 警告：检测到时钟错误。您的构建版本可能是不完整的。
gmake[2]: 警告：文件“planner/plan_manage/CMakeFiles/scan_planner.dir/flags.make”的修改时间在未来 16097 秒后
gmake[2]: 警告：检测到时钟错误。您的构建版本可能是不完整的。
gmake[2]: 警告：文件“CMakeFiles/motion_plan.dir/flags.make”的修改时间在未来 16097 秒后
gmake[2]: 警告：检测到时钟错误。您的构建版本可能是不完整的。
gmake[2]: 警告：文件“CMakeFiles/motion_plan.dir/flags.make”的修改时间在未来 16097 秒后
gmake[2]: 警告：检测到时钟错误。您的构建版本可能是不完整的。
