[0.019s] Invoking command in '/home/amov/scan_ws/build/scan_planner': CMAKE_PREFIX_PATH=${CMAKE_PREFIX_PATH}:/opt/ros/humble /usr/bin/cmake --build /home/amov/scan_ws/build/scan_planner -- -j8 -l8
[0.092s] [35m[1mConsolidate compiler generated dependencies of target local_map[0m
[0.119s] [ 16%] Built target local_map
[0.139s] [35m[1mConsolidate compiler generated dependencies of target path_searching[0m
[0.172s] [ 33%] Built target path_searching
[0.195s] [35m[1mConsolidate compiler generated dependencies of target bspline_opt[0m
[0.230s] [ 66%] Built target bspline_opt
[0.254s] [35m[1mConsolidate compiler generated dependencies of target scan_planner[0m
[0.288s] [ 83%] Built target scan_planner
[0.309s] [35m[1mConsolidate compiler generated dependencies of target motion_plan[0m
[0.349s] [100%] Built target motion_plan
[0.374s] Invoked command in '/home/amov/scan_ws/build/scan_planner' returned '0': CMAKE_PREFIX_PATH=${CMAKE_PREFIX_PATH}:/opt/ros/humble /usr/bin/cmake --build /home/amov/scan_ws/build/scan_planner -- -j8 -l8
[0.398s] Invoking command in '/home/amov/scan_ws/build/scan_planner': CMAKE_PREFIX_PATH=${CMAKE_PREFIX_PATH}:/opt/ros/humble /usr/bin/cmake --install /home/amov/scan_ws/build/scan_planner
[0.419s] -- Install configuration: "Release"
[0.419s] -- Up-to-date: /home/amov/scan_ws/install/scan_planner/lib/scan_planner/motion_plan
[0.420s] -- Up-to-date: /home/amov/scan_ws/install/scan_planner/share/scan_planner/launch
[0.420s] -- Up-to-date: /home/amov/scan_ws/install/scan_planner/share/scan_planner/launch/scan_planner.launch.py
[0.420s] -- Up-to-date: /home/amov/scan_ws/install/scan_planner/share/scan_planner/rviz/rviz.rviz
[0.421s] -- Up-to-date: /home/amov/scan_ws/install/scan_planner/share/ament_index/resource_index/package_run_dependencies/scan_planner
[0.423s] -- Up-to-date: /home/amov/scan_ws/install/scan_planner/share/ament_index/resource_index/parent_prefix_path/scan_planner
[0.423s] -- Up-to-date: /home/amov/scan_ws/install/scan_planner/share/scan_planner/environment/ament_prefix_path.sh
[0.423s] -- Up-to-date: /home/amov/scan_ws/install/scan_planner/share/scan_planner/environment/ament_prefix_path.dsv
[0.423s] -- Up-to-date: /home/amov/scan_ws/install/scan_planner/share/scan_planner/environment/path.sh
[0.423s] -- Up-to-date: /home/amov/scan_ws/install/scan_planner/share/scan_planner/environment/path.dsv
[0.424s] -- Up-to-date: /home/amov/scan_ws/install/scan_planner/share/scan_planner/local_setup.bash
[0.424s] -- Up-to-date: /home/amov/scan_ws/install/scan_planner/share/scan_planner/local_setup.sh
[0.424s] -- Up-to-date: /home/amov/scan_ws/install/scan_planner/share/scan_planner/local_setup.zsh
[0.424s] -- Up-to-date: /home/amov/scan_ws/install/scan_planner/share/scan_planner/local_setup.dsv
[0.424s] -- Installing: /home/amov/scan_ws/install/scan_planner/share/scan_planner/package.dsv
[0.424s] -- Up-to-date: /home/amov/scan_ws/install/scan_planner/share/ament_index/resource_index/packages/scan_planner
[0.424s] -- Up-to-date: /home/amov/scan_ws/install/scan_planner/share/scan_planner/cmake/scan_plannerConfig.cmake
[0.424s] -- Up-to-date: /home/amov/scan_ws/install/scan_planner/share/scan_planner/cmake/scan_plannerConfig-version.cmake
[0.424s] -- Up-to-date: /home/amov/scan_ws/install/scan_planner/share/scan_planner/package.xml
[0.429s] Invoked command in '/home/amov/scan_ws/build/scan_planner' returned '0': CMAKE_PREFIX_PATH=${CMAKE_PREFIX_PATH}:/opt/ros/humble /usr/bin/cmake --install /home/amov/scan_ws/build/scan_planner
