[0.020s] Invoking command in '/home/amov/scan_ws/build/scan_planner': CMAKE_PREFIX_PATH=${CMAKE_PREFIX_PATH}:/opt/ros/humble /usr/bin/cmake --build /home/amov/scan_ws/build/scan_planner --clean-first -- -j8 -l8
[0.082s] gmake[2]: Warning: File 'CMakeFiles/motion_plan.dir/flags.make' has modification time 12888 s in the future
[0.099s] gmake[2]: warning:  Clock skew detected.  Your build may be incomplete.
[0.105s] gmake[2]: Warning: File 'planner/plan_manage/CMakeFiles/scan_planner.dir/flags.make' has modification time 12888 s in the future
[0.126s] gmake[2]: warning:  Clock skew detected.  Your build may be incomplete.
[0.133s] gmake[2]: Warning: File 'planner/bspline_opt/CMakeFiles/bspline_opt.dir/flags.make' has modification time 12888 s in the future
[0.157s] gmake[2]: warning:  Clock skew detected.  Your build may be incomplete.
[0.163s] gmake[2]: Warning: File 'planner/path_searching/CMakeFiles/path_searching.dir/flags.make' has modification time 12888 s in the future
[0.182s] gmake[2]: warning:  Clock skew detected.  Your build may be incomplete.
[0.187s] gmake[2]: Warning: File 'planner/plan_env/CMakeFiles/local_map.dir/flags.make' has modification time 12888 s in the future
[0.206s] gmake[2]: warning:  Clock skew detected.  Your build may be incomplete.
[0.240s] -- Found ament_cmake: 1.3.14 (/opt/ros/humble/share/ament_cmake/cmake)
[0.484s] -- Override CMake install command with custom implementation using symlinks instead of copying resources
[0.503s] -- Found rclcpp: 16.0.19 (/opt/ros/humble/share/rclcpp/cmake)
[0.567s] -- Found rosidl_generator_c: 3.1.9 (/opt/ros/humble/share/rosidl_generator_c/cmake)
[0.572s] -- Found rosidl_adapter: 3.1.9 (/opt/ros/humble/share/rosidl_adapter/cmake)
[0.582s] -- Found rosidl_generator_cpp: 3.1.9 (/opt/ros/humble/share/rosidl_generator_cpp/cmake)
[0.599s] -- Using all available rosidl_typesupport_c: rosidl_typesupport_fastrtps_c;rosidl_typesupport_introspection_c
[0.618s] -- Using all available rosidl_typesupport_cpp: rosidl_typesupport_fastrtps_cpp;rosidl_typesupport_introspection_cpp
[0.665s] -- Found rmw_implementation_cmake: 6.1.2 (/opt/ros/humble/share/rmw_implementation_cmake/cmake)
[0.667s] -- Found rmw_fastrtps_cpp: 6.2.10 (/opt/ros/humble/share/rmw_fastrtps_cpp/cmake)
[0.825s] -- Using RMW implementation 'rmw_fastrtps_cpp' as default
[0.902s] -- Found nav_msgs: 4.9.1 (/opt/ros/humble/share/nav_msgs/cmake)
[0.943s] -- Found tf2: 0.25.20 (/opt/ros/humble/share/tf2/cmake)
[0.949s] -- Found tf2_ros: 0.25.20 (/opt/ros/humble/share/tf2_ros/cmake)
[1.063s] -- Found sensor_msgs: 4.9.1 (/opt/ros/humble/share/sensor_msgs/cmake)
[1.094s] -- Found visualization_msgs: 4.9.1 (/opt/ros/humble/share/visualization_msgs/cmake)
[1.268s] -- Configuring done
[1.308s] -- Generating done
[1.321s] -- Build files have been written to: /home/amov/scan_ws/build/scan_planner
[1.371s] gmake[2]: Warning: File 'planner/plan_env/CMakeFiles/local_map.dir/flags.make' has modification time 12887 s in the future
[1.388s] gmake[2]: warning:  Clock skew detected.  Your build may be incomplete.
[1.390s] gmake[2]: Warning: File 'planner/plan_env/CMakeFiles/local_map.dir/flags.make' has modification time 12886 s in the future
[1.408s] [  8%] Building CXX object planner/plan_env/CMakeFiles/local_map.dir/src/grid_map.cpp.o
[6.647s] [ 16%] Linking CXX static library liblocal_map.a
[6.741s] gmake[2]: warning:  Clock skew detected.  Your build may be incomplete.
[6.760s] [ 16%] Built target local_map
[6.765s] gmake[2]: Warning: File 'planner/path_searching/CMakeFiles/path_searching.dir/flags.make' has modification time 12881 s in the future
[6.783s] gmake[2]: warning:  Clock skew detected.  Your build may be incomplete.
[6.787s] gmake[2]: Warning: File 'planner/path_searching/CMakeFiles/path_searching.dir/flags.make' has modification time 12881 s in the future
[6.806s] [ 25%] Building CXX object planner/path_searching/CMakeFiles/path_searching.dir/src/dyn_a_star.cpp.o
[13.762s] [ 33%] Linking CXX static library libpath_searching.a
[13.859s] gmake[2]: warning:  Clock skew detected.  Your build may be incomplete.
[13.875s] [ 33%] Built target path_searching
[13.879s] gmake[2]: Warning: File 'planner/bspline_opt/CMakeFiles/bspline_opt.dir/flags.make' has modification time 12874 s in the future
[13.897s] gmake[2]: warning:  Clock skew detected.  Your build may be incomplete.
[13.900s] gmake[2]: Warning: File 'planner/bspline_opt/CMakeFiles/bspline_opt.dir/flags.make' has modification time 12874 s in the future
[13.914s] [ 50%] Building CXX object planner/bspline_opt/CMakeFiles/bspline_opt.dir/src/uniform_bspline.cpp.o
[13.914s] [ 50%] Building CXX object planner/bspline_opt/CMakeFiles/bspline_opt.dir/src/gradient_descent_optimizer.cpp.o
[13.918s] [ 58%] Building CXX object planner/bspline_opt/CMakeFiles/bspline_opt.dir/src/bspline_optimizer.cpp.o
[34.718s] [ 66%] Linking CXX static library libbspline_opt.a
[35.110s] gmake[2]: warning:  Clock skew detected.  Your build may be incomplete.
[35.132s] [ 66%] Built target bspline_opt
[35.137s] gmake[2]: Warning: File 'planner/plan_manage/CMakeFiles/scan_planner.dir/flags.make' has modification time 12853 s in the future
[35.157s] gmake[2]: warning:  Clock skew detected.  Your build may be incomplete.
[35.160s] gmake[2]: Warning: File 'planner/plan_manage/CMakeFiles/scan_planner.dir/flags.make' has modification time 12853 s in the future
[35.175s] [ 75%] Building CXX object planner/plan_manage/CMakeFiles/scan_planner.dir/src/planner_interface.cpp.o
[43.255s] [ 83%] Linking CXX static library libscan_planner.a
[43.350s] gmake[2]: warning:  Clock skew detected.  Your build may be incomplete.
[43.368s] [ 83%] Built target scan_planner
[43.373s] gmake[2]: Warning: File 'CMakeFiles/motion_plan.dir/flags.make' has modification time 12844 s in the future
[43.394s] gmake[2]: warning:  Clock skew detected.  Your build may be incomplete.
[43.399s] gmake[2]: Warning: File 'CMakeFiles/motion_plan.dir/flags.make' has modification time 12844 s in the future
[43.414s] [ 91%] Building CXX object CMakeFiles/motion_plan.dir/src/trajectory_publisher.cpp.o
[123.603s] [100%] Linking CXX executable motion_plan
[125.390s] gmake[2]: warning:  Clock skew detected.  Your build may be incomplete.
[125.408s] [100%] Built target motion_plan
[125.433s] Invoked command in '/home/amov/scan_ws/build/scan_planner' returned '0': CMAKE_PREFIX_PATH=${CMAKE_PREFIX_PATH}:/opt/ros/humble /usr/bin/cmake --build /home/amov/scan_ws/build/scan_planner --clean-first -- -j8 -l8
[125.456s] Invoking command in '/home/amov/scan_ws/build/scan_planner': CMAKE_PREFIX_PATH=${CMAKE_PREFIX_PATH}:/opt/ros/humble /usr/bin/cmake --install /home/amov/scan_ws/build/scan_planner
[125.472s] -- Install configuration: "Release"
[125.473s] -- Execute custom install script
[125.473s] -- Up-to-date symlink: /home/amov/scan_ws/install/scan_planner/lib/scan_planner/motion_plan
[125.474s] -- Up-to-date symlink: /home/amov/scan_ws/install/scan_planner/share/scan_planner/launch/scan_planner.launch.py
[125.474s] -- Up-to-date symlink: /home/amov/scan_ws/install/scan_planner/share/scan_planner/rviz/rviz.rviz
[125.474s] -- Up-to-date symlink: /home/amov/scan_ws/install/scan_planner/share/ament_index/resource_index/package_run_dependencies/scan_planner
[125.476s] -- Up-to-date symlink: /home/amov/scan_ws/install/scan_planner/share/ament_index/resource_index/parent_prefix_path/scan_planner
[125.477s] -- Up-to-date symlink: /home/amov/scan_ws/install/scan_planner/share/scan_planner/environment/ament_prefix_path.sh
[125.477s] -- Up-to-date symlink: /home/amov/scan_ws/install/scan_planner/share/scan_planner/environment/ament_prefix_path.dsv
[125.477s] -- Up-to-date symlink: /home/amov/scan_ws/install/scan_planner/share/scan_planner/environment/path.sh
[125.477s] -- Up-to-date symlink: /home/amov/scan_ws/install/scan_planner/share/scan_planner/environment/path.dsv
[125.477s] -- Up-to-date symlink: /home/amov/scan_ws/install/scan_planner/share/scan_planner/local_setup.bash
[125.477s] -- Up-to-date symlink: /home/amov/scan_ws/install/scan_planner/share/scan_planner/local_setup.sh
[125.478s] -- Up-to-date symlink: /home/amov/scan_ws/install/scan_planner/share/scan_planner/local_setup.zsh
[125.478s] -- Up-to-date symlink: /home/amov/scan_ws/install/scan_planner/share/scan_planner/local_setup.dsv
[125.478s] -- Symlinking: /home/amov/scan_ws/install/scan_planner/share/scan_planner/package.dsv
[125.496s] -- Up-to-date symlink: /home/amov/scan_ws/install/scan_planner/share/ament_index/resource_index/packages/scan_planner
[125.496s] -- Up-to-date symlink: /home/amov/scan_ws/install/scan_planner/share/scan_planner/cmake/scan_plannerConfig.cmake
[125.496s] -- Up-to-date symlink: /home/amov/scan_ws/install/scan_planner/share/scan_planner/cmake/scan_plannerConfig-version.cmake
[125.496s] -- Up-to-date symlink: /home/amov/scan_ws/install/scan_planner/share/scan_planner/package.xml
[125.501s] Invoked command in '/home/amov/scan_ws/build/scan_planner' returned '0': CMAKE_PREFIX_PATH=${CMAKE_PREFIX_PATH}:/opt/ros/humble /usr/bin/cmake --install /home/amov/scan_ws/build/scan_planner
