[0.026s] Invoking command in '/home/amov/scan_ws/build/livox_ros_driver2': CMAKE_PREFIX_PATH=${CMAKE_PREFIX_PATH}:/opt/ros/humble /usr/bin/cmake /home/amov/scan_ws/src/livox_ros_driver2 -DCMAKE_INSTALL_PREFIX=/home/amov/scan_ws/install/livox_ros_driver2
[0.123s] -- The C compiler identification is GNU 11.4.0
[0.220s] -- The CXX compiler identification is GNU 11.4.0
[0.233s] -- Detecting C compiler ABI info
[0.356s] -- Detecting C compiler ABI info - done
[0.388s] -- Check for working C compiler: /usr/bin/cc - skipped
[0.388s] -- Detecting C compile features
[0.388s] -- Detecting C compile features - done
[0.388s] -- Detecting CXX compiler ABI info
[0.518s] -- Detecting CXX compiler ABI info - done
[0.530s] -- Check for working CXX compiler: /usr/bin/c++ - skipped
[0.530s] -- Detecting CXX compile features
[0.531s] -- Detecting CXX compile features - done
[0.532s] -- livox_ros_driver2 version: 1.2.6
[0.537s] -- Found ament_cmake_auto: 1.3.14 (/opt/ros/humble/share/ament_cmake_auto/cmake)
[0.845s] -- Found Python3: /usr/bin/python3 (found version "3.10.12") found components: Interpreter 
[1.167s] -- Using all available rosidl_typesupport_c: rosidl_typesupport_fastrtps_c;rosidl_typesupport_introspection_c
[1.183s] -- Found rosidl_adapter: 3.1.9 (/opt/ros/humble/share/rosidl_adapter/cmake)
[1.269s] -- Using all available rosidl_typesupport_cpp: rosidl_typesupport_fastrtps_cpp;rosidl_typesupport_introspection_cpp
[1.415s] -- Found rmw_implementation_cmake: 6.1.2 (/opt/ros/humble/share/rmw_implementation_cmake/cmake)
[1.420s] -- Found rmw_fastrtps_cpp: 6.2.10 (/opt/ros/humble/share/rmw_fastrtps_cpp/cmake)
[1.565s] -- Found OpenSSL: /usr/lib/aarch64-linux-gnu/libcrypto.so (found version "3.0.2")  
[1.617s] -- Found FastRTPS: /opt/ros/humble/include  
[1.686s] -- Using RMW implementation 'rmw_fastrtps_cpp' as default
[1.700s] -- Looking for pthread.h
[1.834s] -- Looking for pthread.h - found
[1.835s] -- Performing Test CMAKE_HAVE_LIBC_PTHREAD
[1.987s] -- Performing Test CMAKE_HAVE_LIBC_PTHREAD - Success
[1.988s] -- Found Threads: TRUE  
[2.249s] -- Checking for module 'eigen3'
[2.278s] --   Found eigen3, version 3.4.0
[2.342s] -- Found Eigen: /usr/include/eigen3 (Required is at least version "3.1") 
[2.342s] -- Eigen found (include: /usr/include/eigen3, version: 3.4.0)
[2.413s] -- Checking for module 'flann'
[2.441s] --   Found flann, version 1.9.1
[2.525s] -- Found FLANN: /usr/lib/aarch64-linux-gnu/libflann_cpp.so  
[2.526s] -- FLANN found (include: /usr/include, lib: /usr/lib/aarch64-linux-gnu/libflann_cpp.so)
[4.433s] -- Checking for module 'libusb-1.0'
[4.469s] --   Found libusb-1.0, version 1.0.25
[4.562s] -- Found libusb: /usr/lib/aarch64-linux-gnu/libusb-1.0.so  
[4.563s] -- OpenNI found (version: 1.5.4.0, include: /usr/include/ni, lib: /usr/lib/libOpenNI.so;libusb::libusb)
[4.694s] -- OpenNI2 found (version: 2.2.0.33, include: /usr/include/openni2, lib: /usr/lib/aarch64-linux-gnu/libOpenNI2.so;libusb::libusb)
[4.945s] -- Eigen found (include: /usr/include/eigen3, version: 3.4.0)
[4.958s] -- OpenNI found (version: 1.5.4.0, include: /usr/include/ni, lib: /usr/lib/libOpenNI.so;libusb::libusb)
[4.969s] -- OpenNI2 found (version: 2.2.0.33, include: /usr/include/openni2, lib: /usr/lib/aarch64-linux-gnu/libOpenNI2.so;libusb::libusb)
[5.204s] -- Found Qhull version 8.0.2
[5.441s] -- OpenNI found (version: 1.5.4.0, include: /usr/include/ni, lib: /usr/lib/libOpenNI.so;libusb::libusb)
[5.673s] -- Found PCL_COMMON: /usr/lib/aarch64-linux-gnu/libpcl_common.so  
[5.674s] -- Found PCL_KDTREE: /usr/lib/aarch64-linux-gnu/libpcl_kdtree.so  
[5.676s] -- Found PCL_OCTREE: /usr/lib/aarch64-linux-gnu/libpcl_octree.so  
[5.678s] -- Found PCL_SEARCH: /usr/lib/aarch64-linux-gnu/libpcl_search.so  
[5.679s] -- Found PCL_SAMPLE_CONSENSUS: /usr/lib/aarch64-linux-gnu/libpcl_sample_consensus.so  
[5.681s] -- Found PCL_FILTERS: /usr/lib/aarch64-linux-gnu/libpcl_filters.so  
[5.682s] -- Found PCL_2D: /usr/include/pcl-1.12  
[5.683s] -- Found PCL_GEOMETRY: /usr/include/pcl-1.12  
[5.685s] -- Found PCL_IO: /usr/lib/aarch64-linux-gnu/libpcl_io.so  
[5.687s] -- Found PCL_FEATURES: /usr/lib/aarch64-linux-gnu/libpcl_features.so  
[5.688s] -- Found PCL_ML: /usr/lib/aarch64-linux-gnu/libpcl_ml.so  
[5.690s] -- Found PCL_SEGMENTATION: /usr/lib/aarch64-linux-gnu/libpcl_segmentation.so  
[5.691s] -- Found PCL_VISUALIZATION: /usr/lib/aarch64-linux-gnu/libpcl_visualization.so  
[5.693s] -- Found PCL_SURFACE: /usr/lib/aarch64-linux-gnu/libpcl_surface.so  
[5.695s] -- Found PCL_REGISTRATION: /usr/lib/aarch64-linux-gnu/libpcl_registration.so  
[5.696s] -- Found PCL_KEYPOINTS: /usr/lib/aarch64-linux-gnu/libpcl_keypoints.so  
[5.698s] -- Found PCL_TRACKING: /usr/lib/aarch64-linux-gnu/libpcl_tracking.so  
[5.700s] -- Found PCL_RECOGNITION: /usr/lib/aarch64-linux-gnu/libpcl_recognition.so  
[5.701s] -- Found PCL_STEREO: /usr/lib/aarch64-linux-gnu/libpcl_stereo.so  
[5.703s] -- Found PCL_APPS: /usr/lib/aarch64-linux-gnu/libpcl_apps.so  
[5.704s] -- Found PCL_IN_HAND_SCANNER: /usr/include/pcl-1.12  
[5.705s] -- Found PCL_MODELER: /usr/include/pcl-1.12  
[5.709s] -- Found PCL_POINT_CLOUD_EDITOR: /usr/include/pcl-1.12  
[5.711s] -- Found PCL_OUTOFCORE: /usr/lib/aarch64-linux-gnu/libpcl_outofcore.so  
[5.713s] -- Found PCL_PEOPLE: /usr/lib/aarch64-linux-gnu/libpcl_people.so  
[5.788s] -- Found PkgConfig: /usr/bin/pkg-config (found version "0.29.2") 
[5.790s] -- Checking for module 'apr-1'
[5.820s] --   Found apr-1, version 1.7.0
[5.903s] /usr/include/apr-1.0
[5.903s] apr-1
[6.347s] -- Found ament_cmake_ros: 0.10.0 (/opt/ros/humble/share/ament_cmake_ros/cmake)
[6.823s] -- Using all available rosidl_typesupport_c: rosidl_typesupport_fastrtps_c;rosidl_typesupport_introspection_c
[7.503s] -- Using all available rosidl_typesupport_cpp: rosidl_typesupport_fastrtps_cpp;rosidl_typesupport_introspection_cpp
[7.555s] -- Found PythonInterp: /usr/bin/python3 (found suitable version "3.10.12", minimum required is "3.6") 
[7.562s] -- Found python_cmake_module: 0.10.0 (/opt/ros/humble/share/python_cmake_module/cmake)
[7.630s] -- Found PythonLibs: /usr/lib/aarch64-linux-gnu/libpython3.10.so (found suitable version "3.10.12", minimum required is "3.5") 
[7.631s] -- Using PYTHON_EXECUTABLE: /usr/bin/python3
[7.631s] -- Using PYTHON_INCLUDE_DIRS: /usr/include/python3.10
[7.631s] -- Using PYTHON_LIBRARIES: /usr/lib/aarch64-linux-gnu/libpython3.10.so
[7.676s] -- Found PythonExtra: .so  
[8.014s] -- Found ament_lint_auto: 0.12.15 (/opt/ros/humble/share/ament_lint_auto/cmake)
[8.065s] -- Added test 'copyright' to check source files copyright and LICENSE
[8.073s] -- Added test 'cppcheck' to perform static code analysis on C / C++ code
[8.074s] -- Configured cppcheck include dirs: /home/amov/scan_ws/src/livox_ros_driver2/3rdparty;/home/amov/scan_ws/src/livox_ros_driver2/src
[8.074s] -- Configured cppcheck exclude dirs and/or files: 
[8.082s] -- Added test 'cpplint' to check C / C++ code against the Google style
[8.082s] -- Configured cpplint exclude dirs and/or files: 
[8.084s] -- Added test 'flake8' to check Python code syntax and style conventions
[8.087s] -- Added test 'lint_cmake' to check CMake code style
[8.089s] -- Added test 'pep257' to check Python code against some of the docstring style conventions in PEP 257
[8.096s] -- Added test 'uncrustify' to check C / C++ code style
[8.096s] -- Configured uncrustify additional arguments: 
[8.098s] -- Added test 'xmllint' to check XML markup files
[8.104s] -- Configuring done
[8.118s] CMake Error: The following variables are used in this project, but they are set to NOTFOUND.
[8.119s] Please set them or make sure they are set and tested correctly in the CMake files:
[8.119s] /home/amov/scan_ws/src/livox_ros_driver2/LIVOX_INTERFACES_INCLUDE_DIRECTORIES
[8.120s]    used as include directory in directory /home/amov/scan_ws/src/livox_ros_driver2
[8.120s] 
[8.230s] -- Generating done
[8.236s] CMake Generate step failed.  Build files cannot be regenerated correctly.
[8.297s] Invoked command in '/home/amov/scan_ws/build/livox_ros_driver2' returned '1': CMAKE_PREFIX_PATH=${CMAKE_PREFIX_PATH}:/opt/ros/humble /usr/bin/cmake /home/amov/scan_ws/src/livox_ros_driver2 -DCMAKE_INSTALL_PREFIX=/home/amov/scan_ws/install/livox_ros_driver2
