-- The C compiler identification is GNU 11.4.0
-- The CXX compiler identification is GNU 11.4.0
-- Detecting C compiler ABI info
-- Detecting C compiler ABI info - done
-- Check for working C compiler: /usr/bin/cc - skipped
-- Detecting C compile features
-- Detecting C compile features - done
-- Detecting CXX compiler ABI info
-- Detecting CXX compiler ABI info - done
-- Check for working CXX compiler: /usr/bin/c++ - skipped
-- Detecting CXX compile features
-- Detecting CXX compile features - done
-- Found ament_cmake: 1.3.14 (/opt/ros/humble/share/ament_cmake/cmake)
-- Found Python3: /usr/bin/python3 (found version "3.10.12") found components: Interpreter 
-- Found rclcpp: 16.0.19 (/opt/ros/humble/share/rclcpp/cmake)
-- Found rosidl_generator_c: 3.1.9 (/opt/ros/humble/share/rosidl_generator_c/cmake)
-- Found rosidl_adapter: 3.1.9 (/opt/ros/humble/share/rosidl_adapter/cmake)
-- Found rosidl_generator_cpp: 3.1.9 (/opt/ros/humble/share/rosidl_generator_cpp/cmake)
-- Using all available rosidl_typesupport_c: rosidl_typesupport_fastrtps_c;rosidl_typesupport_introspection_c
-- Using all available rosidl_typesupport_cpp: rosidl_typesupport_fastrtps_cpp;rosidl_typesupport_introspection_cpp
-- Found rmw_implementation_cmake: 6.1.2 (/opt/ros/humble/share/rmw_implementation_cmake/cmake)
-- Found rmw_fastrtps_cpp: 6.2.10 (/opt/ros/humble/share/rmw_fastrtps_cpp/cmake)
-- Found OpenSSL: /usr/lib/aarch64-linux-gnu/libcrypto.so (found version "3.0.2")  
-- Found FastRTPS: /opt/ros/humble/include  
-- Using RMW implementation 'rmw_fastrtps_cpp' as default
-- Looking for pthread.h
-- Looking for pthread.h - found
-- Performing Test CMAKE_HAVE_LIBC_PTHREAD
-- Performing Test CMAKE_HAVE_LIBC_PTHREAD - Success
-- Found Threads: TRUE  
-- Found nav_msgs: 4.9.1 (/opt/ros/humble/share/nav_msgs/cmake)
-- Found tf2: 0.25.20 (/opt/ros/humble/share/tf2/cmake)
-- Found tf2_ros: 0.25.20 (/opt/ros/humble/share/tf2_ros/cmake)
-- Found sensor_msgs: 4.9.1 (/opt/ros/humble/share/sensor_msgs/cmake)
-- Found Boost: /usr/lib/aarch64-linux-gnu/cmake/Boost-1.74.0/BoostConfig.cmake (found version "1.74.0")  
-- Found visualization_msgs: 4.9.1 (/opt/ros/humble/share/visualization_msgs/cmake)
-- Configuring done
-- Generating done
-- Build files have been written to: /home/amov/scan_ws/build/scan_planner
[  8%] Building CXX object planner/plan_env/CMakeFiles/local_map.dir/src/grid_map.cpp.o
[ 16%] Linking CXX static library liblocal_map.a
[ 16%] Built target local_map
[ 25%] Building CXX object planner/path_searching/CMakeFiles/path_searching.dir/src/dyn_a_star.cpp.o
[ 33%] Linking CXX static library libpath_searching.a
[ 33%] Built target path_searching
[ 50%] Building CXX object planner/bspline_opt/CMakeFiles/bspline_opt.dir/src/gradient_descent_optimizer.cpp.o
[ 50%] Building CXX object planner/bspline_opt/CMakeFiles/bspline_opt.dir/src/bspline_optimizer.cpp.o
[ 58%] Building CXX object planner/bspline_opt/CMakeFiles/bspline_opt.dir/src/uniform_bspline.cpp.o
[ 66%] Linking CXX static library libbspline_opt.a
[ 66%] Built target bspline_opt
[ 75%] Building CXX object planner/plan_manage/CMakeFiles/scan_planner.dir/src/planner_interface.cpp.o
[ 83%] Linking CXX static library libscan_planner.a
[ 83%] Built target scan_planner
[ 91%] Building CXX object CMakeFiles/motion_plan.dir/src/trajectory_publisher.cpp.o
[100%] Linking CXX executable motion_plan
[100%] Built target motion_plan
-- Install configuration: "Release"
-- Installing: /home/amov/scan_ws/install/scan_planner/lib/scan_planner/motion_plan
-- Set runtime path of "/home/amov/scan_ws/install/scan_planner/lib/scan_planner/motion_plan" to ""
-- Installing: /home/amov/scan_ws/install/scan_planner/share/scan_planner/launch
-- Installing: /home/amov/scan_ws/install/scan_planner/share/scan_planner/launch/scan_planner.launch.py
-- Installing: /home/amov/scan_ws/install/scan_planner/share/scan_planner/rviz/rviz.rviz
-- Installing: /home/amov/scan_ws/install/scan_planner/share/ament_index/resource_index/package_run_dependencies/scan_planner
-- Installing: /home/amov/scan_ws/install/scan_planner/share/ament_index/resource_index/parent_prefix_path/scan_planner
-- Installing: /home/amov/scan_ws/install/scan_planner/share/scan_planner/environment/ament_prefix_path.sh
-- Installing: /home/amov/scan_ws/install/scan_planner/share/scan_planner/environment/ament_prefix_path.dsv
-- Installing: /home/amov/scan_ws/install/scan_planner/share/scan_planner/environment/path.sh
-- Installing: /home/amov/scan_ws/install/scan_planner/share/scan_planner/environment/path.dsv
-- Installing: /home/amov/scan_ws/install/scan_planner/share/scan_planner/local_setup.bash
-- Installing: /home/amov/scan_ws/install/scan_planner/share/scan_planner/local_setup.sh
-- Installing: /home/amov/scan_ws/install/scan_planner/share/scan_planner/local_setup.zsh
-- Installing: /home/amov/scan_ws/install/scan_planner/share/scan_planner/local_setup.dsv
-- Installing: /home/amov/scan_ws/install/scan_planner/share/scan_planner/package.dsv
-- Installing: /home/amov/scan_ws/install/scan_planner/share/ament_index/resource_index/packages/scan_planner
-- Installing: /home/amov/scan_ws/install/scan_planner/share/scan_planner/cmake/scan_plannerConfig.cmake
-- Installing: /home/amov/scan_ws/install/scan_planner/share/scan_planner/cmake/scan_plannerConfig-version.cmake
-- Installing: /home/amov/scan_ws/install/scan_planner/share/scan_planner/package.xml
