[0.022s] Invoking command in '/home/amov/scan_ws/build/scan_planner': CMAKE_PREFIX_PATH=${CMAKE_PREFIX_PATH}:/opt/ros/humble /usr/bin/cmake /home/amov/scan_ws/src/SCAN-Planner-Pure-ROS2-master -DCMAKE_INSTALL_PREFIX=/home/amov/scan_ws/install/scan_planner
[0.191s] -- The C compiler identification is GNU 11.4.0
[0.351s] -- The CXX compiler identification is GNU 11.4.0
[0.372s] -- Detecting C compiler ABI info
[0.512s] -- Detecting C compiler ABI info - done
[0.532s] -- Check for working C compiler: /usr/bin/cc - skipped
[0.533s] -- Detecting C compile features
[0.535s] -- Detecting C compile features - done
[0.548s] -- Detecting CXX compiler ABI info
[0.706s] -- Detecting CXX compiler ABI info - done
[0.723s] -- Check for working CXX compiler: /usr/bin/c++ - skipped
[0.723s] -- Detecting CXX compile features
[0.724s] -- Detecting CXX compile features - done
[0.738s] -- Found ament_cmake: 1.3.14 (/opt/ros/humble/share/ament_cmake/cmake)
[1.040s] -- Found Python3: /usr/bin/python3 (found version "3.10.12") found components: Interpreter 
[1.256s] -- Found rclcpp: 16.0.19 (/opt/ros/humble/share/rclcpp/cmake)
[1.341s] -- Found rosidl_generator_c: 3.1.9 (/opt/ros/humble/share/rosidl_generator_c/cmake)
[1.352s] -- Found rosidl_adapter: 3.1.9 (/opt/ros/humble/share/rosidl_adapter/cmake)
[1.369s] -- Found rosidl_generator_cpp: 3.1.9 (/opt/ros/humble/share/rosidl_generator_cpp/cmake)
[1.391s] -- Using all available rosidl_typesupport_c: rosidl_typesupport_fastrtps_c;rosidl_typesupport_introspection_c
[1.421s] -- Using all available rosidl_typesupport_cpp: rosidl_typesupport_fastrtps_cpp;rosidl_typesupport_introspection_cpp
[1.504s] -- Found rmw_implementation_cmake: 6.1.2 (/opt/ros/humble/share/rmw_implementation_cmake/cmake)
[1.510s] -- Found rmw_fastrtps_cpp: 6.2.10 (/opt/ros/humble/share/rmw_fastrtps_cpp/cmake)
[1.673s] -- Found OpenSSL: /usr/lib/aarch64-linux-gnu/libcrypto.so (found version "3.0.2")  
[1.727s] -- Found FastRTPS: /opt/ros/humble/include  
[1.800s] -- Using RMW implementation 'rmw_fastrtps_cpp' as default
[1.817s] -- Looking for pthread.h
[1.965s] -- Looking for pthread.h - found
[1.966s] -- Performing Test CMAKE_HAVE_LIBC_PTHREAD
[2.129s] -- Performing Test CMAKE_HAVE_LIBC_PTHREAD - Success
[2.132s] -- Found Threads: TRUE  
[2.288s] -- Found nav_msgs: 4.9.1 (/opt/ros/humble/share/nav_msgs/cmake)
[2.345s] -- Found tf2: 0.25.20 (/opt/ros/humble/share/tf2/cmake)
[2.364s] -- Found tf2_ros: 0.25.20 (/opt/ros/humble/share/tf2_ros/cmake)
[2.522s] -- Found sensor_msgs: 4.9.1 (/opt/ros/humble/share/sensor_msgs/cmake)
[2.563s] -- Found Boost: /usr/lib/aarch64-linux-gnu/cmake/Boost-1.74.0/BoostConfig.cmake (found version "1.74.0")  
[2.568s] -- Found visualization_msgs: 4.9.1 (/opt/ros/humble/share/visualization_msgs/cmake)
[2.746s] -- Configuring done
[2.812s] -- Generating done
[2.831s] -- Build files have been written to: /home/amov/scan_ws/build/scan_planner
[2.869s] Invoked command in '/home/amov/scan_ws/build/scan_planner' returned '0': CMAKE_PREFIX_PATH=${CMAKE_PREFIX_PATH}:/opt/ros/humble /usr/bin/cmake /home/amov/scan_ws/src/SCAN-Planner-Pure-ROS2-master -DCMAKE_INSTALL_PREFIX=/home/amov/scan_ws/install/scan_planner
[2.873s] Invoking command in '/home/amov/scan_ws/build/scan_planner': CMAKE_PREFIX_PATH=${CMAKE_PREFIX_PATH}:/opt/ros/humble /usr/bin/cmake --build /home/amov/scan_ws/build/scan_planner -- -j8 -l8
[2.970s] [  8%] Building CXX object planner/plan_env/CMakeFiles/local_map.dir/src/grid_map.cpp.o
[7.985s] [ 16%] Linking CXX static library liblocal_map.a
[8.100s] [ 16%] Built target local_map
[8.145s] [ 25%] Building CXX object planner/path_searching/CMakeFiles/path_searching.dir/src/dyn_a_star.cpp.o
[15.084s] [ 33%] Linking CXX static library libpath_searching.a
[15.208s] [ 33%] Built target path_searching
[15.249s] [ 50%] Building CXX object planner/bspline_opt/CMakeFiles/bspline_opt.dir/src/gradient_descent_optimizer.cpp.o
[15.249s] [ 50%] Building CXX object planner/bspline_opt/CMakeFiles/bspline_opt.dir/src/bspline_optimizer.cpp.o
[15.250s] [ 58%] Building CXX object planner/bspline_opt/CMakeFiles/bspline_opt.dir/src/uniform_bspline.cpp.o
[37.301s] [ 66%] Linking CXX static library libbspline_opt.a
[37.648s] [ 66%] Built target bspline_opt
[37.692s] [ 75%] Building CXX object planner/plan_manage/CMakeFiles/scan_planner.dir/src/planner_interface.cpp.o
[45.491s] [ 83%] Linking CXX static library libscan_planner.a
[45.604s] [ 83%] Built target scan_planner
[45.654s] [ 91%] Building CXX object CMakeFiles/motion_plan.dir/src/trajectory_publisher.cpp.o
[123.419s] [100%] Linking CXX executable motion_plan
[125.220s] [100%] Built target motion_plan
[125.245s] Invoked command in '/home/amov/scan_ws/build/scan_planner' returned '0': CMAKE_PREFIX_PATH=${CMAKE_PREFIX_PATH}:/opt/ros/humble /usr/bin/cmake --build /home/amov/scan_ws/build/scan_planner -- -j8 -l8
[125.269s] Invoking command in '/home/amov/scan_ws/build/scan_planner': CMAKE_PREFIX_PATH=${CMAKE_PREFIX_PATH}:/opt/ros/humble /usr/bin/cmake --install /home/amov/scan_ws/build/scan_planner
[125.283s] -- Install configuration: "Release"
[125.284s] -- Installing: /home/amov/scan_ws/install/scan_planner/lib/scan_planner/motion_plan
[125.382s] -- Set runtime path of "/home/amov/scan_ws/install/scan_planner/lib/scan_planner/motion_plan" to ""
[125.383s] -- Installing: /home/amov/scan_ws/install/scan_planner/share/scan_planner/launch
[125.383s] -- Installing: /home/amov/scan_ws/install/scan_planner/share/scan_planner/launch/scan_planner.launch.py
[125.386s] -- Installing: /home/amov/scan_ws/install/scan_planner/share/scan_planner/rviz/rviz.rviz
[125.387s] -- Installing: /home/amov/scan_ws/install/scan_planner/share/ament_index/resource_index/package_run_dependencies/scan_planner
[125.388s] -- Installing: /home/amov/scan_ws/install/scan_planner/share/ament_index/resource_index/parent_prefix_path/scan_planner
[125.389s] -- Installing: /home/amov/scan_ws/install/scan_planner/share/scan_planner/environment/ament_prefix_path.sh
[125.390s] -- Installing: /home/amov/scan_ws/install/scan_planner/share/scan_planner/environment/ament_prefix_path.dsv
[125.390s] -- Installing: /home/amov/scan_ws/install/scan_planner/share/scan_planner/environment/path.sh
[125.390s] -- Installing: /home/amov/scan_ws/install/scan_planner/share/scan_planner/environment/path.dsv
[125.394s] -- Installing: /home/amov/scan_ws/install/scan_planner/share/scan_planner/local_setup.bash
[125.395s] -- Installing: /home/amov/scan_ws/install/scan_planner/share/scan_planner/local_setup.sh
[125.395s] -- Installing: /home/amov/scan_ws/install/scan_planner/share/scan_planner/local_setup.zsh
[125.396s] -- Installing: /home/amov/scan_ws/install/scan_planner/share/scan_planner/local_setup.dsv
[125.396s] -- Installing: /home/amov/scan_ws/install/scan_planner/share/scan_planner/package.dsv
[125.398s] -- Installing: /home/amov/scan_ws/install/scan_planner/share/ament_index/resource_index/packages/scan_planner
[125.400s] -- Installing: /home/amov/scan_ws/install/scan_planner/share/scan_planner/cmake/scan_plannerConfig.cmake
[125.402s] -- Installing: /home/amov/scan_ws/install/scan_planner/share/scan_planner/cmake/scan_plannerConfig-version.cmake
[125.403s] -- Installing: /home/amov/scan_ws/install/scan_planner/share/scan_planner/package.xml
[125.405s] Invoked command in '/home/amov/scan_ws/build/scan_planner' returned '0': CMAKE_PREFIX_PATH=${CMAKE_PREFIX_PATH}:/opt/ros/humble /usr/bin/cmake --install /home/amov/scan_ws/build/scan_planner
