running egg_info
writing ../../build/scan_cmd_vel_follower/scan_cmd_vel_follower.egg-info/PKG-INFO
writing dependency_links to ../../build/scan_cmd_vel_follower/scan_cmd_vel_follower.egg-info/dependency_links.txt
writing entry points to ../../build/scan_cmd_vel_follower/scan_cmd_vel_follower.egg-info/entry_points.txt
writing requirements to ../../build/scan_cmd_vel_follower/scan_cmd_vel_follower.egg-info/requires.txt
writing top-level names to ../../build/scan_cmd_vel_follower/scan_cmd_vel_follower.egg-info/top_level.txt
reading manifest file '../../build/scan_cmd_vel_follower/scan_cmd_vel_follower.egg-info/SOURCES.txt'
writing manifest file '../../build/scan_cmd_vel_follower/scan_cmd_vel_follower.egg-info/SOURCES.txt'
running build
running build_py
running install
running install_lib
running install_data
copying launch/scan_cmd_vel_follower.launch.py -> /home/amov/scan_ws/install/scan_cmd_vel_follower/share/scan_cmd_vel_follower/launch
running install_egg_info
removing '/home/amov/scan_ws/install/scan_cmd_vel_follower/lib/python3.10/site-packages/scan_cmd_vel_follower-0.1.0-py3.10.egg-info' (and everything under it)
Copying ../../build/scan_cmd_vel_follower/scan_cmd_vel_follower.egg-info to /home/amov/scan_ws/install/scan_cmd_vel_follower/lib/python3.10/site-packages/scan_cmd_vel_follower-0.1.0-py3.10.egg-info
running install_scripts
Installing scan_cmd_vel_follower script to /home/amov/scan_ws/install/scan_cmd_vel_follower/lib/scan_cmd_vel_follower
writing list of installed files to '/home/amov/scan_ws/build/scan_cmd_vel_follower/install.log'
