[0.188s] DEBUG:colcon:Command line arguments: ['/usr/bin/colcon', 'build', '--packages-select', 'scan_cmd_vel_follower', 'scan_planner']
[0.188s] DEBUG:colcon:Parsed command line arguments: Namespace(log_base=None, log_level=None, verb_name='build', build_base='build', install_base='install', merge_install=False, symlink_install=False, test_result_base=None, continue_on_error=False, executor='parallel', parallel_workers=8, event_handlers=None, ignore_user_meta=False, metas=['./colcon.meta'], base_paths=['.'], packages_ignore=None, packages_ignore_regex=None, paths=None, packages_up_to=None, packages_up_to_regex=None, packages_above=None, packages_above_and_dependencies=None, packages_above_depth=None, packages_select_by_dep=None, packages_skip_by_dep=None, packages_skip_up_to=None, packages_select_build_failed=False, packages_skip_build_finished=False, packages_select_test_failures=False, packages_skip_test_passed=False, packages_select=['scan_cmd_vel_follower', 'scan_planner'], packages_skip=None, packages_select_regex=None, packages_skip_regex=None, packages_start=None, packages_end=None, allow_overriding=[], cmake_args=None, cmake_target=None, cmake_target_skip_unavailable=False, cmake_clean_cache=False, cmake_clean_first=False, cmake_force_configure=False, ament_cmake_args=None, catkin_cmake_args=None, catkin_skip_building_tests=False, verb_parser=<colcon_defaults.argument_parser.defaults.DefaultArgumentsDecorator object at 0xffff8de14d00>, verb_extension=<colcon_core.verb.build.BuildVerb object at 0xffff8de14940>, main=<bound method BuildVerb.main of <colcon_core.verb.build.BuildVerb object at 0xffff8de14940>>)
[0.463s] Level 1:colcon.colcon_core.package_discovery:discover_packages(colcon_meta) check parameters
[0.463s] Level 1:colcon.colcon_core.package_discovery:discover_packages(recursive) check parameters
[0.463s] Level 1:colcon.colcon_core.package_discovery:discover_packages(ignore) check parameters
[0.463s] Level 1:colcon.colcon_core.package_discovery:discover_packages(path) check parameters
[0.463s] Level 1:colcon.colcon_core.package_discovery:discover_packages(colcon_meta) discover
[0.463s] Level 1:colcon.colcon_core.package_discovery:discover_packages(recursive) discover
[0.464s] INFO:colcon.colcon_core.package_discovery:Crawling recursively for packages in '/home/amov/scan_ws'
[0.464s] Level 1:colcon.colcon_core.package_identification:_identify(.) by extensions ['ignore', 'ignore_ament_install']
[0.464s] Level 1:colcon.colcon_core.package_identification:_identify(.) by extension 'ignore'
[0.464s] Level 1:colcon.colcon_core.package_identification:_identify(.) by extension 'ignore_ament_install'
[0.464s] Level 1:colcon.colcon_core.package_identification:_identify(.) by extensions ['colcon_pkg']
[0.464s] Level 1:colcon.colcon_core.package_identification:_identify(.) by extension 'colcon_pkg'
[0.464s] Level 1:colcon.colcon_core.package_identification:_identify(.) by extensions ['colcon_meta']
[0.464s] Level 1:colcon.colcon_core.package_identification:_identify(.) by extension 'colcon_meta'
[0.464s] Level 1:colcon.colcon_core.package_identification:_identify(.) by extensions ['ros']
[0.465s] Level 1:colcon.colcon_core.package_identification:_identify(.) by extension 'ros'
[0.485s] Level 1:colcon.colcon_core.package_identification:_identify(.) by extensions ['cmake', 'python']
[0.485s] Level 1:colcon.colcon_core.package_identification:_identify(.) by extension 'cmake'
[0.485s] Level 1:colcon.colcon_core.package_identification:_identify(.) by extension 'python'
[0.485s] Level 1:colcon.colcon_core.package_identification:_identify(.) by extensions ['python_setup_py']
[0.485s] Level 1:colcon.colcon_core.package_identification:_identify(.) by extension 'python_setup_py'
[0.485s] Level 1:colcon.colcon_core.package_identification:_identify(build) by extensions ['ignore', 'ignore_ament_install']
[0.486s] Level 1:colcon.colcon_core.package_identification:_identify(build) by extension 'ignore'
[0.486s] Level 1:colcon.colcon_core.package_identification:_identify(build) ignored
[0.486s] Level 1:colcon.colcon_core.package_identification:_identify(install) by extensions ['ignore', 'ignore_ament_install']
[0.486s] Level 1:colcon.colcon_core.package_identification:_identify(install) by extension 'ignore'
[0.486s] Level 1:colcon.colcon_core.package_identification:_identify(install) ignored
[0.486s] Level 1:colcon.colcon_core.package_identification:_identify(log) by extensions ['ignore', 'ignore_ament_install']
[0.487s] Level 1:colcon.colcon_core.package_identification:_identify(log) by extension 'ignore'
[0.487s] Level 1:colcon.colcon_core.package_identification:_identify(log) ignored
[0.487s] Level 1:colcon.colcon_core.package_identification:_identify(src) by extensions ['ignore', 'ignore_ament_install']
[0.487s] Level 1:colcon.colcon_core.package_identification:_identify(src) by extension 'ignore'
[0.487s] Level 1:colcon.colcon_core.package_identification:_identify(src) by extension 'ignore_ament_install'
[0.487s] Level 1:colcon.colcon_core.package_identification:_identify(src) by extensions ['colcon_pkg']
[0.487s] Level 1:colcon.colcon_core.package_identification:_identify(src) by extension 'colcon_pkg'
[0.487s] Level 1:colcon.colcon_core.package_identification:_identify(src) by extensions ['colcon_meta']
[0.487s] Level 1:colcon.colcon_core.package_identification:_identify(src) by extension 'colcon_meta'
[0.487s] Level 1:colcon.colcon_core.package_identification:_identify(src) by extensions ['ros']
[0.487s] Level 1:colcon.colcon_core.package_identification:_identify(src) by extension 'ros'
[0.488s] Level 1:colcon.colcon_core.package_identification:_identify(src) by extensions ['cmake', 'python']
[0.488s] Level 1:colcon.colcon_core.package_identification:_identify(src) by extension 'cmake'
[0.488s] Level 1:colcon.colcon_core.package_identification:_identify(src) by extension 'python'
[0.488s] Level 1:colcon.colcon_core.package_identification:_identify(src) by extensions ['python_setup_py']
[0.488s] Level 1:colcon.colcon_core.package_identification:_identify(src) by extension 'python_setup_py'
[0.488s] Level 1:colcon.colcon_core.package_identification:_identify(src/SCAN-Planner-Pure-ROS2-master) by extensions ['ignore', 'ignore_ament_install']
[0.488s] Level 1:colcon.colcon_core.package_identification:_identify(src/SCAN-Planner-Pure-ROS2-master) by extension 'ignore'
[0.488s] Level 1:colcon.colcon_core.package_identification:_identify(src/SCAN-Planner-Pure-ROS2-master) by extension 'ignore_ament_install'
[0.488s] Level 1:colcon.colcon_core.package_identification:_identify(src/SCAN-Planner-Pure-ROS2-master) by extensions ['colcon_pkg']
[0.488s] Level 1:colcon.colcon_core.package_identification:_identify(src/SCAN-Planner-Pure-ROS2-master) by extension 'colcon_pkg'
[0.489s] Level 1:colcon.colcon_core.package_identification:_identify(src/SCAN-Planner-Pure-ROS2-master) by extensions ['colcon_meta']
[0.489s] Level 1:colcon.colcon_core.package_identification:_identify(src/SCAN-Planner-Pure-ROS2-master) by extension 'colcon_meta'
[0.489s] Level 1:colcon.colcon_core.package_identification:_identify(src/SCAN-Planner-Pure-ROS2-master) by extensions ['ros']
[0.489s] Level 1:colcon.colcon_core.package_identification:_identify(src/SCAN-Planner-Pure-ROS2-master) by extension 'ros'
[0.494s] DEBUG:colcon.colcon_core.package_identification:Package 'src/SCAN-Planner-Pure-ROS2-master' with type 'ros.ament_cmake' and name 'scan_planner'
[0.494s] Level 1:colcon.colcon_core.package_identification:_identify(src/scan_cmd_vel_follower) by extensions ['ignore', 'ignore_ament_install']
[0.495s] Level 1:colcon.colcon_core.package_identification:_identify(src/scan_cmd_vel_follower) by extension 'ignore'
[0.495s] Level 1:colcon.colcon_core.package_identification:_identify(src/scan_cmd_vel_follower) by extension 'ignore_ament_install'
[0.495s] Level 1:colcon.colcon_core.package_identification:_identify(src/scan_cmd_vel_follower) by extensions ['colcon_pkg']
[0.495s] Level 1:colcon.colcon_core.package_identification:_identify(src/scan_cmd_vel_follower) by extension 'colcon_pkg'
[0.495s] Level 1:colcon.colcon_core.package_identification:_identify(src/scan_cmd_vel_follower) by extensions ['colcon_meta']
[0.495s] Level 1:colcon.colcon_core.package_identification:_identify(src/scan_cmd_vel_follower) by extension 'colcon_meta'
[0.495s] Level 1:colcon.colcon_core.package_identification:_identify(src/scan_cmd_vel_follower) by extensions ['ros']
[0.495s] Level 1:colcon.colcon_core.package_identification:_identify(src/scan_cmd_vel_follower) by extension 'ros'
[0.497s] DEBUG:colcon.colcon_core.package_identification:Package 'src/scan_cmd_vel_follower' with type 'ros.ament_python' and name 'scan_cmd_vel_follower'
[0.497s] Level 1:colcon.colcon_core.package_discovery:discover_packages(recursive) using defaults
[0.497s] Level 1:colcon.colcon_core.package_discovery:discover_packages(ignore) discover
[0.497s] Level 1:colcon.colcon_core.package_discovery:discover_packages(ignore) using defaults
[0.497s] Level 1:colcon.colcon_core.package_discovery:discover_packages(path) discover
[0.497s] Level 1:colcon.colcon_core.package_discovery:discover_packages(path) using defaults
[0.532s] Level 1:colcon.colcon_core.package_discovery:discover_packages(prefix_path) check parameters
[0.532s] Level 1:colcon.colcon_core.package_discovery:discover_packages(prefix_path) discover
[0.536s] DEBUG:colcon.colcon_installed_package_information.package_discovery:Found 5 installed packages in /home/amov/navigation/install
[0.537s] DEBUG:colcon.colcon_installed_package_information.package_discovery:Found 1 installed packages in /home/amov/navigation/livox_install
[0.539s] DEBUG:colcon.colcon_installed_package_information.package_discovery:Found 274 installed packages in /opt/ros/humble
[0.570s] Level 1:colcon.colcon_core.package_discovery:discover_packages(prefix_path) using defaults
[0.634s] Level 5:colcon.colcon_core.verb:set package 'scan_cmd_vel_follower' build argument 'cmake_args' from command line to 'None'
[0.634s] Level 5:colcon.colcon_core.verb:set package 'scan_cmd_vel_follower' build argument 'cmake_target' from command line to 'None'
[0.634s] Level 5:colcon.colcon_core.verb:set package 'scan_cmd_vel_follower' build argument 'cmake_target_skip_unavailable' from command line to 'False'
[0.634s] Level 5:colcon.colcon_core.verb:set package 'scan_cmd_vel_follower' build argument 'cmake_clean_cache' from command line to 'False'
[0.634s] Level 5:colcon.colcon_core.verb:set package 'scan_cmd_vel_follower' build argument 'cmake_clean_first' from command line to 'False'
[0.635s] Level 5:colcon.colcon_core.verb:set package 'scan_cmd_vel_follower' build argument 'cmake_force_configure' from command line to 'False'
[0.635s] Level 5:colcon.colcon_core.verb:set package 'scan_cmd_vel_follower' build argument 'ament_cmake_args' from command line to 'None'
[0.635s] Level 5:colcon.colcon_core.verb:set package 'scan_cmd_vel_follower' build argument 'catkin_cmake_args' from command line to 'None'
[0.635s] Level 5:colcon.colcon_core.verb:set package 'scan_cmd_vel_follower' build argument 'catkin_skip_building_tests' from command line to 'False'
[0.635s] DEBUG:colcon.colcon_core.verb:Building package 'scan_cmd_vel_follower' with the following arguments: {'ament_cmake_args': None, 'build_base': '/home/amov/scan_ws/build/scan_cmd_vel_follower', 'catkin_cmake_args': None, 'catkin_skip_building_tests': False, 'cmake_args': None, 'cmake_clean_cache': False, 'cmake_clean_first': False, 'cmake_force_configure': False, 'cmake_target': None, 'cmake_target_skip_unavailable': False, 'install_base': '/home/amov/scan_ws/install/scan_cmd_vel_follower', 'merge_install': False, 'path': '/home/amov/scan_ws/src/scan_cmd_vel_follower', 'symlink_install': False, 'test_result_base': None}
[0.635s] Level 5:colcon.colcon_core.verb:set package 'scan_planner' build argument 'cmake_args' from command line to 'None'
[0.635s] Level 5:colcon.colcon_core.verb:set package 'scan_planner' build argument 'cmake_target' from command line to 'None'
[0.635s] Level 5:colcon.colcon_core.verb:set package 'scan_planner' build argument 'cmake_target_skip_unavailable' from command line to 'False'
[0.635s] Level 5:colcon.colcon_core.verb:set package 'scan_planner' build argument 'cmake_clean_cache' from command line to 'False'
[0.636s] Level 5:colcon.colcon_core.verb:set package 'scan_planner' build argument 'cmake_clean_first' from command line to 'False'
[0.636s] Level 5:colcon.colcon_core.verb:set package 'scan_planner' build argument 'cmake_force_configure' from command line to 'False'
[0.636s] Level 5:colcon.colcon_core.verb:set package 'scan_planner' build argument 'ament_cmake_args' from command line to 'None'
[0.636s] Level 5:colcon.colcon_core.verb:set package 'scan_planner' build argument 'catkin_cmake_args' from command line to 'None'
[0.636s] Level 5:colcon.colcon_core.verb:set package 'scan_planner' build argument 'catkin_skip_building_tests' from command line to 'False'
[0.636s] DEBUG:colcon.colcon_core.verb:Building package 'scan_planner' with the following arguments: {'ament_cmake_args': None, 'build_base': '/home/amov/scan_ws/build/scan_planner', 'catkin_cmake_args': None, 'catkin_skip_building_tests': False, 'cmake_args': None, 'cmake_clean_cache': False, 'cmake_clean_first': False, 'cmake_force_configure': False, 'cmake_target': None, 'cmake_target_skip_unavailable': False, 'install_base': '/home/amov/scan_ws/install/scan_planner', 'merge_install': False, 'path': '/home/amov/scan_ws/src/SCAN-Planner-Pure-ROS2-master', 'symlink_install': False, 'test_result_base': None}
[0.636s] INFO:colcon.colcon_core.executor:Executing jobs using 'parallel' executor
[0.638s] DEBUG:colcon.colcon_parallel_executor.executor.parallel:run_until_complete
[0.639s] INFO:colcon.colcon_ros.task.ament_python.build:Building ROS package in '/home/amov/scan_ws/src/scan_cmd_vel_follower' with build type 'ament_python'
[0.639s] Level 1:colcon.colcon_core.shell:create_environment_hook('scan_cmd_vel_follower', 'ament_prefix_path')
[0.643s] INFO:colcon.colcon_core.plugin_system:Skipping extension 'colcon_core.shell.bat': Not used on non-Windows systems
[0.643s] INFO:colcon.colcon_core.shell:Creating environment hook '/home/amov/scan_ws/install/scan_cmd_vel_follower/share/scan_cmd_vel_follower/hook/ament_prefix_path.ps1'
[0.645s] INFO:colcon.colcon_core.shell:Creating environment descriptor '/home/amov/scan_ws/install/scan_cmd_vel_follower/share/scan_cmd_vel_follower/hook/ament_prefix_path.dsv'
[0.646s] INFO:colcon.colcon_core.shell:Creating environment hook '/home/amov/scan_ws/install/scan_cmd_vel_follower/share/scan_cmd_vel_follower/hook/ament_prefix_path.sh'
[0.647s] INFO:colcon.colcon_core.shell:Skip shell extension 'powershell' for command environment: Not usable outside of PowerShell
[0.647s] DEBUG:colcon.colcon_core.shell:Skip shell extension 'dsv' for command environment
[0.653s] INFO:colcon.colcon_ros.task.ament_cmake.build:Building ROS package in '/home/amov/scan_ws/src/SCAN-Planner-Pure-ROS2-master' with build type 'ament_cmake'
[0.654s] INFO:colcon.colcon_cmake.task.cmake.build:Building CMake package in '/home/amov/scan_ws/src/SCAN-Planner-Pure-ROS2-master'
[0.654s] INFO:colcon.colcon_core.shell:Skip shell extension 'powershell' for command environment: Not usable outside of PowerShell
[0.654s] DEBUG:colcon.colcon_core.shell:Skip shell extension 'dsv' for command environment
[1.100s] INFO:colcon.colcon_core.task.python.build:Building Python package in '/home/amov/scan_ws/src/scan_cmd_vel_follower'
[1.101s] INFO:colcon.colcon_core.shell:Skip shell extension 'powershell' for command environment: Not usable outside of PowerShell
[1.101s] DEBUG:colcon.colcon_core.shell:Skip shell extension 'dsv' for command environment
[1.120s] DEBUG:colcon.colcon_core.event_handler.log_command:Invoking command in '/home/amov/scan_ws/build/scan_planner': CMAKE_PREFIX_PATH=${CMAKE_PREFIX_PATH}:/opt/ros/humble /usr/bin/cmake --build /home/amov/scan_ws/build/scan_planner -- -j8 -l8
[1.700s] DEBUG:colcon.colcon_core.task.python.build:Available setuptools commands: install_egg_info, test, rotate, build_clib, bdist, symlink_data, bdist_egg, upload, egg_info, build_scripts, sdist, clean, easy_install, upload_docs, bdist_dumb, alias, build, check, install_scripts, develop, register, install, saveopts, setopt, dist_info, build_ext, build_py, install_lib, bdist_rpm, install_data, install_headers
[1.705s] DEBUG:colcon.colcon_core.event_handler.log_command:Invoking command in '/home/amov/scan_ws/src/scan_cmd_vel_follower': PYTHONPATH=/home/amov/scan_ws/build/scan_cmd_vel_follower/prefix_override:/usr/lib/python3/dist-packages/colcon_core/task/python/colcon_distutils_commands:/home/amov/scan_ws/install/scan_cmd_vel_follower/lib/python3.10/site-packages:${PYTHONPATH} /usr/bin/python3 -W ignore:setup.py install is deprecated -W ignore:easy_install command is deprecated setup.py egg_info --egg-base ../../build/scan_cmd_vel_follower build --build-base /home/amov/scan_ws/build/scan_cmd_vel_follower/build install --record /home/amov/scan_ws/build/scan_cmd_vel_follower/install.log --install-scripts $base/lib/scan_cmd_vel_follower --single-version-externally-managed install_data
[2.319s] DEBUG:colcon.colcon_core.event_handler.log_command:Invoked command in '/home/amov/scan_ws/src/scan_cmd_vel_follower' returned '0': PYTHONPATH=/home/amov/scan_ws/build/scan_cmd_vel_follower/prefix_override:/usr/lib/python3/dist-packages/colcon_core/task/python/colcon_distutils_commands:/home/amov/scan_ws/install/scan_cmd_vel_follower/lib/python3.10/site-packages:${PYTHONPATH} /usr/bin/python3 -W ignore:setup.py install is deprecated -W ignore:easy_install command is deprecated setup.py egg_info --egg-base ../../build/scan_cmd_vel_follower build --build-base /home/amov/scan_ws/build/scan_cmd_vel_follower/build install --record /home/amov/scan_ws/build/scan_cmd_vel_follower/install.log --install-scripts $base/lib/scan_cmd_vel_follower --single-version-externally-managed install_data
[2.325s] Level 1:colcon.colcon_core.environment:checking '/home/amov/scan_ws/install/scan_cmd_vel_follower' for CMake module files
[2.326s] Level 1:colcon.colcon_core.environment:checking '/home/amov/scan_ws/install/scan_cmd_vel_follower' for CMake config files
[2.328s] Level 1:colcon.colcon_core.environment:checking '/home/amov/scan_ws/install/scan_cmd_vel_follower/lib'
[2.329s] Level 1:colcon.colcon_core.environment:checking '/home/amov/scan_ws/install/scan_cmd_vel_follower/bin'
[2.329s] Level 1:colcon.colcon_core.environment:checking '/home/amov/scan_ws/install/scan_cmd_vel_follower/lib/pkgconfig/scan_cmd_vel_follower.pc'
[2.329s] Level 1:colcon.colcon_core.environment:checking '/home/amov/scan_ws/install/scan_cmd_vel_follower/lib/python3.10/site-packages'
[2.329s] Level 1:colcon.colcon_core.shell:create_environment_hook('scan_cmd_vel_follower', 'pythonpath')
[2.330s] INFO:colcon.colcon_core.shell:Creating environment hook '/home/amov/scan_ws/install/scan_cmd_vel_follower/share/scan_cmd_vel_follower/hook/pythonpath.ps1'
[2.332s] INFO:colcon.colcon_core.shell:Creating environment descriptor '/home/amov/scan_ws/install/scan_cmd_vel_follower/share/scan_cmd_vel_follower/hook/pythonpath.dsv'
[2.333s] INFO:colcon.colcon_core.shell:Creating environment hook '/home/amov/scan_ws/install/scan_cmd_vel_follower/share/scan_cmd_vel_follower/hook/pythonpath.sh'
[2.334s] Level 1:colcon.colcon_core.environment:checking '/home/amov/scan_ws/install/scan_cmd_vel_follower/bin'
[2.334s] Level 1:colcon.colcon_core.environment:create_environment_scripts_only(scan_cmd_vel_follower)
[2.335s] INFO:colcon.colcon_core.shell:Creating package script '/home/amov/scan_ws/install/scan_cmd_vel_follower/share/scan_cmd_vel_follower/package.ps1'
[2.338s] INFO:colcon.colcon_core.shell:Creating package descriptor '/home/amov/scan_ws/install/scan_cmd_vel_follower/share/scan_cmd_vel_follower/package.dsv'
[2.340s] INFO:colcon.colcon_core.shell:Creating package script '/home/amov/scan_ws/install/scan_cmd_vel_follower/share/scan_cmd_vel_follower/package.sh'
[2.341s] INFO:colcon.colcon_core.shell:Creating package script '/home/amov/scan_ws/install/scan_cmd_vel_follower/share/scan_cmd_vel_follower/package.bash'
[2.343s] INFO:colcon.colcon_core.shell:Creating package script '/home/amov/scan_ws/install/scan_cmd_vel_follower/share/scan_cmd_vel_follower/package.zsh'
[2.344s] Level 1:colcon.colcon_core.environment:create_file_with_runtime_dependencies(/home/amov/scan_ws/install/scan_cmd_vel_follower/share/colcon-core/packages/scan_cmd_vel_follower)
[155.677s] DEBUG:colcon.colcon_core.event_handler.log_command:Invoked command in '/home/amov/scan_ws/build/scan_planner' returned '0': CMAKE_PREFIX_PATH=${CMAKE_PREFIX_PATH}:/opt/ros/humble /usr/bin/cmake --build /home/amov/scan_ws/build/scan_planner -- -j8 -l8
[155.701s] DEBUG:colcon.colcon_core.event_handler.log_command:Invoking command in '/home/amov/scan_ws/build/scan_planner': CMAKE_PREFIX_PATH=${CMAKE_PREFIX_PATH}:/opt/ros/humble /usr/bin/cmake --install /home/amov/scan_ws/build/scan_planner
[155.742s] Level 1:colcon.colcon_core.environment:create_environment_scripts_only(scan_planner)
[155.743s] Level 1:colcon.colcon_core.environment:checking '/home/amov/scan_ws/install/scan_planner' for CMake module files
[155.745s] DEBUG:colcon.colcon_core.event_handler.log_command:Invoked command in '/home/amov/scan_ws/build/scan_planner' returned '0': CMAKE_PREFIX_PATH=${CMAKE_PREFIX_PATH}:/opt/ros/humble /usr/bin/cmake --install /home/amov/scan_ws/build/scan_planner
[155.746s] Level 1:colcon.colcon_core.environment:checking '/home/amov/scan_ws/install/scan_planner' for CMake config files
[155.748s] Level 1:colcon.colcon_core.shell:create_environment_hook('scan_planner', 'cmake_prefix_path')
[155.749s] INFO:colcon.colcon_core.shell:Creating environment hook '/home/amov/scan_ws/install/scan_planner/share/scan_planner/hook/cmake_prefix_path.ps1'
[155.750s] INFO:colcon.colcon_core.shell:Creating environment descriptor '/home/amov/scan_ws/install/scan_planner/share/scan_planner/hook/cmake_prefix_path.dsv'
[155.751s] INFO:colcon.colcon_core.shell:Creating environment hook '/home/amov/scan_ws/install/scan_planner/share/scan_planner/hook/cmake_prefix_path.sh'
[155.753s] Level 1:colcon.colcon_core.environment:checking '/home/amov/scan_ws/install/scan_planner/lib'
[155.753s] Level 1:colcon.colcon_core.environment:checking '/home/amov/scan_ws/install/scan_planner/bin'
[155.753s] Level 1:colcon.colcon_core.environment:checking '/home/amov/scan_ws/install/scan_planner/lib/pkgconfig/scan_planner.pc'
[155.754s] Level 1:colcon.colcon_core.environment:checking '/home/amov/scan_ws/install/scan_planner/lib/python3.10/site-packages'
[155.755s] Level 1:colcon.colcon_core.environment:checking '/home/amov/scan_ws/install/scan_planner/bin'
[155.757s] INFO:colcon.colcon_core.shell:Creating package script '/home/amov/scan_ws/install/scan_planner/share/scan_planner/package.ps1'
[155.759s] INFO:colcon.colcon_core.shell:Creating package descriptor '/home/amov/scan_ws/install/scan_planner/share/scan_planner/package.dsv'
[155.760s] INFO:colcon.colcon_core.shell:Creating package script '/home/amov/scan_ws/install/scan_planner/share/scan_planner/package.sh'
[155.760s] INFO:colcon.colcon_core.shell:Creating package script '/home/amov/scan_ws/install/scan_planner/share/scan_planner/package.bash'
[155.762s] INFO:colcon.colcon_core.shell:Creating package script '/home/amov/scan_ws/install/scan_planner/share/scan_planner/package.zsh'
[155.763s] Level 1:colcon.colcon_core.environment:create_file_with_runtime_dependencies(/home/amov/scan_ws/install/scan_planner/share/colcon-core/packages/scan_planner)
[155.765s] Level 1:colcon.colcon_core.environment:create_environment_scripts_only(scan_planner)
[155.766s] Level 1:colcon.colcon_core.environment:checking '/home/amov/scan_ws/install/scan_planner' for CMake module files
[155.768s] Level 1:colcon.colcon_core.environment:checking '/home/amov/scan_ws/install/scan_planner' for CMake config files
[155.768s] Level 1:colcon.colcon_core.shell:create_environment_hook('scan_planner', 'cmake_prefix_path')
[155.769s] INFO:colcon.colcon_core.shell:Creating environment hook '/home/amov/scan_ws/install/scan_planner/share/scan_planner/hook/cmake_prefix_path.ps1'
[155.770s] INFO:colcon.colcon_core.shell:Creating environment descriptor '/home/amov/scan_ws/install/scan_planner/share/scan_planner/hook/cmake_prefix_path.dsv'
[155.771s] INFO:colcon.colcon_core.shell:Creating environment hook '/home/amov/scan_ws/install/scan_planner/share/scan_planner/hook/cmake_prefix_path.sh'
[155.772s] Level 1:colcon.colcon_core.environment:checking '/home/amov/scan_ws/install/scan_planner/lib'
[155.773s] Level 1:colcon.colcon_core.environment:checking '/home/amov/scan_ws/install/scan_planner/bin'
[155.773s] Level 1:colcon.colcon_core.environment:checking '/home/amov/scan_ws/install/scan_planner/lib/pkgconfig/scan_planner.pc'
[155.773s] Level 1:colcon.colcon_core.environment:checking '/home/amov/scan_ws/install/scan_planner/lib/python3.10/site-packages'
[155.774s] Level 1:colcon.colcon_core.environment:checking '/home/amov/scan_ws/install/scan_planner/bin'
[155.775s] INFO:colcon.colcon_core.shell:Creating package script '/home/amov/scan_ws/install/scan_planner/share/scan_planner/package.ps1'
[155.777s] INFO:colcon.colcon_core.shell:Creating package descriptor '/home/amov/scan_ws/install/scan_planner/share/scan_planner/package.dsv'
[155.778s] INFO:colcon.colcon_core.shell:Creating package script '/home/amov/scan_ws/install/scan_planner/share/scan_planner/package.sh'
[155.779s] INFO:colcon.colcon_core.shell:Creating package script '/home/amov/scan_ws/install/scan_planner/share/scan_planner/package.bash'
[155.780s] INFO:colcon.colcon_core.shell:Creating package script '/home/amov/scan_ws/install/scan_planner/share/scan_planner/package.zsh'
[155.781s] Level 1:colcon.colcon_core.environment:create_file_with_runtime_dependencies(/home/amov/scan_ws/install/scan_planner/share/colcon-core/packages/scan_planner)
[155.782s] DEBUG:colcon.colcon_parallel_executor.executor.parallel:closing loop
[155.782s] DEBUG:colcon.colcon_parallel_executor.executor.parallel:loop closed
[155.783s] DEBUG:colcon.colcon_parallel_executor.executor.parallel:run_until_complete finished with '0'
[155.783s] DEBUG:colcon.colcon_core.event_reactor:joining thread
[155.796s] INFO:colcon.colcon_core.plugin_system:Skipping extension 'colcon_notification.desktop_notification.terminal_notifier': Not used on non-Darwin systems
[155.796s] INFO:colcon.colcon_core.plugin_system:Skipping extension 'colcon_notification.desktop_notification.win32': Not used on non-Windows systems
[155.796s] INFO:colcon.colcon_notification.desktop_notification:Sending desktop notification using 'notify2'
[155.797s] DEBUG:colcon.colcon_notification.desktop_notification.notify2:Failed to initialize notify2: org.freedesktop.DBus.Error.AccessDenied: Failed to connect to socket /run/user/1000/bus: Operation not permitted
[155.797s] DEBUG:colcon.colcon_core.event_reactor:joined thread
[155.798s] INFO:colcon.colcon_core.shell:Creating prefix script '/home/amov/scan_ws/install/local_setup.ps1'
[155.801s] INFO:colcon.colcon_core.shell:Creating prefix util module '/home/amov/scan_ws/install/_local_setup_util_ps1.py'
[155.803s] INFO:colcon.colcon_core.shell:Creating prefix chain script '/home/amov/scan_ws/install/setup.ps1'
[155.806s] INFO:colcon.colcon_core.shell:Creating prefix script '/home/amov/scan_ws/install/local_setup.sh'
[155.807s] INFO:colcon.colcon_core.shell:Creating prefix util module '/home/amov/scan_ws/install/_local_setup_util_sh.py'
[155.809s] INFO:colcon.colcon_core.shell:Creating prefix chain script '/home/amov/scan_ws/install/setup.sh'
[155.811s] INFO:colcon.colcon_core.shell:Creating prefix script '/home/amov/scan_ws/install/local_setup.bash'
[155.812s] INFO:colcon.colcon_core.shell:Creating prefix chain script '/home/amov/scan_ws/install/setup.bash'
[155.815s] INFO:colcon.colcon_core.shell:Creating prefix script '/home/amov/scan_ws/install/local_setup.zsh'
[155.817s] INFO:colcon.colcon_core.shell:Creating prefix chain script '/home/amov/scan_ws/install/setup.zsh'
