[0.020s] Invoking command in '/home/amov/livox_ws/build/livox_ros_driver2': CMAKE_PREFIX_PATH=${CMAKE_PREFIX_PATH}:/opt/ros/humble /usr/bin/cmake /home/amov/livox_ws/src/livox_ros_driver2 -DCMAKE_INSTALL_PREFIX=/home/amov/livox_ws/install/livox_ros_driver2
[0.046s] -- livox_ros_driver2 version: 1.2.6
[0.046s] -- Found ament_cmake_auto: 1.3.14 (/opt/ros/humble/share/ament_cmake_auto/cmake)
[0.293s] -- Override CMake install command with custom implementation using symlinks instead of copying resources
[0.454s] -- Using all available rosidl_typesupport_c: rosidl_typesupport_fastrtps_c;rosidl_typesupport_introspection_c
[0.463s] -- Found rosidl_adapter: 3.1.9 (/opt/ros/humble/share/rosidl_adapter/cmake)
[0.528s] -- Using all available rosidl_typesupport_cpp: rosidl_typesupport_fastrtps_cpp;rosidl_typesupport_introspection_cpp
[0.638s] -- Found rmw_implementation_cmake: 6.1.2 (/opt/ros/humble/share/rmw_implementation_cmake/cmake)
[0.639s] -- Found rmw_fastrtps_cpp: 6.2.10 (/opt/ros/humble/share/rmw_fastrtps_cpp/cmake)
[0.800s] -- Using RMW implementation 'rmw_fastrtps_cpp' as default
[1.011s] -- Eigen found (include: /usr/include/eigen3, version: 3.4.0)
[1.062s] -- FLANN found (include: /usr/include, lib: /usr/lib/aarch64-linux-gnu/libflann_cpp.so)
[1.665s] -- OpenNI found (version: 1.5.4.0, include: /usr/include/ni, lib: /usr/lib/libOpenNI.so;libusb::libusb)
[1.676s] -- OpenNI2 found (version: 2.2.0.33, include: /usr/include/openni2, lib: /usr/lib/aarch64-linux-gnu/libOpenNI2.so;libusb::libusb)
[1.921s] -- Eigen found (include: /usr/include/eigen3, version: 3.4.0)
[1.931s] -- OpenNI found (version: 1.5.4.0, include: /usr/include/ni, lib: /usr/lib/libOpenNI.so;libusb::libusb)
[1.942s] -- OpenNI2 found (version: 2.2.0.33, include: /usr/include/openni2, lib: /usr/lib/aarch64-linux-gnu/libOpenNI2.so;libusb::libusb)
[2.174s] -- Found Qhull version 8.0.2
[2.420s] -- OpenNI found (version: 1.5.4.0, include: /usr/include/ni, lib: /usr/lib/libOpenNI.so;libusb::libusb)
[2.746s] /usr/include/apr-1.0
[2.747s] apr-1
[3.246s] -- Found ament_cmake_ros: 0.10.0 (/opt/ros/humble/share/ament_cmake_ros/cmake)
[3.781s] -- Using all available rosidl_typesupport_c: rosidl_typesupport_fastrtps_c;rosidl_typesupport_introspection_c
[4.492s] -- Using all available rosidl_typesupport_cpp: rosidl_typesupport_fastrtps_cpp;rosidl_typesupport_introspection_cpp
[4.554s] -- Found python_cmake_module: 0.10.0 (/opt/ros/humble/share/python_cmake_module/cmake)
[4.608s] -- Using PYTHON_EXECUTABLE: /usr/bin/python3
[4.608s] -- Using PYTHON_INCLUDE_DIRS: /usr/include/python3.10
[4.608s] -- Using PYTHON_LIBRARIES: /usr/lib/aarch64-linux-gnu/libpython3.10.so
[4.871s] -- Found ament_lint_auto: 0.12.15 (/opt/ros/humble/share/ament_lint_auto/cmake)
[4.904s] -- Added test 'copyright' to check source files copyright and LICENSE
[4.913s] -- Added test 'cppcheck' to perform static code analysis on C / C++ code
[4.915s] -- Configured cppcheck include dirs: /home/amov/livox_ws/src/livox_ros_driver2/3rdparty;/home/amov/livox_ws/src/livox_ros_driver2/src
[4.915s] -- Configured cppcheck exclude dirs and/or files: 
[4.924s] -- Added test 'cpplint' to check C / C++ code against the Google style
[4.924s] -- Configured cpplint exclude dirs and/or files: 
[4.925s] -- Added test 'flake8' to check Python code syntax and style conventions
[4.929s] -- Added test 'lint_cmake' to check CMake code style
[4.931s] -- Added test 'pep257' to check Python code against some of the docstring style conventions in PEP 257
[4.939s] -- Added test 'uncrustify' to check C / C++ code style
[4.939s] -- Configured uncrustify additional arguments: 
[4.941s] -- Added test 'xmllint' to check XML markup files
[4.948s] -- Configuring done
[5.104s] -- Generating done
[5.143s] -- Build files have been written to: /home/amov/livox_ws/build/livox_ros_driver2
[5.203s] Invoked command in '/home/amov/livox_ws/build/livox_ros_driver2' returned '0': CMAKE_PREFIX_PATH=${CMAKE_PREFIX_PATH}:/opt/ros/humble /usr/bin/cmake /home/amov/livox_ws/src/livox_ros_driver2 -DCMAKE_INSTALL_PREFIX=/home/amov/livox_ws/install/livox_ros_driver2
[5.206s] Invoking command in '/home/amov/livox_ws/build/livox_ros_driver2': CMAKE_PREFIX_PATH=${CMAKE_PREFIX_PATH}:/opt/ros/humble /usr/bin/cmake --build /home/amov/livox_ws/build/livox_ros_driver2 -- -j8 -l8
[5.304s] Consolidate compiler generated dependencies of target livox_interfaces2__rosidl_generator_c
[5.310s] Consolidate compiler generated dependencies of target livox_ros_driver2_node
[5.322s] [  8%] Built target livox_interfaces2__cpp
[5.322s] [  6%] Built target livox_interfaces2__rs
[5.322s] [ 10%] Built target livox_interfaces2__rosidl_generator_c
[5.337s] [ 13%] Built target livox_ros_driver2_node
[5.344s] Consolidate compiler generated dependencies of target livox_interfaces2__rosidl_typesupport_c
[5.348s] Consolidate compiler generated dependencies of target livox_interfaces2__rosidl_typesupport_introspection_c
[5.348s] Consolidate compiler generated dependencies of target livox_interfaces2__rosidl_typesupport_fastrtps_c
[5.351s] Consolidate compiler generated dependencies of target livox_interfaces2__rosidl_typesupport_cpp
[5.356s] Consolidate compiler generated dependencies of target livox_interfaces2__rosidl_typesupport_fastrtps_cpp
[5.359s] [ 13%] Built target ament_cmake_python_symlink_livox_ros_driver2
[5.360s] Consolidate compiler generated dependencies of target livox_interfaces2__rosidl_typesupport_introspection_cpp
[5.373s] [ 27%] Built target livox_interfaces2__rosidl_typesupport_cpp
[5.373s] [ 27%] Built target livox_interfaces2__rosidl_typesupport_c
[5.374s] [ 34%] Built target livox_interfaces2__rosidl_typesupport_fastrtps_c
[5.376s] [ 41%] Built target livox_interfaces2__rosidl_typesupport_introspection_c
[5.383s] [ 48%] Built target livox_interfaces2__rosidl_typesupport_fastrtps_cpp
[5.388s] [ 55%] Built target livox_interfaces2__rosidl_typesupport_introspection_cpp
[5.437s] [ 55%] Built target livox_interfaces2
[5.441s] Consolidate compiler generated dependencies of target livox_ros_driver2
[5.478s] [ 56%] Built target livox_interfaces2__py
[5.498s] [ 84%] Built target livox_ros_driver2
[5.502s] Consolidate compiler generated dependencies of target livox_interfaces2__rosidl_generator_py
[5.530s] [ 89%] Built target livox_interfaces2__rosidl_generator_py
[5.553s] Consolidate compiler generated dependencies of target livox_ros_driver2__rosidl_typesupport_introspection_c__pyext
[5.553s] Consolidate compiler generated dependencies of target livox_ros_driver2__rosidl_typesupport_fastrtps_c__pyext
[5.556s] Consolidate compiler generated dependencies of target livox_ros_driver2__rosidl_typesupport_c__pyext
[5.578s] [ 96%] Built target livox_ros_driver2__rosidl_typesupport_introspection_c__pyext
[5.578s] [ 96%] Built target livox_ros_driver2__rosidl_typesupport_c__pyext
[5.582s] [100%] Built target livox_ros_driver2__rosidl_typesupport_fastrtps_c__pyext
[5.803s] running egg_info
[5.805s] writing livox_ros_driver2.egg-info/PKG-INFO
[5.806s] writing dependency_links to livox_ros_driver2.egg-info/dependency_links.txt
[5.807s] writing top-level names to livox_ros_driver2.egg-info/top_level.txt
[5.828s] reading manifest file 'livox_ros_driver2.egg-info/SOURCES.txt'
[5.829s] writing manifest file 'livox_ros_driver2.egg-info/SOURCES.txt'
[5.908s] [100%] Built target ament_cmake_python_build_livox_ros_driver2_egg
[5.930s] Invoked command in '/home/amov/livox_ws/build/livox_ros_driver2' returned '0': CMAKE_PREFIX_PATH=${CMAKE_PREFIX_PATH}:/opt/ros/humble /usr/bin/cmake --build /home/amov/livox_ws/build/livox_ros_driver2 -- -j8 -l8
[5.953s] Invoking command in '/home/amov/livox_ws/build/livox_ros_driver2': CMAKE_PREFIX_PATH=${CMAKE_PREFIX_PATH}:/opt/ros/humble /usr/bin/cmake --install /home/amov/livox_ws/build/livox_ros_driver2
[5.969s] -- Install configuration: ""
[5.970s] -- Execute custom install script
[5.970s] -- Up-to-date symlink: /home/amov/livox_ws/install/livox_ros_driver2/share/ament_index/resource_index/rosidl_interfaces/livox_ros_driver2
[5.972s] -- Up-to-date symlink: /home/amov/livox_ws/install/livox_ros_driver2/include/livox_ros_driver2/livox_ros_driver2/msg/custom_msg.h
[5.972s] -- Up-to-date symlink: /home/amov/livox_ws/install/livox_ros_driver2/include/livox_ros_driver2/livox_ros_driver2/msg/custom_point.h
[5.973s] -- Up-to-date symlink: /home/amov/livox_ws/install/livox_ros_driver2/include/livox_ros_driver2/livox_ros_driver2/msg/detail/custom_msg__functions.h
[5.973s] -- Up-to-date symlink: /home/amov/livox_ws/install/livox_ros_driver2/include/livox_ros_driver2/livox_ros_driver2/msg/detail/custom_msg__struct.h
[5.973s] -- Up-to-date symlink: /home/amov/livox_ws/install/livox_ros_driver2/include/livox_ros_driver2/livox_ros_driver2/msg/detail/custom_msg__type_support.h
[5.974s] -- Up-to-date symlink: /home/amov/livox_ws/install/livox_ros_driver2/include/livox_ros_driver2/livox_ros_driver2/msg/detail/custom_point__functions.h
[5.974s] -- Up-to-date symlink: /home/amov/livox_ws/install/livox_ros_driver2/include/livox_ros_driver2/livox_ros_driver2/msg/detail/custom_point__struct.h
[5.975s] -- Up-to-date symlink: /home/amov/livox_ws/install/livox_ros_driver2/include/livox_ros_driver2/livox_ros_driver2/msg/detail/custom_point__type_support.h
[5.975s] -- Up-to-date symlink: /home/amov/livox_ws/install/livox_ros_driver2/include/livox_ros_driver2/livox_ros_driver2/msg/rosidl_generator_c__visibility_control.h
[5.975s] -- Up-to-date symlink: /home/amov/livox_ws/install/livox_ros_driver2/share/livox_ros_driver2/environment/library_path.sh
[5.975s] -- Up-to-date symlink: /home/amov/livox_ws/install/livox_ros_driver2/share/livox_ros_driver2/environment/library_path.dsv
[5.977s] -- Up-to-date symlink: /home/amov/livox_ws/install/livox_ros_driver2/include/livox_ros_driver2/livox_ros_driver2/msg/detail/custom_msg__rosidl_typesupport_fastrtps_c.h
[5.977s] -- Up-to-date symlink: /home/amov/livox_ws/install/livox_ros_driver2/include/livox_ros_driver2/livox_ros_driver2/msg/detail/custom_point__rosidl_typesupport_fastrtps_c.h
[5.977s] -- Up-to-date symlink: /home/amov/livox_ws/install/livox_ros_driver2/include/livox_ros_driver2/livox_ros_driver2/msg/rosidl_typesupport_fastrtps_c__visibility_control.h
[5.978s] -- Up-to-date symlink: /home/amov/livox_ws/install/livox_ros_driver2/include/livox_ros_driver2/livox_ros_driver2/msg/detail/custom_msg__rosidl_typesupport_introspection_c.h
[5.978s] -- Up-to-date symlink: /home/amov/livox_ws/install/livox_ros_driver2/include/livox_ros_driver2/livox_ros_driver2/msg/detail/custom_point__rosidl_typesupport_introspection_c.h
[5.979s] -- Up-to-date symlink: /home/amov/livox_ws/install/livox_ros_driver2/include/livox_ros_driver2/livox_ros_driver2/msg/rosidl_typesupport_introspection_c__visibility_control.h
[5.980s] -- Up-to-date symlink: /home/amov/livox_ws/install/livox_ros_driver2/include/livox_ros_driver2/livox_ros_driver2/msg/custom_msg.hpp
[5.980s] -- Up-to-date symlink: /home/amov/livox_ws/install/livox_ros_driver2/include/livox_ros_driver2/livox_ros_driver2/msg/custom_point.hpp
[5.980s] -- Up-to-date symlink: /home/amov/livox_ws/install/livox_ros_driver2/include/livox_ros_driver2/livox_ros_driver2/msg/detail/custom_msg__builder.hpp
[5.981s] -- Up-to-date symlink: /home/amov/livox_ws/install/livox_ros_driver2/include/livox_ros_driver2/livox_ros_driver2/msg/detail/custom_msg__struct.hpp
[5.981s] -- Up-to-date symlink: /home/amov/livox_ws/install/livox_ros_driver2/include/livox_ros_driver2/livox_ros_driver2/msg/detail/custom_msg__traits.hpp
[5.982s] -- Up-to-date symlink: /home/amov/livox_ws/install/livox_ros_driver2/include/livox_ros_driver2/livox_ros_driver2/msg/detail/custom_msg__type_support.hpp
[5.982s] -- Up-to-date symlink: /home/amov/livox_ws/install/livox_ros_driver2/include/livox_ros_driver2/livox_ros_driver2/msg/detail/custom_point__builder.hpp
[5.982s] -- Up-to-date symlink: /home/amov/livox_ws/install/livox_ros_driver2/include/livox_ros_driver2/livox_ros_driver2/msg/detail/custom_point__struct.hpp
[5.982s] -- Up-to-date symlink: /home/amov/livox_ws/install/livox_ros_driver2/include/livox_ros_driver2/livox_ros_driver2/msg/detail/custom_point__traits.hpp
[5.983s] -- Up-to-date symlink: /home/amov/livox_ws/install/livox_ros_driver2/include/livox_ros_driver2/livox_ros_driver2/msg/detail/custom_point__type_support.hpp
[5.983s] -- Up-to-date symlink: /home/amov/livox_ws/install/livox_ros_driver2/include/livox_ros_driver2/livox_ros_driver2/msg/rosidl_generator_cpp__visibility_control.hpp
[5.984s] -- Up-to-date symlink: /home/amov/livox_ws/install/livox_ros_driver2/include/livox_ros_driver2/livox_ros_driver2/msg/detail/custom_msg__rosidl_typesupport_fastrtps_cpp.hpp
[5.984s] -- Up-to-date symlink: /home/amov/livox_ws/install/livox_ros_driver2/include/livox_ros_driver2/livox_ros_driver2/msg/detail/custom_point__rosidl_typesupport_fastrtps_cpp.hpp
[5.985s] -- Up-to-date symlink: /home/amov/livox_ws/install/livox_ros_driver2/include/livox_ros_driver2/livox_ros_driver2/msg/rosidl_typesupport_fastrtps_cpp__visibility_control.h
[5.985s] -- Up-to-date symlink: /home/amov/livox_ws/install/livox_ros_driver2/include/livox_ros_driver2/livox_ros_driver2/msg/detail/custom_msg__rosidl_typesupport_introspection_cpp.hpp
[5.985s] -- Up-to-date symlink: /home/amov/livox_ws/install/livox_ros_driver2/include/livox_ros_driver2/livox_ros_driver2/msg/detail/custom_point__rosidl_typesupport_introspection_cpp.hpp
[5.986s] -- Up-to-date symlink: /home/amov/livox_ws/install/livox_ros_driver2/share/livox_ros_driver2/environment/pythonpath.sh
[5.986s] -- Up-to-date symlink: /home/amov/livox_ws/install/livox_ros_driver2/share/livox_ros_driver2/environment/pythonpath.dsv
[5.986s] -- Up-to-date symlink: /home/amov/livox_ws/install/livox_ros_driver2/local/lib/python3.10/dist-packages/livox_ros_driver2-1.0.0-py3.10.egg-info/PKG-INFO
[5.987s] -- Up-to-date symlink: /home/amov/livox_ws/install/livox_ros_driver2/local/lib/python3.10/dist-packages/livox_ros_driver2-1.0.0-py3.10.egg-info/SOURCES.txt
[5.987s] -- Up-to-date symlink: /home/amov/livox_ws/install/livox_ros_driver2/local/lib/python3.10/dist-packages/livox_ros_driver2-1.0.0-py3.10.egg-info/dependency_links.txt
[5.987s] -- Up-to-date symlink: /home/amov/livox_ws/install/livox_ros_driver2/local/lib/python3.10/dist-packages/livox_ros_driver2-1.0.0-py3.10.egg-info/top_level.txt
[5.989s] -- Up-to-date symlink: /home/amov/livox_ws/install/livox_ros_driver2/local/lib/python3.10/dist-packages/livox_ros_driver2/__init__.py
[5.989s] -- Up-to-date symlink: /home/amov/livox_ws/install/livox_ros_driver2/local/lib/python3.10/dist-packages/livox_ros_driver2/_livox_ros_driver2_s.ep.rosidl_typesupport_c.c
[5.989s] -- Up-to-date symlink: /home/amov/livox_ws/install/livox_ros_driver2/local/lib/python3.10/dist-packages/livox_ros_driver2/_livox_ros_driver2_s.ep.rosidl_typesupport_fastrtps_c.c
[5.990s] -- Up-to-date symlink: /home/amov/livox_ws/install/livox_ros_driver2/local/lib/python3.10/dist-packages/livox_ros_driver2/_livox_ros_driver2_s.ep.rosidl_typesupport_introspection_c.c
[5.990s] -- Up-to-date symlink: /home/amov/livox_ws/install/livox_ros_driver2/local/lib/python3.10/dist-packages/livox_ros_driver2/liblivox_interfaces2__rosidl_generator_py.so
[5.990s] -- Up-to-date symlink: /home/amov/livox_ws/install/livox_ros_driver2/local/lib/python3.10/dist-packages/livox_ros_driver2/livox_ros_driver2_s__rosidl_typesupport_c.cpython-310-aarch64-linux-gnu.so
[5.990s] -- Up-to-date symlink: /home/amov/livox_ws/install/livox_ros_driver2/local/lib/python3.10/dist-packages/livox_ros_driver2/livox_ros_driver2_s__rosidl_typesupport_fastrtps_c.cpython-310-aarch64-linux-gnu.so
[5.991s] -- Up-to-date symlink: /home/amov/livox_ws/install/livox_ros_driver2/local/lib/python3.10/dist-packages/livox_ros_driver2/livox_ros_driver2_s__rosidl_typesupport_introspection_c.cpython-310-aarch64-linux-gnu.so
[5.991s] -- Up-to-date symlink: /home/amov/livox_ws/install/livox_ros_driver2/local/lib/python3.10/dist-packages/livox_ros_driver2/msg/__init__.py
[5.991s] -- Up-to-date symlink: /home/amov/livox_ws/install/livox_ros_driver2/local/lib/python3.10/dist-packages/livox_ros_driver2/msg/_custom_msg.py
[5.992s] -- Up-to-date symlink: /home/amov/livox_ws/install/livox_ros_driver2/local/lib/python3.10/dist-packages/livox_ros_driver2/msg/_custom_msg_s.c
[5.992s] -- Up-to-date symlink: /home/amov/livox_ws/install/livox_ros_driver2/local/lib/python3.10/dist-packages/livox_ros_driver2/msg/_custom_point.py
[5.992s] -- Up-to-date symlink: /home/amov/livox_ws/install/livox_ros_driver2/local/lib/python3.10/dist-packages/livox_ros_driver2/msg/_custom_point_s.c
[5.994s] -- Up-to-date symlink: /home/amov/livox_ws/install/livox_ros_driver2/local/lib/python3.10/dist-packages/livox_ros_driver2/livox_ros_driver2_s__rosidl_typesupport_fastrtps_c.cpython-310-aarch64-linux-gnu.so
[5.995s] -- Up-to-date symlink: /home/amov/livox_ws/install/livox_ros_driver2/local/lib/python3.10/dist-packages/livox_ros_driver2/livox_ros_driver2_s__rosidl_typesupport_introspection_c.cpython-310-aarch64-linux-gnu.so
[5.995s] -- Up-to-date symlink: /home/amov/livox_ws/install/livox_ros_driver2/local/lib/python3.10/dist-packages/livox_ros_driver2/livox_ros_driver2_s__rosidl_typesupport_c.cpython-310-aarch64-linux-gnu.so
[5.995s] -- Up-to-date symlink: /home/amov/livox_ws/install/livox_ros_driver2/share/ament_index/resource_index/rust_packages/livox_ros_driver2
[5.995s] -- Up-to-date symlink: /home/amov/livox_ws/install/livox_ros_driver2/share/livox_ros_driver2/rust/Cargo.toml
[5.996s] -- Up-to-date symlink: /home/amov/livox_ws/install/livox_ros_driver2/share/livox_ros_driver2/rust/build.rs
[5.996s] -- Up-to-date symlink: /home/amov/livox_ws/install/livox_ros_driver2/share/livox_ros_driver2/rust/src/lib.rs
[5.996s] -- Up-to-date symlink: /home/amov/livox_ws/install/livox_ros_driver2/share/livox_ros_driver2/rust/src/msg.rs
[5.996s] -- Up-to-date symlink: /home/amov/livox_ws/install/livox_ros_driver2/share/livox_ros_driver2/rust/src/msg/rmw.rs
[5.997s] -- Up-to-date symlink: /home/amov/livox_ws/install/livox_ros_driver2/share/livox_ros_driver2/msg/CustomPoint.idl
[5.997s] -- Up-to-date symlink: /home/amov/livox_ws/install/livox_ros_driver2/share/livox_ros_driver2/msg/CustomMsg.idl
[5.998s] -- Up-to-date symlink: /home/amov/livox_ws/install/livox_ros_driver2/share/livox_ros_driver2/msg/CustomPoint.msg
[5.998s] -- Up-to-date symlink: /home/amov/livox_ws/install/livox_ros_driver2/share/livox_ros_driver2/msg/CustomMsg.msg
[5.998s] -- Up-to-date symlink: /home/amov/livox_ws/install/livox_ros_driver2/lib/livox_ros_driver2/livox_ros_driver2_node
[5.999s] -- Up-to-date symlink: /home/amov/livox_ws/install/livox_ros_driver2/lib/liblivox_ros_driver2.so
[6.000s] -- Up-to-date symlink: /home/amov/livox_ws/install/livox_ros_driver2/share/livox_ros_driver2/config/HAP_config.json
[6.000s] -- Up-to-date symlink: /home/amov/livox_ws/install/livox_ros_driver2/share/livox_ros_driver2/config/MID360_config.json
[6.001s] -- Up-to-date symlink: /home/amov/livox_ws/install/livox_ros_driver2/share/livox_ros_driver2/config/MID360s_config.json
[6.001s] -- Up-to-date symlink: /home/amov/livox_ws/install/livox_ros_driver2/share/livox_ros_driver2/config/display_point_cloud_ROS1.rviz
[6.002s] -- Up-to-date symlink: /home/amov/livox_ws/install/livox_ros_driver2/share/livox_ros_driver2/config/display_point_cloud_ROS2.rviz
[6.002s] -- Up-to-date symlink: /home/amov/livox_ws/install/livox_ros_driver2/share/livox_ros_driver2/config/mixed_HAP_MID360_config.json
[6.002s] -- Up-to-date symlink: /home/amov/livox_ws/install/livox_ros_driver2/share/livox_ros_driver2/launch_ROS2/msg_HAP_launch.py
[6.003s] -- Up-to-date symlink: /home/amov/livox_ws/install/livox_ros_driver2/share/livox_ros_driver2/launch_ROS2/msg_MID360_launch.py
[6.003s] -- Up-to-date symlink: /home/amov/livox_ws/install/livox_ros_driver2/share/livox_ros_driver2/launch_ROS2/msg_MID360s_launch.py
[6.003s] -- Up-to-date symlink: /home/amov/livox_ws/install/livox_ros_driver2/share/livox_ros_driver2/launch_ROS2/rviz_HAP_launch.py
[6.004s] -- Up-to-date symlink: /home/amov/livox_ws/install/livox_ros_driver2/share/livox_ros_driver2/launch_ROS2/rviz_MID360_launch.py
[6.004s] -- Up-to-date symlink: /home/amov/livox_ws/install/livox_ros_driver2/share/livox_ros_driver2/launch_ROS2/rviz_MID360s_launch.py
[6.004s] -- Up-to-date symlink: /home/amov/livox_ws/install/livox_ros_driver2/share/livox_ros_driver2/launch_ROS2/rviz_mixed.py
[6.004s] -- Up-to-date symlink: /home/amov/livox_ws/install/livox_ros_driver2/share/ament_index/resource_index/package_run_dependencies/livox_ros_driver2
[6.005s] -- Up-to-date symlink: /home/amov/livox_ws/install/livox_ros_driver2/share/ament_index/resource_index/parent_prefix_path/livox_ros_driver2
[6.005s] -- Up-to-date symlink: /home/amov/livox_ws/install/livox_ros_driver2/share/livox_ros_driver2/environment/ament_prefix_path.sh
[6.005s] -- Up-to-date symlink: /home/amov/livox_ws/install/livox_ros_driver2/share/livox_ros_driver2/environment/ament_prefix_path.dsv
[6.005s] -- Up-to-date symlink: /home/amov/livox_ws/install/livox_ros_driver2/share/livox_ros_driver2/environment/path.sh
[6.006s] -- Up-to-date symlink: /home/amov/livox_ws/install/livox_ros_driver2/share/livox_ros_driver2/environment/path.dsv
[6.006s] -- Up-to-date symlink: /home/amov/livox_ws/install/livox_ros_driver2/share/livox_ros_driver2/local_setup.bash
[6.006s] -- Up-to-date symlink: /home/amov/livox_ws/install/livox_ros_driver2/share/livox_ros_driver2/local_setup.sh
[6.007s] -- Up-to-date symlink: /home/amov/livox_ws/install/livox_ros_driver2/share/livox_ros_driver2/local_setup.zsh
[6.007s] -- Up-to-date symlink: /home/amov/livox_ws/install/livox_ros_driver2/share/livox_ros_driver2/local_setup.dsv
[6.007s] -- Symlinking: /home/amov/livox_ws/install/livox_ros_driver2/share/livox_ros_driver2/package.dsv
[6.024s] -- Up-to-date symlink: /home/amov/livox_ws/install/livox_ros_driver2/share/ament_index/resource_index/packages/livox_ros_driver2
[6.024s] -- Up-to-date symlink: /home/amov/livox_ws/install/livox_ros_driver2/share/ament_index/resource_index/rclcpp_components/livox_ros_driver2
[6.025s] -- Up-to-date symlink: /home/amov/livox_ws/install/livox_ros_driver2/share/livox_ros_driver2/cmake/rosidl_cmake-extras.cmake
[6.025s] -- Up-to-date symlink: /home/amov/livox_ws/install/livox_ros_driver2/share/livox_ros_driver2/cmake/ament_cmake_export_dependencies-extras.cmake
[6.025s] -- Up-to-date symlink: /home/amov/livox_ws/install/livox_ros_driver2/share/livox_ros_driver2/cmake/ament_cmake_export_include_directories-extras.cmake
[6.027s] -- Up-to-date symlink: /home/amov/livox_ws/install/livox_ros_driver2/share/livox_ros_driver2/cmake/ament_cmake_export_libraries-extras.cmake
[6.027s] -- Up-to-date symlink: /home/amov/livox_ws/install/livox_ros_driver2/share/livox_ros_driver2/cmake/ament_cmake_export_targets-extras.cmake
[6.028s] -- Up-to-date symlink: /home/amov/livox_ws/install/livox_ros_driver2/share/livox_ros_driver2/cmake/rosidl_cmake_export_typesupport_targets-extras.cmake
[6.028s] -- Up-to-date symlink: /home/amov/livox_ws/install/livox_ros_driver2/share/livox_ros_driver2/cmake/rosidl_cmake_export_typesupport_libraries-extras.cmake
[6.028s] -- Up-to-date symlink: /home/amov/livox_ws/install/livox_ros_driver2/share/livox_ros_driver2/cmake/rosidl_cmake_aggregate_target-extras.cmake
[6.029s] -- Up-to-date symlink: /home/amov/livox_ws/install/livox_ros_driver2/share/livox_ros_driver2/cmake/livox_ros_driver2Config.cmake
[6.029s] -- Up-to-date symlink: /home/amov/livox_ws/install/livox_ros_driver2/share/livox_ros_driver2/cmake/livox_ros_driver2Config-version.cmake
[6.030s] -- Up-to-date symlink: /home/amov/livox_ws/install/livox_ros_driver2/share/livox_ros_driver2/package.xml
[6.031s] -- Up-to-date: /home/amov/livox_ws/install/livox_ros_driver2/lib/liblivox_ros_driver2__rosidl_generator_c.so
[6.032s] -- Up-to-date: /home/amov/livox_ws/install/livox_ros_driver2/lib/liblivox_ros_driver2__rosidl_typesupport_fastrtps_c.so
[6.032s] -- Up-to-date: /home/amov/livox_ws/install/livox_ros_driver2/lib/liblivox_ros_driver2__rosidl_typesupport_introspection_c.so
[6.033s] -- Up-to-date: /home/amov/livox_ws/install/livox_ros_driver2/lib/liblivox_ros_driver2__rosidl_typesupport_c.so
[6.034s] -- Up-to-date: /home/amov/livox_ws/install/livox_ros_driver2/lib/liblivox_ros_driver2__rosidl_typesupport_fastrtps_cpp.so
[6.035s] -- Up-to-date: /home/amov/livox_ws/install/livox_ros_driver2/lib/liblivox_ros_driver2__rosidl_typesupport_introspection_cpp.so
[6.036s] -- Up-to-date: /home/amov/livox_ws/install/livox_ros_driver2/lib/liblivox_ros_driver2__rosidl_typesupport_cpp.so
[6.098s] Listing '/home/amov/livox_ws/install/livox_ros_driver2/local/lib/python3.10/dist-packages/livox_ros_driver2'...
[6.098s] Compiling '/home/amov/livox_ws/install/livox_ros_driver2/local/lib/python3.10/dist-packages/livox_ros_driver2/__init__.py'...
[6.098s] Listing '/home/amov/livox_ws/install/livox_ros_driver2/local/lib/python3.10/dist-packages/livox_ros_driver2/msg'...
[6.112s] -- Up-to-date: /home/amov/livox_ws/install/livox_ros_driver2/lib/liblivox_interfaces2__rosidl_generator_py.so
[6.112s] -- Up-to-date: /home/amov/livox_ws/install/livox_ros_driver2/share/livox_ros_driver2/cmake/export_livox_interfaces2__rosidl_generator_cExport.cmake
[6.112s] -- Up-to-date: /home/amov/livox_ws/install/livox_ros_driver2/share/livox_ros_driver2/cmake/export_livox_interfaces2__rosidl_generator_cExport-noconfig.cmake
[6.113s] -- Up-to-date: /home/amov/livox_ws/install/livox_ros_driver2/share/livox_ros_driver2/cmake/export_livox_interfaces2__rosidl_typesupport_fastrtps_cExport.cmake
[6.114s] -- Up-to-date: /home/amov/livox_ws/install/livox_ros_driver2/share/livox_ros_driver2/cmake/export_livox_interfaces2__rosidl_typesupport_fastrtps_cExport-noconfig.cmake
[6.114s] -- Up-to-date: /home/amov/livox_ws/install/livox_ros_driver2/share/livox_ros_driver2/cmake/livox_interfaces2__rosidl_typesupport_introspection_cExport.cmake
[6.115s] -- Up-to-date: /home/amov/livox_ws/install/livox_ros_driver2/share/livox_ros_driver2/cmake/livox_interfaces2__rosidl_typesupport_introspection_cExport-noconfig.cmake
[6.115s] -- Up-to-date: /home/amov/livox_ws/install/livox_ros_driver2/share/livox_ros_driver2/cmake/livox_interfaces2__rosidl_typesupport_cExport.cmake
[6.115s] -- Up-to-date: /home/amov/livox_ws/install/livox_ros_driver2/share/livox_ros_driver2/cmake/livox_interfaces2__rosidl_typesupport_cExport-noconfig.cmake
[6.115s] -- Up-to-date: /home/amov/livox_ws/install/livox_ros_driver2/share/livox_ros_driver2/cmake/export_livox_interfaces2__rosidl_generator_cppExport.cmake
[6.116s] -- Up-to-date: /home/amov/livox_ws/install/livox_ros_driver2/share/livox_ros_driver2/cmake/export_livox_interfaces2__rosidl_typesupport_fastrtps_cppExport.cmake
[6.116s] -- Up-to-date: /home/amov/livox_ws/install/livox_ros_driver2/share/livox_ros_driver2/cmake/export_livox_interfaces2__rosidl_typesupport_fastrtps_cppExport-noconfig.cmake
[6.116s] -- Up-to-date: /home/amov/livox_ws/install/livox_ros_driver2/share/livox_ros_driver2/cmake/livox_interfaces2__rosidl_typesupport_introspection_cppExport.cmake
[6.116s] -- Up-to-date: /home/amov/livox_ws/install/livox_ros_driver2/share/livox_ros_driver2/cmake/livox_interfaces2__rosidl_typesupport_introspection_cppExport-noconfig.cmake
[6.117s] -- Up-to-date: /home/amov/livox_ws/install/livox_ros_driver2/share/livox_ros_driver2/cmake/livox_interfaces2__rosidl_typesupport_cppExport.cmake
[6.117s] -- Up-to-date: /home/amov/livox_ws/install/livox_ros_driver2/share/livox_ros_driver2/cmake/livox_interfaces2__rosidl_typesupport_cppExport-noconfig.cmake
[6.118s] -- Up-to-date: /home/amov/livox_ws/install/livox_ros_driver2/share/livox_ros_driver2/cmake/export_livox_interfaces2__rosidl_generator_pyExport.cmake
[6.118s] -- Up-to-date: /home/amov/livox_ws/install/livox_ros_driver2/share/livox_ros_driver2/cmake/export_livox_interfaces2__rosidl_generator_pyExport-noconfig.cmake
[6.140s] Invoked command in '/home/amov/livox_ws/build/livox_ros_driver2' returned '0': CMAKE_PREFIX_PATH=${CMAKE_PREFIX_PATH}:/opt/ros/humble /usr/bin/cmake --install /home/amov/livox_ws/build/livox_ros_driver2
