[0.242s] DEBUG:colcon:Command line arguments: ['/usr/bin/colcon', 'build', '--packages-select', 'scan_planner', '--symlink-install']
[0.242s] DEBUG:colcon:Parsed command line arguments: Namespace(log_base=None, log_level=None, verb_name='build', build_base='build', install_base='install', merge_install=False, symlink_install=True, test_result_base=None, continue_on_error=False, executor='parallel', parallel_workers=8, event_handlers=None, ignore_user_meta=False, metas=['./colcon.meta'], base_paths=['.'], packages_ignore=None, packages_ignore_regex=None, paths=None, packages_up_to=None, packages_up_to_regex=None, packages_above=None, packages_above_and_dependencies=None, packages_above_depth=None, packages_select_by_dep=None, packages_skip_by_dep=None, packages_skip_up_to=None, packages_select_build_failed=False, packages_skip_build_finished=False, packages_select_test_failures=False, packages_skip_test_passed=False, packages_select=['scan_planner'], packages_skip=None, packages_select_regex=None, packages_skip_regex=None, packages_start=None, packages_end=None, allow_overriding=[], cmake_args=None, cmake_target=None, cmake_target_skip_unavailable=False, cmake_clean_cache=False, cmake_clean_first=False, cmake_force_configure=False, ament_cmake_args=None, catkin_cmake_args=None, catkin_skip_building_tests=False, verb_parser=<colcon_defaults.argument_parser.defaults.DefaultArgumentsDecorator object at 0xffff9e2e4d00>, verb_extension=<colcon_core.verb.build.BuildVerb object at 0xffff9e2e4940>, main=<bound method BuildVerb.main of <colcon_core.verb.build.BuildVerb object at 0xffff9e2e4940>>)
[0.585s] Level 1:colcon.colcon_core.package_discovery:discover_packages(colcon_meta) check parameters
[0.586s] Level 1:colcon.colcon_core.package_discovery:discover_packages(recursive) check parameters
[0.586s] Level 1:colcon.colcon_core.package_discovery:discover_packages(ignore) check parameters
[0.586s] Level 1:colcon.colcon_core.package_discovery:discover_packages(path) check parameters
[0.586s] Level 1:colcon.colcon_core.package_discovery:discover_packages(colcon_meta) discover
[0.586s] Level 1:colcon.colcon_core.package_discovery:discover_packages(recursive) discover
[0.586s] INFO:colcon.colcon_core.package_discovery:Crawling recursively for packages in '/home/amov/scan_ws'
[0.587s] Level 1:colcon.colcon_core.package_identification:_identify(.) by extensions ['ignore', 'ignore_ament_install']
[0.587s] Level 1:colcon.colcon_core.package_identification:_identify(.) by extension 'ignore'
[0.587s] Level 1:colcon.colcon_core.package_identification:_identify(.) by extension 'ignore_ament_install'
[0.587s] Level 1:colcon.colcon_core.package_identification:_identify(.) by extensions ['colcon_pkg']
[0.587s] Level 1:colcon.colcon_core.package_identification:_identify(.) by extension 'colcon_pkg'
[0.587s] Level 1:colcon.colcon_core.package_identification:_identify(.) by extensions ['colcon_meta']
[0.587s] Level 1:colcon.colcon_core.package_identification:_identify(.) by extension 'colcon_meta'
[0.587s] Level 1:colcon.colcon_core.package_identification:_identify(.) by extensions ['ros']
[0.587s] Level 1:colcon.colcon_core.package_identification:_identify(.) by extension 'ros'
[0.609s] Level 1:colcon.colcon_core.package_identification:_identify(.) by extensions ['cmake', 'python']
[0.609s] Level 1:colcon.colcon_core.package_identification:_identify(.) by extension 'cmake'
[0.609s] Level 1:colcon.colcon_core.package_identification:_identify(.) by extension 'python'
[0.609s] Level 1:colcon.colcon_core.package_identification:_identify(.) by extensions ['python_setup_py']
[0.609s] Level 1:colcon.colcon_core.package_identification:_identify(.) by extension 'python_setup_py'
[0.609s] Level 1:colcon.colcon_core.package_identification:_identify(build) by extensions ['ignore', 'ignore_ament_install']
[0.610s] Level 1:colcon.colcon_core.package_identification:_identify(build) by extension 'ignore'
[0.610s] Level 1:colcon.colcon_core.package_identification:_identify(build) ignored
[0.610s] Level 1:colcon.colcon_core.package_identification:_identify(install) by extensions ['ignore', 'ignore_ament_install']
[0.610s] Level 1:colcon.colcon_core.package_identification:_identify(install) by extension 'ignore'
[0.610s] Level 1:colcon.colcon_core.package_identification:_identify(install) ignored
[0.610s] Level 1:colcon.colcon_core.package_identification:_identify(log) by extensions ['ignore', 'ignore_ament_install']
[0.611s] Level 1:colcon.colcon_core.package_identification:_identify(log) by extension 'ignore'
[0.611s] Level 1:colcon.colcon_core.package_identification:_identify(log) ignored
[0.611s] Level 1:colcon.colcon_core.package_identification:_identify(src) by extensions ['ignore', 'ignore_ament_install']
[0.611s] Level 1:colcon.colcon_core.package_identification:_identify(src) by extension 'ignore'
[0.611s] Level 1:colcon.colcon_core.package_identification:_identify(src) by extension 'ignore_ament_install'
[0.611s] Level 1:colcon.colcon_core.package_identification:_identify(src) by extensions ['colcon_pkg']
[0.611s] Level 1:colcon.colcon_core.package_identification:_identify(src) by extension 'colcon_pkg'
[0.611s] Level 1:colcon.colcon_core.package_identification:_identify(src) by extensions ['colcon_meta']
[0.611s] Level 1:colcon.colcon_core.package_identification:_identify(src) by extension 'colcon_meta'
[0.611s] Level 1:colcon.colcon_core.package_identification:_identify(src) by extensions ['ros']
[0.611s] Level 1:colcon.colcon_core.package_identification:_identify(src) by extension 'ros'
[0.612s] Level 1:colcon.colcon_core.package_identification:_identify(src) by extensions ['cmake', 'python']
[0.612s] Level 1:colcon.colcon_core.package_identification:_identify(src) by extension 'cmake'
[0.612s] Level 1:colcon.colcon_core.package_identification:_identify(src) by extension 'python'
[0.612s] Level 1:colcon.colcon_core.package_identification:_identify(src) by extensions ['python_setup_py']
[0.612s] Level 1:colcon.colcon_core.package_identification:_identify(src) by extension 'python_setup_py'
[0.612s] Level 1:colcon.colcon_core.package_identification:_identify(src/SCAN-Planner-Pure-ROS2-master) by extensions ['ignore', 'ignore_ament_install']
[0.612s] Level 1:colcon.colcon_core.package_identification:_identify(src/SCAN-Planner-Pure-ROS2-master) by extension 'ignore'
[0.612s] Level 1:colcon.colcon_core.package_identification:_identify(src/SCAN-Planner-Pure-ROS2-master) by extension 'ignore_ament_install'
[0.612s] Level 1:colcon.colcon_core.package_identification:_identify(src/SCAN-Planner-Pure-ROS2-master) by extensions ['colcon_pkg']
[0.612s] Level 1:colcon.colcon_core.package_identification:_identify(src/SCAN-Planner-Pure-ROS2-master) by extension 'colcon_pkg'
[0.613s] Level 1:colcon.colcon_core.package_identification:_identify(src/SCAN-Planner-Pure-ROS2-master) by extensions ['colcon_meta']
[0.613s] Level 1:colcon.colcon_core.package_identification:_identify(src/SCAN-Planner-Pure-ROS2-master) by extension 'colcon_meta'
[0.613s] Level 1:colcon.colcon_core.package_identification:_identify(src/SCAN-Planner-Pure-ROS2-master) by extensions ['ros']
[0.613s] Level 1:colcon.colcon_core.package_identification:_identify(src/SCAN-Planner-Pure-ROS2-master) by extension 'ros'
[0.619s] DEBUG:colcon.colcon_core.package_identification:Package 'src/SCAN-Planner-Pure-ROS2-master' with type 'ros.ament_cmake' and name 'scan_planner'
[0.619s] Level 1:colcon.colcon_core.package_discovery:discover_packages(recursive) using defaults
[0.619s] Level 1:colcon.colcon_core.package_discovery:discover_packages(ignore) discover
[0.619s] Level 1:colcon.colcon_core.package_discovery:discover_packages(ignore) using defaults
[0.619s] Level 1:colcon.colcon_core.package_discovery:discover_packages(path) discover
[0.619s] Level 1:colcon.colcon_core.package_discovery:discover_packages(path) using defaults
[0.658s] Level 1:colcon.colcon_core.package_discovery:discover_packages(prefix_path) check parameters
[0.658s] Level 1:colcon.colcon_core.package_discovery:discover_packages(prefix_path) discover
[0.663s] DEBUG:colcon.colcon_installed_package_information.package_discovery:Found 5 installed packages in /home/amov/navigation/install
[0.664s] DEBUG:colcon.colcon_installed_package_information.package_discovery:Found 1 installed packages in /home/amov/navigation/livox_install
[0.666s] DEBUG:colcon.colcon_installed_package_information.package_discovery:Found 274 installed packages in /opt/ros/humble
[0.700s] Level 1:colcon.colcon_core.package_discovery:discover_packages(prefix_path) using defaults
[0.769s] Level 5:colcon.colcon_core.verb:set package 'scan_planner' build argument 'cmake_args' from command line to 'None'
[0.770s] Level 5:colcon.colcon_core.verb:set package 'scan_planner' build argument 'cmake_target' from command line to 'None'
[0.770s] Level 5:colcon.colcon_core.verb:set package 'scan_planner' build argument 'cmake_target_skip_unavailable' from command line to 'False'
[0.770s] Level 5:colcon.colcon_core.verb:set package 'scan_planner' build argument 'cmake_clean_cache' from command line to 'False'
[0.770s] Level 5:colcon.colcon_core.verb:set package 'scan_planner' build argument 'cmake_clean_first' from command line to 'False'
[0.770s] Level 5:colcon.colcon_core.verb:set package 'scan_planner' build argument 'cmake_force_configure' from command line to 'False'
[0.770s] Level 5:colcon.colcon_core.verb:set package 'scan_planner' build argument 'ament_cmake_args' from command line to 'None'
[0.770s] Level 5:colcon.colcon_core.verb:set package 'scan_planner' build argument 'catkin_cmake_args' from command line to 'None'
[0.770s] Level 5:colcon.colcon_core.verb:set package 'scan_planner' build argument 'catkin_skip_building_tests' from command line to 'False'
[0.770s] DEBUG:colcon.colcon_core.verb:Building package 'scan_planner' with the following arguments: {'ament_cmake_args': None, 'build_base': '/home/amov/scan_ws/build/scan_planner', 'catkin_cmake_args': None, 'catkin_skip_building_tests': False, 'cmake_args': None, 'cmake_clean_cache': False, 'cmake_clean_first': False, 'cmake_force_configure': False, 'cmake_target': None, 'cmake_target_skip_unavailable': False, 'install_base': '/home/amov/scan_ws/install/scan_planner', 'merge_install': False, 'path': '/home/amov/scan_ws/src/SCAN-Planner-Pure-ROS2-master', 'symlink_install': True, 'test_result_base': None}
[0.770s] INFO:colcon.colcon_core.executor:Executing jobs using 'parallel' executor
[0.772s] DEBUG:colcon.colcon_parallel_executor.executor.parallel:run_until_complete
[0.773s] INFO:colcon.colcon_ros.task.ament_cmake.build:Building ROS package in '/home/amov/scan_ws/src/SCAN-Planner-Pure-ROS2-master' with build type 'ament_cmake'
[0.773s] INFO:colcon.colcon_cmake.task.cmake.build:Building CMake package in '/home/amov/scan_ws/src/SCAN-Planner-Pure-ROS2-master'
[0.779s] INFO:colcon.colcon_core.plugin_system:Skipping extension 'colcon_core.shell.bat': Not used on non-Windows systems
[0.780s] INFO:colcon.colcon_core.shell:Skip shell extension 'powershell' for command environment: Not usable outside of PowerShell
[0.780s] DEBUG:colcon.colcon_core.shell:Skip shell extension 'dsv' for command environment
[0.796s] DEBUG:colcon.colcon_core.event_handler.log_command:Invoking command in '/home/amov/scan_ws/build/scan_planner': CMAKE_PREFIX_PATH=${CMAKE_PREFIX_PATH}:/opt/ros/humble /usr/bin/cmake /home/amov/scan_ws/src/SCAN-Planner-Pure-ROS2-master -DAMENT_CMAKE_SYMLINK_INSTALL=1 -DCMAKE_INSTALL_PREFIX=/home/amov/scan_ws/install/scan_planner
[2.069s] DEBUG:colcon.colcon_core.event_handler.log_command:Invoked command in '/home/amov/scan_ws/build/scan_planner' returned '0': CMAKE_PREFIX_PATH=${CMAKE_PREFIX_PATH}:/opt/ros/humble /usr/bin/cmake /home/amov/scan_ws/src/SCAN-Planner-Pure-ROS2-master -DAMENT_CMAKE_SYMLINK_INSTALL=1 -DCMAKE_INSTALL_PREFIX=/home/amov/scan_ws/install/scan_planner
[2.074s] DEBUG:colcon.colcon_core.event_handler.log_command:Invoking command in '/home/amov/scan_ws/build/scan_planner': CMAKE_PREFIX_PATH=${CMAKE_PREFIX_PATH}:/opt/ros/humble /usr/bin/cmake --build /home/amov/scan_ws/build/scan_planner -- -j8 -l8
[180.893s] DEBUG:colcon.colcon_core.event_handler.log_command:Invoked command in '/home/amov/scan_ws/build/scan_planner' returned '0': CMAKE_PREFIX_PATH=${CMAKE_PREFIX_PATH}:/opt/ros/humble /usr/bin/cmake --build /home/amov/scan_ws/build/scan_planner -- -j8 -l8
[180.923s] DEBUG:colcon.colcon_core.event_handler.log_command:Invoking command in '/home/amov/scan_ws/build/scan_planner': CMAKE_PREFIX_PATH=${CMAKE_PREFIX_PATH}:/opt/ros/humble /usr/bin/cmake --install /home/amov/scan_ws/build/scan_planner
[180.988s] Level 1:colcon.colcon_core.environment:create_environment_scripts_only(scan_planner)
[180.990s] DEBUG:colcon.colcon_core.event_handler.log_command:Invoked command in '/home/amov/scan_ws/build/scan_planner' returned '0': CMAKE_PREFIX_PATH=${CMAKE_PREFIX_PATH}:/opt/ros/humble /usr/bin/cmake --install /home/amov/scan_ws/build/scan_planner
[180.998s] Level 1:colcon.colcon_core.environment:checking '/home/amov/scan_ws/install/scan_planner' for CMake module files
[180.999s] Level 1:colcon.colcon_core.environment:checking '/home/amov/scan_ws/install/scan_planner' for CMake config files
[181.000s] Level 1:colcon.colcon_core.shell:create_environment_hook('scan_planner', 'cmake_prefix_path')
[181.000s] INFO:colcon.colcon_core.shell:Creating environment hook '/home/amov/scan_ws/install/scan_planner/share/scan_planner/hook/cmake_prefix_path.ps1'
[181.002s] INFO:colcon.colcon_core.shell:Creating environment descriptor '/home/amov/scan_ws/install/scan_planner/share/scan_planner/hook/cmake_prefix_path.dsv'
[181.003s] INFO:colcon.colcon_core.shell:Creating environment hook '/home/amov/scan_ws/install/scan_planner/share/scan_planner/hook/cmake_prefix_path.sh'
[181.006s] Level 1:colcon.colcon_core.environment:checking '/home/amov/scan_ws/install/scan_planner/lib'
[181.006s] Level 1:colcon.colcon_core.environment:checking '/home/amov/scan_ws/install/scan_planner/bin'
[181.006s] Level 1:colcon.colcon_core.environment:checking '/home/amov/scan_ws/install/scan_planner/lib/pkgconfig/scan_planner.pc'
[181.007s] Level 1:colcon.colcon_core.environment:checking '/home/amov/scan_ws/install/scan_planner/lib/python3.10/site-packages'
[181.007s] Level 1:colcon.colcon_core.environment:checking '/home/amov/scan_ws/install/scan_planner/bin'
[181.008s] INFO:colcon.colcon_core.shell:Creating package script '/home/amov/scan_ws/install/scan_planner/share/scan_planner/package.ps1'
[181.011s] INFO:colcon.colcon_core.shell:Creating package descriptor '/home/amov/scan_ws/install/scan_planner/share/scan_planner/package.dsv'
[181.012s] INFO:colcon.colcon_core.shell:Creating package script '/home/amov/scan_ws/install/scan_planner/share/scan_planner/package.sh'
[181.014s] INFO:colcon.colcon_core.shell:Creating package script '/home/amov/scan_ws/install/scan_planner/share/scan_planner/package.bash'
[181.016s] INFO:colcon.colcon_core.shell:Creating package script '/home/amov/scan_ws/install/scan_planner/share/scan_planner/package.zsh'
[181.017s] Level 1:colcon.colcon_core.environment:create_file_with_runtime_dependencies(/home/amov/scan_ws/install/scan_planner/share/colcon-core/packages/scan_planner)
[181.019s] Level 1:colcon.colcon_core.environment:create_environment_scripts_only(scan_planner)
[181.019s] Level 1:colcon.colcon_core.environment:checking '/home/amov/scan_ws/install/scan_planner' for CMake module files
[181.020s] Level 1:colcon.colcon_core.environment:checking '/home/amov/scan_ws/install/scan_planner' for CMake config files
[181.022s] Level 1:colcon.colcon_core.shell:create_environment_hook('scan_planner', 'cmake_prefix_path')
[181.022s] INFO:colcon.colcon_core.shell:Creating environment hook '/home/amov/scan_ws/install/scan_planner/share/scan_planner/hook/cmake_prefix_path.ps1'
[181.024s] INFO:colcon.colcon_core.shell:Creating environment descriptor '/home/amov/scan_ws/install/scan_planner/share/scan_planner/hook/cmake_prefix_path.dsv'
[181.025s] INFO:colcon.colcon_core.shell:Creating environment hook '/home/amov/scan_ws/install/scan_planner/share/scan_planner/hook/cmake_prefix_path.sh'
[181.026s] Level 1:colcon.colcon_core.environment:checking '/home/amov/scan_ws/install/scan_planner/lib'
[181.027s] Level 1:colcon.colcon_core.environment:checking '/home/amov/scan_ws/install/scan_planner/bin'
[181.027s] Level 1:colcon.colcon_core.environment:checking '/home/amov/scan_ws/install/scan_planner/lib/pkgconfig/scan_planner.pc'
[181.028s] Level 1:colcon.colcon_core.environment:checking '/home/amov/scan_ws/install/scan_planner/lib/python3.10/site-packages'
[181.029s] Level 1:colcon.colcon_core.environment:checking '/home/amov/scan_ws/install/scan_planner/bin'
[181.029s] INFO:colcon.colcon_core.shell:Creating package script '/home/amov/scan_ws/install/scan_planner/share/scan_planner/package.ps1'
[181.031s] INFO:colcon.colcon_core.shell:Creating package descriptor '/home/amov/scan_ws/install/scan_planner/share/scan_planner/package.dsv'
[181.033s] INFO:colcon.colcon_core.shell:Creating package script '/home/amov/scan_ws/install/scan_planner/share/scan_planner/package.sh'
[181.034s] INFO:colcon.colcon_core.shell:Creating package script '/home/amov/scan_ws/install/scan_planner/share/scan_planner/package.bash'
[181.035s] INFO:colcon.colcon_core.shell:Creating package script '/home/amov/scan_ws/install/scan_planner/share/scan_planner/package.zsh'
[181.036s] Level 1:colcon.colcon_core.environment:create_file_with_runtime_dependencies(/home/amov/scan_ws/install/scan_planner/share/colcon-core/packages/scan_planner)
[181.037s] DEBUG:colcon.colcon_parallel_executor.executor.parallel:closing loop
[181.037s] DEBUG:colcon.colcon_parallel_executor.executor.parallel:loop closed
[181.037s] DEBUG:colcon.colcon_parallel_executor.executor.parallel:run_until_complete finished with '0'
[181.037s] DEBUG:colcon.colcon_core.event_reactor:joining thread
[181.058s] INFO:colcon.colcon_core.plugin_system:Skipping extension 'colcon_notification.desktop_notification.terminal_notifier': Not used on non-Darwin systems
[181.058s] INFO:colcon.colcon_core.plugin_system:Skipping extension 'colcon_notification.desktop_notification.win32': Not used on non-Windows systems
[181.058s] INFO:colcon.colcon_notification.desktop_notification:Sending desktop notification using 'notify2'
[181.059s] DEBUG:colcon.colcon_notification.desktop_notification.notify2:Failed to initialize notify2: org.freedesktop.DBus.Error.AccessDenied: Failed to connect to socket /run/user/1000/bus: Operation not permitted
[181.059s] DEBUG:colcon.colcon_core.event_reactor:joined thread
[181.060s] INFO:colcon.colcon_core.shell:Creating prefix script '/home/amov/scan_ws/install/local_setup.ps1'
[181.063s] INFO:colcon.colcon_core.shell:Creating prefix util module '/home/amov/scan_ws/install/_local_setup_util_ps1.py'
[181.068s] INFO:colcon.colcon_core.shell:Creating prefix chain script '/home/amov/scan_ws/install/setup.ps1'
[181.074s] INFO:colcon.colcon_core.shell:Creating prefix script '/home/amov/scan_ws/install/local_setup.sh'
[181.076s] INFO:colcon.colcon_core.shell:Creating prefix util module '/home/amov/scan_ws/install/_local_setup_util_sh.py'
[181.078s] INFO:colcon.colcon_core.shell:Creating prefix chain script '/home/amov/scan_ws/install/setup.sh'
[181.082s] INFO:colcon.colcon_core.shell:Creating prefix script '/home/amov/scan_ws/install/local_setup.bash'
[181.084s] INFO:colcon.colcon_core.shell:Creating prefix chain script '/home/amov/scan_ws/install/setup.bash'
[181.088s] INFO:colcon.colcon_core.shell:Creating prefix script '/home/amov/scan_ws/install/local_setup.zsh'
[181.090s] INFO:colcon.colcon_core.shell:Creating prefix chain script '/home/amov/scan_ws/install/setup.zsh'
