[0.192s] DEBUG:colcon:Command line arguments: ['/usr/bin/colcon', 'build', '--packages-select', 'scan_planner', '--event-handlers', 'console_direct+']
[0.193s] DEBUG:colcon:Parsed command line arguments: Namespace(log_base=None, log_level=None, verb_name='build', build_base='build', install_base='install', merge_install=False, symlink_install=False, test_result_base=None, continue_on_error=False, executor='parallel', parallel_workers=8, event_handlers=['console_direct+'], ignore_user_meta=False, metas=['./colcon.meta'], base_paths=['.'], packages_ignore=None, packages_ignore_regex=None, paths=None, packages_up_to=None, packages_up_to_regex=None, packages_above=None, packages_above_and_dependencies=None, packages_above_depth=None, packages_select_by_dep=None, packages_skip_by_dep=None, packages_skip_up_to=None, packages_select_build_failed=False, packages_skip_build_finished=False, packages_select_test_failures=False, packages_skip_test_passed=False, packages_select=['scan_planner'], packages_skip=None, packages_select_regex=None, packages_skip_regex=None, packages_start=None, packages_end=None, allow_overriding=[], cmake_args=None, cmake_target=None, cmake_target_skip_unavailable=False, cmake_clean_cache=False, cmake_clean_first=False, cmake_force_configure=False, ament_cmake_args=None, catkin_cmake_args=None, catkin_skip_building_tests=False, verb_parser=<colcon_defaults.argument_parser.defaults.DefaultArgumentsDecorator object at 0xffffac564c70>, verb_extension=<colcon_core.verb.build.BuildVerb object at 0xffffac5648b0>, main=<bound method BuildVerb.main of <colcon_core.verb.build.BuildVerb object at 0xffffac5648b0>>)
[0.466s] Level 1:colcon.colcon_core.package_discovery:discover_packages(colcon_meta) check parameters
[0.467s] Level 1:colcon.colcon_core.package_discovery:discover_packages(recursive) check parameters
[0.467s] Level 1:colcon.colcon_core.package_discovery:discover_packages(ignore) check parameters
[0.467s] Level 1:colcon.colcon_core.package_discovery:discover_packages(path) check parameters
[0.467s] Level 1:colcon.colcon_core.package_discovery:discover_packages(colcon_meta) discover
[0.467s] Level 1:colcon.colcon_core.package_discovery:discover_packages(recursive) discover
[0.467s] INFO:colcon.colcon_core.package_discovery:Crawling recursively for packages in '/home/amov/scan_ws'
[0.467s] Level 1:colcon.colcon_core.package_identification:_identify(.) by extensions ['ignore', 'ignore_ament_install']
[0.467s] Level 1:colcon.colcon_core.package_identification:_identify(.) by extension 'ignore'
[0.467s] Level 1:colcon.colcon_core.package_identification:_identify(.) by extension 'ignore_ament_install'
[0.468s] Level 1:colcon.colcon_core.package_identification:_identify(.) by extensions ['colcon_pkg']
[0.468s] Level 1:colcon.colcon_core.package_identification:_identify(.) by extension 'colcon_pkg'
[0.468s] Level 1:colcon.colcon_core.package_identification:_identify(.) by extensions ['colcon_meta']
[0.468s] Level 1:colcon.colcon_core.package_identification:_identify(.) by extension 'colcon_meta'
[0.468s] Level 1:colcon.colcon_core.package_identification:_identify(.) by extensions ['ros']
[0.468s] Level 1:colcon.colcon_core.package_identification:_identify(.) by extension 'ros'
[0.490s] Level 1:colcon.colcon_core.package_identification:_identify(.) by extensions ['cmake', 'python']
[0.490s] Level 1:colcon.colcon_core.package_identification:_identify(.) by extension 'cmake'
[0.490s] Level 1:colcon.colcon_core.package_identification:_identify(.) by extension 'python'
[0.490s] Level 1:colcon.colcon_core.package_identification:_identify(.) by extensions ['python_setup_py']
[0.490s] Level 1:colcon.colcon_core.package_identification:_identify(.) by extension 'python_setup_py'
[0.491s] Level 1:colcon.colcon_core.package_identification:_identify(build) by extensions ['ignore', 'ignore_ament_install']
[0.491s] Level 1:colcon.colcon_core.package_identification:_identify(build) by extension 'ignore'
[0.491s] Level 1:colcon.colcon_core.package_identification:_identify(build) ignored
[0.491s] Level 1:colcon.colcon_core.package_identification:_identify(install) by extensions ['ignore', 'ignore_ament_install']
[0.491s] Level 1:colcon.colcon_core.package_identification:_identify(install) by extension 'ignore'
[0.492s] Level 1:colcon.colcon_core.package_identification:_identify(install) ignored
[0.492s] Level 1:colcon.colcon_core.package_identification:_identify(log) by extensions ['ignore', 'ignore_ament_install']
[0.492s] Level 1:colcon.colcon_core.package_identification:_identify(log) by extension 'ignore'
[0.492s] Level 1:colcon.colcon_core.package_identification:_identify(log) ignored
[0.492s] Level 1:colcon.colcon_core.package_identification:_identify(src) by extensions ['ignore', 'ignore_ament_install']
[0.492s] Level 1:colcon.colcon_core.package_identification:_identify(src) by extension 'ignore'
[0.492s] Level 1:colcon.colcon_core.package_identification:_identify(src) by extension 'ignore_ament_install'
[0.493s] Level 1:colcon.colcon_core.package_identification:_identify(src) by extensions ['colcon_pkg']
[0.493s] Level 1:colcon.colcon_core.package_identification:_identify(src) by extension 'colcon_pkg'
[0.493s] Level 1:colcon.colcon_core.package_identification:_identify(src) by extensions ['colcon_meta']
[0.493s] Level 1:colcon.colcon_core.package_identification:_identify(src) by extension 'colcon_meta'
[0.493s] Level 1:colcon.colcon_core.package_identification:_identify(src) by extensions ['ros']
[0.493s] Level 1:colcon.colcon_core.package_identification:_identify(src) by extension 'ros'
[0.493s] Level 1:colcon.colcon_core.package_identification:_identify(src) by extensions ['cmake', 'python']
[0.493s] Level 1:colcon.colcon_core.package_identification:_identify(src) by extension 'cmake'
[0.493s] Level 1:colcon.colcon_core.package_identification:_identify(src) by extension 'python'
[0.493s] Level 1:colcon.colcon_core.package_identification:_identify(src) by extensions ['python_setup_py']
[0.493s] Level 1:colcon.colcon_core.package_identification:_identify(src) by extension 'python_setup_py'
[0.494s] Level 1:colcon.colcon_core.package_identification:_identify(src/SCAN-Planner-Pure-ROS2-master) by extensions ['ignore', 'ignore_ament_install']
[0.494s] Level 1:colcon.colcon_core.package_identification:_identify(src/SCAN-Planner-Pure-ROS2-master) by extension 'ignore'
[0.494s] Level 1:colcon.colcon_core.package_identification:_identify(src/SCAN-Planner-Pure-ROS2-master) by extension 'ignore_ament_install'
[0.494s] Level 1:colcon.colcon_core.package_identification:_identify(src/SCAN-Planner-Pure-ROS2-master) by extensions ['colcon_pkg']
[0.494s] Level 1:colcon.colcon_core.package_identification:_identify(src/SCAN-Planner-Pure-ROS2-master) by extension 'colcon_pkg'
[0.494s] Level 1:colcon.colcon_core.package_identification:_identify(src/SCAN-Planner-Pure-ROS2-master) by extensions ['colcon_meta']
[0.494s] Level 1:colcon.colcon_core.package_identification:_identify(src/SCAN-Planner-Pure-ROS2-master) by extension 'colcon_meta'
[0.494s] Level 1:colcon.colcon_core.package_identification:_identify(src/SCAN-Planner-Pure-ROS2-master) by extensions ['ros']
[0.494s] Level 1:colcon.colcon_core.package_identification:_identify(src/SCAN-Planner-Pure-ROS2-master) by extension 'ros'
[0.500s] DEBUG:colcon.colcon_core.package_identification:Package 'src/SCAN-Planner-Pure-ROS2-master' with type 'ros.ament_cmake' and name 'scan_planner'
[0.500s] Level 1:colcon.colcon_core.package_discovery:discover_packages(recursive) using defaults
[0.500s] Level 1:colcon.colcon_core.package_discovery:discover_packages(ignore) discover
[0.500s] Level 1:colcon.colcon_core.package_discovery:discover_packages(ignore) using defaults
[0.500s] Level 1:colcon.colcon_core.package_discovery:discover_packages(path) discover
[0.500s] Level 1:colcon.colcon_core.package_discovery:discover_packages(path) using defaults
[0.536s] Level 1:colcon.colcon_core.package_discovery:discover_packages(prefix_path) check parameters
[0.537s] Level 1:colcon.colcon_core.package_discovery:discover_packages(prefix_path) discover
[0.540s] DEBUG:colcon.colcon_installed_package_information.package_discovery:Found 5 installed packages in /home/amov/navigation/install
[0.541s] DEBUG:colcon.colcon_installed_package_information.package_discovery:Found 1 installed packages in /home/amov/navigation/livox_install
[0.543s] DEBUG:colcon.colcon_installed_package_information.package_discovery:Found 274 installed packages in /opt/ros/humble
[0.580s] Level 1:colcon.colcon_core.package_discovery:discover_packages(prefix_path) using defaults
[0.646s] Level 5:colcon.colcon_core.verb:set package 'scan_planner' build argument 'cmake_args' from command line to 'None'
[0.646s] Level 5:colcon.colcon_core.verb:set package 'scan_planner' build argument 'cmake_target' from command line to 'None'
[0.646s] Level 5:colcon.colcon_core.verb:set package 'scan_planner' build argument 'cmake_target_skip_unavailable' from command line to 'False'
[0.646s] Level 5:colcon.colcon_core.verb:set package 'scan_planner' build argument 'cmake_clean_cache' from command line to 'False'
[0.646s] Level 5:colcon.colcon_core.verb:set package 'scan_planner' build argument 'cmake_clean_first' from command line to 'False'
[0.646s] Level 5:colcon.colcon_core.verb:set package 'scan_planner' build argument 'cmake_force_configure' from command line to 'False'
[0.646s] Level 5:colcon.colcon_core.verb:set package 'scan_planner' build argument 'ament_cmake_args' from command line to 'None'
[0.646s] Level 5:colcon.colcon_core.verb:set package 'scan_planner' build argument 'catkin_cmake_args' from command line to 'None'
[0.646s] Level 5:colcon.colcon_core.verb:set package 'scan_planner' build argument 'catkin_skip_building_tests' from command line to 'False'
[0.646s] DEBUG:colcon.colcon_core.verb:Building package 'scan_planner' with the following arguments: {'ament_cmake_args': None, 'build_base': '/home/amov/scan_ws/build/scan_planner', 'catkin_cmake_args': None, 'catkin_skip_building_tests': False, 'cmake_args': None, 'cmake_clean_cache': False, 'cmake_clean_first': False, 'cmake_force_configure': False, 'cmake_target': None, 'cmake_target_skip_unavailable': False, 'install_base': '/home/amov/scan_ws/install/scan_planner', 'merge_install': False, 'path': '/home/amov/scan_ws/src/SCAN-Planner-Pure-ROS2-master', 'symlink_install': False, 'test_result_base': None}
[0.647s] INFO:colcon.colcon_core.executor:Executing jobs using 'parallel' executor
[0.649s] DEBUG:colcon.colcon_parallel_executor.executor.parallel:run_until_complete
[0.649s] INFO:colcon.colcon_ros.task.ament_cmake.build:Building ROS package in '/home/amov/scan_ws/src/SCAN-Planner-Pure-ROS2-master' with build type 'ament_cmake'
[0.650s] INFO:colcon.colcon_cmake.task.cmake.build:Building CMake package in '/home/amov/scan_ws/src/SCAN-Planner-Pure-ROS2-master'
[0.653s] INFO:colcon.colcon_core.plugin_system:Skipping extension 'colcon_core.shell.bat': Not used on non-Windows systems
[0.654s] INFO:colcon.colcon_core.shell:Skip shell extension 'powershell' for command environment: Not usable outside of PowerShell
[0.654s] DEBUG:colcon.colcon_core.shell:Skip shell extension 'dsv' for command environment
[0.671s] DEBUG:colcon.colcon_core.event_handler.log_command:Invoking command in '/home/amov/scan_ws/build/scan_planner': CMAKE_PREFIX_PATH=${CMAKE_PREFIX_PATH}:/opt/ros/humble /usr/bin/cmake --build /home/amov/scan_ws/build/scan_planner -- -j8 -l8
[93.049s] DEBUG:colcon.colcon_core.event_handler.log_command:Invoked command in '/home/amov/scan_ws/build/scan_planner' returned '0': CMAKE_PREFIX_PATH=${CMAKE_PREFIX_PATH}:/opt/ros/humble /usr/bin/cmake --build /home/amov/scan_ws/build/scan_planner -- -j8 -l8
[93.075s] DEBUG:colcon.colcon_core.event_handler.log_command:Invoking command in '/home/amov/scan_ws/build/scan_planner': CMAKE_PREFIX_PATH=${CMAKE_PREFIX_PATH}:/opt/ros/humble /usr/bin/cmake --install /home/amov/scan_ws/build/scan_planner
[93.242s] Level 1:colcon.colcon_core.environment:create_environment_scripts_only(scan_planner)
[93.244s] DEBUG:colcon.colcon_core.event_handler.log_command:Invoked command in '/home/amov/scan_ws/build/scan_planner' returned '0': CMAKE_PREFIX_PATH=${CMAKE_PREFIX_PATH}:/opt/ros/humble /usr/bin/cmake --install /home/amov/scan_ws/build/scan_planner
[93.248s] Level 1:colcon.colcon_core.environment:checking '/home/amov/scan_ws/install/scan_planner' for CMake module files
[93.249s] Level 1:colcon.colcon_core.environment:checking '/home/amov/scan_ws/install/scan_planner' for CMake config files
[93.250s] Level 1:colcon.colcon_core.shell:create_environment_hook('scan_planner', 'cmake_prefix_path')
[93.250s] INFO:colcon.colcon_core.shell:Creating environment hook '/home/amov/scan_ws/install/scan_planner/share/scan_planner/hook/cmake_prefix_path.ps1'
[93.252s] INFO:colcon.colcon_core.shell:Creating environment descriptor '/home/amov/scan_ws/install/scan_planner/share/scan_planner/hook/cmake_prefix_path.dsv'
[93.253s] INFO:colcon.colcon_core.shell:Creating environment hook '/home/amov/scan_ws/install/scan_planner/share/scan_planner/hook/cmake_prefix_path.sh'
[93.255s] Level 1:colcon.colcon_core.environment:checking '/home/amov/scan_ws/install/scan_planner/lib'
[93.255s] Level 1:colcon.colcon_core.environment:checking '/home/amov/scan_ws/install/scan_planner/bin'
[93.255s] Level 1:colcon.colcon_core.environment:checking '/home/amov/scan_ws/install/scan_planner/lib/pkgconfig/scan_planner.pc'
[93.256s] Level 1:colcon.colcon_core.environment:checking '/home/amov/scan_ws/install/scan_planner/lib/python3.10/site-packages'
[93.256s] Level 1:colcon.colcon_core.environment:checking '/home/amov/scan_ws/install/scan_planner/bin'
[93.257s] INFO:colcon.colcon_core.shell:Creating package script '/home/amov/scan_ws/install/scan_planner/share/scan_planner/package.ps1'
[93.259s] INFO:colcon.colcon_core.shell:Creating package descriptor '/home/amov/scan_ws/install/scan_planner/share/scan_planner/package.dsv'
[93.260s] INFO:colcon.colcon_core.shell:Creating package script '/home/amov/scan_ws/install/scan_planner/share/scan_planner/package.sh'
[93.262s] INFO:colcon.colcon_core.shell:Creating package script '/home/amov/scan_ws/install/scan_planner/share/scan_planner/package.bash'
[93.263s] INFO:colcon.colcon_core.shell:Creating package script '/home/amov/scan_ws/install/scan_planner/share/scan_planner/package.zsh'
[93.264s] Level 1:colcon.colcon_core.environment:create_file_with_runtime_dependencies(/home/amov/scan_ws/install/scan_planner/share/colcon-core/packages/scan_planner)
[93.265s] Level 1:colcon.colcon_core.environment:create_environment_scripts_only(scan_planner)
[93.266s] Level 1:colcon.colcon_core.environment:checking '/home/amov/scan_ws/install/scan_planner' for CMake module files
[93.267s] Level 1:colcon.colcon_core.environment:checking '/home/amov/scan_ws/install/scan_planner' for CMake config files
[93.267s] Level 1:colcon.colcon_core.shell:create_environment_hook('scan_planner', 'cmake_prefix_path')
[93.267s] INFO:colcon.colcon_core.shell:Creating environment hook '/home/amov/scan_ws/install/scan_planner/share/scan_planner/hook/cmake_prefix_path.ps1'
[93.268s] INFO:colcon.colcon_core.shell:Creating environment descriptor '/home/amov/scan_ws/install/scan_planner/share/scan_planner/hook/cmake_prefix_path.dsv'
[93.269s] INFO:colcon.colcon_core.shell:Creating environment hook '/home/amov/scan_ws/install/scan_planner/share/scan_planner/hook/cmake_prefix_path.sh'
[93.270s] Level 1:colcon.colcon_core.environment:checking '/home/amov/scan_ws/install/scan_planner/lib'
[93.270s] Level 1:colcon.colcon_core.environment:checking '/home/amov/scan_ws/install/scan_planner/bin'
[93.270s] Level 1:colcon.colcon_core.environment:checking '/home/amov/scan_ws/install/scan_planner/lib/pkgconfig/scan_planner.pc'
[93.270s] Level 1:colcon.colcon_core.environment:checking '/home/amov/scan_ws/install/scan_planner/lib/python3.10/site-packages'
[93.271s] Level 1:colcon.colcon_core.environment:checking '/home/amov/scan_ws/install/scan_planner/bin'
[93.271s] INFO:colcon.colcon_core.shell:Creating package script '/home/amov/scan_ws/install/scan_planner/share/scan_planner/package.ps1'
[93.273s] INFO:colcon.colcon_core.shell:Creating package descriptor '/home/amov/scan_ws/install/scan_planner/share/scan_planner/package.dsv'
[93.274s] INFO:colcon.colcon_core.shell:Creating package script '/home/amov/scan_ws/install/scan_planner/share/scan_planner/package.sh'
[93.274s] INFO:colcon.colcon_core.shell:Creating package script '/home/amov/scan_ws/install/scan_planner/share/scan_planner/package.bash'
[93.275s] INFO:colcon.colcon_core.shell:Creating package script '/home/amov/scan_ws/install/scan_planner/share/scan_planner/package.zsh'
[93.276s] Level 1:colcon.colcon_core.environment:create_file_with_runtime_dependencies(/home/amov/scan_ws/install/scan_planner/share/colcon-core/packages/scan_planner)
[93.276s] DEBUG:colcon.colcon_parallel_executor.executor.parallel:closing loop
[93.277s] DEBUG:colcon.colcon_parallel_executor.executor.parallel:loop closed
[93.277s] DEBUG:colcon.colcon_parallel_executor.executor.parallel:run_until_complete finished with '0'
[93.277s] DEBUG:colcon.colcon_core.event_reactor:joining thread
[93.289s] INFO:colcon.colcon_core.plugin_system:Skipping extension 'colcon_notification.desktop_notification.terminal_notifier': Not used on non-Darwin systems
[93.289s] INFO:colcon.colcon_core.plugin_system:Skipping extension 'colcon_notification.desktop_notification.win32': Not used on non-Windows systems
[93.289s] INFO:colcon.colcon_notification.desktop_notification:Sending desktop notification using 'notify2'
[93.320s] DEBUG:colcon.colcon_core.event_reactor:joined thread
[93.322s] INFO:colcon.colcon_core.shell:Creating prefix script '/home/amov/scan_ws/install/local_setup.ps1'
[93.324s] INFO:colcon.colcon_core.shell:Creating prefix util module '/home/amov/scan_ws/install/_local_setup_util_ps1.py'
[93.328s] INFO:colcon.colcon_core.shell:Creating prefix chain script '/home/amov/scan_ws/install/setup.ps1'
[93.331s] INFO:colcon.colcon_core.shell:Creating prefix script '/home/amov/scan_ws/install/local_setup.sh'
[93.333s] INFO:colcon.colcon_core.shell:Creating prefix util module '/home/amov/scan_ws/install/_local_setup_util_sh.py'
[93.334s] INFO:colcon.colcon_core.shell:Creating prefix chain script '/home/amov/scan_ws/install/setup.sh'
[93.337s] INFO:colcon.colcon_core.shell:Creating prefix script '/home/amov/scan_ws/install/local_setup.bash'
[93.338s] INFO:colcon.colcon_core.shell:Creating prefix chain script '/home/amov/scan_ws/install/setup.bash'
[93.341s] INFO:colcon.colcon_core.shell:Creating prefix script '/home/amov/scan_ws/install/local_setup.zsh'
[93.342s] INFO:colcon.colcon_core.shell:Creating prefix chain script '/home/amov/scan_ws/install/setup.zsh'
