[0.166s] DEBUG:colcon:Command line arguments: ['/usr/bin/colcon', 'list', '--base-paths', '/home/amov/scan_ws/src']
[0.166s] DEBUG:colcon:Parsed command line arguments: Namespace(log_base=None, log_level=None, verb_name='list', build_base='build', ignore_user_meta=False, metas=['./colcon.meta'], base_paths=['/home/amov/scan_ws/src'], packages_ignore=None, packages_ignore_regex=None, paths=None, packages_up_to=None, packages_up_to_regex=None, packages_above=None, packages_above_and_dependencies=None, packages_above_depth=None, packages_select_by_dep=None, packages_skip_by_dep=None, packages_skip_up_to=None, packages_select_build_failed=False, packages_skip_build_finished=False, packages_select_test_failures=False, packages_skip_test_passed=False, packages_select=None, packages_skip=None, packages_select_regex=None, packages_skip_regex=None, packages_start=None, packages_end=None, allow_overriding=[], topological_order=False, names_only=False, paths_only=False, topological_graph=False, topological_graph_dot=False, topological_graph_density=False, topological_graph_legend=False, topological_graph_dot_cluster=False, topological_graph_dot_include_skipped=False, verb_parser=<colcon_defaults.argument_parser.defaults.DefaultArgumentsDecorator object at 0xffffbc314910>, verb_extension=<colcon_package_information.verb.list.ListVerb object at 0xffffbc4d95d0>, main=<bound method ListVerb.main of <colcon_package_information.verb.list.ListVerb object at 0xffffbc4d95d0>>)
[0.448s] Level 1:colcon.colcon_core.package_discovery:discover_packages(colcon_meta) check parameters
[0.448s] Level 1:colcon.colcon_core.package_discovery:discover_packages(recursive) check parameters
[0.448s] Level 1:colcon.colcon_core.package_discovery:discover_packages(ignore) check parameters
[0.448s] Level 1:colcon.colcon_core.package_discovery:discover_packages(path) check parameters
[0.448s] Level 1:colcon.colcon_core.package_discovery:discover_packages(recursive) discover
[0.448s] INFO:colcon.colcon_core.package_discovery:Crawling recursively for packages in '/home/amov/scan_ws/src'
[0.449s] Level 1:colcon.colcon_core.package_identification:_identify(/home/amov/scan_ws/src) by extensions ['ignore', 'ignore_ament_install']
[0.449s] Level 1:colcon.colcon_core.package_identification:_identify(/home/amov/scan_ws/src) by extension 'ignore'
[0.449s] Level 1:colcon.colcon_core.package_identification:_identify(/home/amov/scan_ws/src) by extension 'ignore_ament_install'
[0.449s] Level 1:colcon.colcon_core.package_identification:_identify(/home/amov/scan_ws/src) by extensions ['colcon_pkg']
[0.449s] Level 1:colcon.colcon_core.package_identification:_identify(/home/amov/scan_ws/src) by extension 'colcon_pkg'
[0.449s] Level 1:colcon.colcon_core.package_identification:_identify(/home/amov/scan_ws/src) by extensions ['colcon_meta']
[0.449s] Level 1:colcon.colcon_core.package_identification:_identify(/home/amov/scan_ws/src) by extension 'colcon_meta'
[0.449s] Level 1:colcon.colcon_core.package_identification:_identify(/home/amov/scan_ws/src) by extensions ['ros']
[0.449s] Level 1:colcon.colcon_core.package_identification:_identify(/home/amov/scan_ws/src) by extension 'ros'
[0.473s] Level 1:colcon.colcon_core.package_identification:_identify(/home/amov/scan_ws/src) by extensions ['cmake', 'python']
[0.473s] Level 1:colcon.colcon_core.package_identification:_identify(/home/amov/scan_ws/src) by extension 'cmake'
[0.473s] Level 1:colcon.colcon_core.package_identification:_identify(/home/amov/scan_ws/src) by extension 'python'
[0.473s] Level 1:colcon.colcon_core.package_identification:_identify(/home/amov/scan_ws/src) by extensions ['python_setup_py']
[0.473s] Level 1:colcon.colcon_core.package_identification:_identify(/home/amov/scan_ws/src) by extension 'python_setup_py'
[0.473s] Level 1:colcon.colcon_core.package_identification:_identify(/home/amov/scan_ws/src/SCAN-Planner-Pure-ROS2-master) by extensions ['ignore', 'ignore_ament_install']
[0.474s] Level 1:colcon.colcon_core.package_identification:_identify(/home/amov/scan_ws/src/SCAN-Planner-Pure-ROS2-master) by extension 'ignore'
[0.474s] Level 1:colcon.colcon_core.package_identification:_identify(/home/amov/scan_ws/src/SCAN-Planner-Pure-ROS2-master) by extension 'ignore_ament_install'
[0.474s] Level 1:colcon.colcon_core.package_identification:_identify(/home/amov/scan_ws/src/SCAN-Planner-Pure-ROS2-master) by extensions ['colcon_pkg']
[0.474s] Level 1:colcon.colcon_core.package_identification:_identify(/home/amov/scan_ws/src/SCAN-Planner-Pure-ROS2-master) by extension 'colcon_pkg'
[0.474s] Level 1:colcon.colcon_core.package_identification:_identify(/home/amov/scan_ws/src/SCAN-Planner-Pure-ROS2-master) by extensions ['colcon_meta']
[0.474s] Level 1:colcon.colcon_core.package_identification:_identify(/home/amov/scan_ws/src/SCAN-Planner-Pure-ROS2-master) by extension 'colcon_meta'
[0.474s] Level 1:colcon.colcon_core.package_identification:_identify(/home/amov/scan_ws/src/SCAN-Planner-Pure-ROS2-master) by extensions ['ros']
[0.474s] Level 1:colcon.colcon_core.package_identification:_identify(/home/amov/scan_ws/src/SCAN-Planner-Pure-ROS2-master) by extension 'ros'
[0.480s] DEBUG:colcon.colcon_core.package_identification:Package '/home/amov/scan_ws/src/SCAN-Planner-Pure-ROS2-master' with type 'ros.ament_cmake' and name 'scan_planner'
[0.481s] Level 1:colcon.colcon_core.package_identification:_identify(/home/amov/scan_ws/src/livox_ros_driver2) by extensions ['ignore', 'ignore_ament_install']
[0.481s] Level 1:colcon.colcon_core.package_identification:_identify(/home/amov/scan_ws/src/livox_ros_driver2) by extension 'ignore'
[0.481s] Level 1:colcon.colcon_core.package_identification:_identify(/home/amov/scan_ws/src/livox_ros_driver2) by extension 'ignore_ament_install'
[0.481s] Level 1:colcon.colcon_core.package_identification:_identify(/home/amov/scan_ws/src/livox_ros_driver2) by extensions ['colcon_pkg']
[0.481s] Level 1:colcon.colcon_core.package_identification:_identify(/home/amov/scan_ws/src/livox_ros_driver2) by extension 'colcon_pkg'
[0.481s] Level 1:colcon.colcon_core.package_identification:_identify(/home/amov/scan_ws/src/livox_ros_driver2) by extensions ['colcon_meta']
[0.481s] Level 1:colcon.colcon_core.package_identification:_identify(/home/amov/scan_ws/src/livox_ros_driver2) by extension 'colcon_meta'
[0.482s] Level 1:colcon.colcon_core.package_identification:_identify(/home/amov/scan_ws/src/livox_ros_driver2) by extensions ['ros']
[0.482s] Level 1:colcon.colcon_core.package_identification:_identify(/home/amov/scan_ws/src/livox_ros_driver2) by extension 'ros'
[0.484s] DEBUG:colcon.colcon_core.package_identification:Package '/home/amov/scan_ws/src/livox_ros_driver2' with type 'ros.ament_cmake' and name 'livox_ros_driver2'
[0.484s] Level 1:colcon.colcon_core.package_discovery:discover_packages(recursive) using defaults
