-- Found ament_cmake: 1.3.14 (/opt/ros/humble/share/ament_cmake/cmake)
-- Override CMake install command with custom implementation using symlinks instead of copying resources
-- Found rclcpp: 16.0.19 (/opt/ros/humble/share/rclcpp/cmake)
-- Found rosidl_generator_c: 3.1.9 (/opt/ros/humble/share/rosidl_generator_c/cmake)
-- Found rosidl_adapter: 3.1.9 (/opt/ros/humble/share/rosidl_adapter/cmake)
-- Found rosidl_generator_cpp: 3.1.9 (/opt/ros/humble/share/rosidl_generator_cpp/cmake)
-- Using all available rosidl_typesupport_c: rosidl_typesupport_fastrtps_c;rosidl_typesupport_introspection_c
-- Using all available rosidl_typesupport_cpp: rosidl_typesupport_fastrtps_cpp;rosidl_typesupport_introspection_cpp
-- Found rmw_implementation_cmake: 6.1.2 (/opt/ros/humble/share/rmw_implementation_cmake/cmake)
-- Found rmw_fastrtps_cpp: 6.2.10 (/opt/ros/humble/share/rmw_fastrtps_cpp/cmake)
-- Using RMW implementation 'rmw_fastrtps_cpp' as default
-- Found nav_msgs: 4.9.1 (/opt/ros/humble/share/nav_msgs/cmake)
-- Found tf2: 0.25.20 (/opt/ros/humble/share/tf2/cmake)
-- Found tf2_ros: 0.25.20 (/opt/ros/humble/share/tf2_ros/cmake)
-- Found sensor_msgs: 4.9.1 (/opt/ros/humble/share/sensor_msgs/cmake)
-- Found visualization_msgs: 4.9.1 (/opt/ros/humble/share/visualization_msgs/cmake)
-- Configuring done
-- Generating done
-- Build files have been written to: /home/amov/scan_ws/build/scan_planner
-- Found ament_cmake: 1.3.14 (/opt/ros/humble/share/ament_cmake/cmake)
-- Override CMake install command with custom implementation using symlinks instead of copying resources
-- Found rclcpp: 16.0.19 (/opt/ros/humble/share/rclcpp/cmake)
-- Found rosidl_generator_c: 3.1.9 (/opt/ros/humble/share/rosidl_generator_c/cmake)
-- Found rosidl_adapter: 3.1.9 (/opt/ros/humble/share/rosidl_adapter/cmake)
-- Found rosidl_generator_cpp: 3.1.9 (/opt/ros/humble/share/rosidl_generator_cpp/cmake)
-- Using all available rosidl_typesupport_c: rosidl_typesupport_fastrtps_c;rosidl_typesupport_introspection_c
-- Using all available rosidl_typesupport_cpp: rosidl_typesupport_fastrtps_cpp;rosidl_typesupport_introspection_cpp
-- Found rmw_implementation_cmake: 6.1.2 (/opt/ros/humble/share/rmw_implementation_cmake/cmake)
-- Found rmw_fastrtps_cpp: 6.2.10 (/opt/ros/humble/share/rmw_fastrtps_cpp/cmake)
-- Using RMW implementation 'rmw_fastrtps_cpp' as default
-- Found nav_msgs: 4.9.1 (/opt/ros/humble/share/nav_msgs/cmake)
-- Found tf2: 0.25.20 (/opt/ros/humble/share/tf2/cmake)
-- Found tf2_ros: 0.25.20 (/opt/ros/humble/share/tf2_ros/cmake)
-- Found sensor_msgs: 4.9.1 (/opt/ros/humble/share/sensor_msgs/cmake)
-- Found visualization_msgs: 4.9.1 (/opt/ros/humble/share/visualization_msgs/cmake)
-- Configuring done
-- Generating done
-- Build files have been written to: /home/amov/scan_ws/build/scan_planner
gmake[2]: 警告：文件“planner/plan_env/CMakeFiles/local_map.dir/flags.make”的修改时间在未来 26191 秒后
[35m[1mConsolidate compiler generated dependencies of target local_map[0m
gmake[2]: 警告：检测到时钟错误。您的构建版本可能是不完整的。
gmake[2]: 警告：文件“planner/plan_env/CMakeFiles/local_map.dir/flags.make”的修改时间在未来 26191 秒后
gmake[2]: 警告：检测到时钟错误。您的构建版本可能是不完整的。
[ 16%] Built target local_map
gmake[2]: 警告：文件“planner/path_searching/CMakeFiles/path_searching.dir/flags.make”的修改时间在未来 26191 秒后
[35m[1mConsolidate compiler generated dependencies of target path_searching[0m
gmake[2]: 警告：检测到时钟错误。您的构建版本可能是不完整的。
gmake[2]: 警告：文件“planner/path_searching/CMakeFiles/path_searching.dir/flags.make”的修改时间在未来 26191 秒后
gmake[2]: 警告：检测到时钟错误。您的构建版本可能是不完整的。
[ 33%] Built target path_searching
gmake[2]: 警告：文件“planner/bspline_opt/CMakeFiles/bspline_opt.dir/flags.make”的修改时间在未来 26191 秒后
[35m[1mConsolidate compiler generated dependencies of target bspline_opt[0m
gmake[2]: 警告：检测到时钟错误。您的构建版本可能是不完整的。
gmake[2]: 警告：文件“planner/bspline_opt/CMakeFiles/bspline_opt.dir/flags.make”的修改时间在未来 26191 秒后
gmake[2]: 警告：检测到时钟错误。您的构建版本可能是不完整的。
[ 66%] Built target bspline_opt
gmake[2]: 警告：文件“planner/plan_manage/CMakeFiles/scan_planner.dir/flags.make”的修改时间在未来 26191 秒后
[35m[1mConsolidate compiler generated dependencies of target scan_planner[0m
gmake[2]: 警告：检测到时钟错误。您的构建版本可能是不完整的。
gmake[2]: 警告：文件“planner/plan_manage/CMakeFiles/scan_planner.dir/flags.make”的修改时间在未来 26191 秒后
gmake[2]: 警告：检测到时钟错误。您的构建版本可能是不完整的。
[ 83%] Built target scan_planner
gmake[2]: 警告：文件“CMakeFiles/motion_plan.dir/flags.make”的修改时间在未来 26191 秒后
[35m[1mConsolidate compiler generated dependencies of target motion_plan[0m
gmake[2]: 警告：检测到时钟错误。您的构建版本可能是不完整的。
gmake[2]: 警告：文件“CMakeFiles/motion_plan.dir/flags.make”的修改时间在未来 26191 秒后
gmake[2]: 警告：检测到时钟错误。您的构建版本可能是不完整的。
[100%] Built target motion_plan
-- Install configuration: "Release"
-- Execute custom install script
-- Up-to-date symlink: /home/amov/scan_ws/install/scan_planner/lib/scan_planner/motion_plan
-- Up-to-date symlink: /home/amov/scan_ws/install/scan_planner/share/scan_planner/launch/scan_planner.launch.py
-- Up-to-date symlink: /home/amov/scan_ws/install/scan_planner/share/scan_planner/rviz/rviz.rviz
-- Up-to-date symlink: /home/amov/scan_ws/install/scan_planner/share/ament_index/resource_index/package_run_dependencies/scan_planner
-- Up-to-date symlink: /home/amov/scan_ws/install/scan_planner/share/ament_index/resource_index/parent_prefix_path/scan_planner
-- Up-to-date symlink: /home/amov/scan_ws/install/scan_planner/share/scan_planner/environment/ament_prefix_path.sh
-- Up-to-date symlink: /home/amov/scan_ws/install/scan_planner/share/scan_planner/environment/ament_prefix_path.dsv
-- Up-to-date symlink: /home/amov/scan_ws/install/scan_planner/share/scan_planner/environment/path.sh
-- Up-to-date symlink: /home/amov/scan_ws/install/scan_planner/share/scan_planner/environment/path.dsv
-- Up-to-date symlink: /home/amov/scan_ws/install/scan_planner/share/scan_planner/local_setup.bash
-- Up-to-date symlink: /home/amov/scan_ws/install/scan_planner/share/scan_planner/local_setup.sh
-- Up-to-date symlink: /home/amov/scan_ws/install/scan_planner/share/scan_planner/local_setup.zsh
-- Up-to-date symlink: /home/amov/scan_ws/install/scan_planner/share/scan_planner/local_setup.dsv
-- Symlinking: /home/amov/scan_ws/install/scan_planner/share/scan_planner/package.dsv
-- Up-to-date symlink: /home/amov/scan_ws/install/scan_planner/share/ament_index/resource_index/packages/scan_planner
-- Up-to-date symlink: /home/amov/scan_ws/install/scan_planner/share/scan_planner/cmake/scan_plannerConfig.cmake
-- Up-to-date symlink: /home/amov/scan_ws/install/scan_planner/share/scan_planner/cmake/scan_plannerConfig-version.cmake
-- Up-to-date symlink: /home/amov/scan_ws/install/scan_planner/share/scan_planner/package.xml
