[0.022s] Invoking command in '/home/amov/scan_ws/build/scan_planner': CMAKE_PREFIX_PATH=${CMAKE_PREFIX_PATH}:/opt/ros/humble /usr/bin/cmake /home/amov/scan_ws/src/SCAN-Planner-Pure-ROS2-master -DCMAKE_INSTALL_PREFIX=/home/amov/scan_ws/install/scan_planner
[0.066s] -- Found ament_cmake: 1.3.14 (/opt/ros/humble/share/ament_cmake/cmake)
[0.310s] -- Override CMake install command with custom implementation using symlinks instead of copying resources
[0.342s] -- Found rclcpp: 16.0.19 (/opt/ros/humble/share/rclcpp/cmake)
[0.401s] -- Found rosidl_generator_c: 3.1.9 (/opt/ros/humble/share/rosidl_generator_c/cmake)
[0.405s] -- Found rosidl_adapter: 3.1.9 (/opt/ros/humble/share/rosidl_adapter/cmake)
[0.417s] -- Found rosidl_generator_cpp: 3.1.9 (/opt/ros/humble/share/rosidl_generator_cpp/cmake)
[0.435s] -- Using all available rosidl_typesupport_c: rosidl_typesupport_fastrtps_c;rosidl_typesupport_introspection_c
[0.457s] -- Using all available rosidl_typesupport_cpp: rosidl_typesupport_fastrtps_cpp;rosidl_typesupport_introspection_cpp
[0.512s] -- Found rmw_implementation_cmake: 6.1.2 (/opt/ros/humble/share/rmw_implementation_cmake/cmake)
[0.515s] -- Found rmw_fastrtps_cpp: 6.2.10 (/opt/ros/humble/share/rmw_fastrtps_cpp/cmake)
[0.678s] -- Using RMW implementation 'rmw_fastrtps_cpp' as default
[0.767s] -- Found nav_msgs: 4.9.1 (/opt/ros/humble/share/nav_msgs/cmake)
[0.813s] -- Found tf2: 0.25.20 (/opt/ros/humble/share/tf2/cmake)
[0.821s] -- Found tf2_ros: 0.25.20 (/opt/ros/humble/share/tf2_ros/cmake)
[0.947s] -- Found sensor_msgs: 4.9.1 (/opt/ros/humble/share/sensor_msgs/cmake)
[0.982s] -- Found visualization_msgs: 4.9.1 (/opt/ros/humble/share/visualization_msgs/cmake)
[1.156s] -- Configuring done
[1.215s] -- Generating done
[1.232s] -- Build files have been written to: /home/amov/scan_ws/build/scan_planner
[1.261s] Invoked command in '/home/amov/scan_ws/build/scan_planner' returned '0': CMAKE_PREFIX_PATH=${CMAKE_PREFIX_PATH}:/opt/ros/humble /usr/bin/cmake /home/amov/scan_ws/src/SCAN-Planner-Pure-ROS2-master -DCMAKE_INSTALL_PREFIX=/home/amov/scan_ws/install/scan_planner
[1.264s] Invoking command in '/home/amov/scan_ws/build/scan_planner': CMAKE_PREFIX_PATH=${CMAKE_PREFIX_PATH}:/opt/ros/humble /usr/bin/cmake --build /home/amov/scan_ws/build/scan_planner -- -j8 -l8
[1.327s] -- Found ament_cmake: 1.3.14 (/opt/ros/humble/share/ament_cmake/cmake)
[1.554s] -- Override CMake install command with custom implementation using symlinks instead of copying resources
[1.574s] -- Found rclcpp: 16.0.19 (/opt/ros/humble/share/rclcpp/cmake)
[1.639s] -- Found rosidl_generator_c: 3.1.9 (/opt/ros/humble/share/rosidl_generator_c/cmake)
[1.643s] -- Found rosidl_adapter: 3.1.9 (/opt/ros/humble/share/rosidl_adapter/cmake)
[1.653s] -- Found rosidl_generator_cpp: 3.1.9 (/opt/ros/humble/share/rosidl_generator_cpp/cmake)
[1.667s] -- Using all available rosidl_typesupport_c: rosidl_typesupport_fastrtps_c;rosidl_typesupport_introspection_c
[1.685s] -- Using all available rosidl_typesupport_cpp: rosidl_typesupport_fastrtps_cpp;rosidl_typesupport_introspection_cpp
[1.731s] -- Found rmw_implementation_cmake: 6.1.2 (/opt/ros/humble/share/rmw_implementation_cmake/cmake)
[1.733s] -- Found rmw_fastrtps_cpp: 6.2.10 (/opt/ros/humble/share/rmw_fastrtps_cpp/cmake)
[1.886s] -- Using RMW implementation 'rmw_fastrtps_cpp' as default
[1.963s] -- Found nav_msgs: 4.9.1 (/opt/ros/humble/share/nav_msgs/cmake)
[2.004s] -- Found tf2: 0.25.20 (/opt/ros/humble/share/tf2/cmake)
[2.009s] -- Found tf2_ros: 0.25.20 (/opt/ros/humble/share/tf2_ros/cmake)
[2.120s] -- Found sensor_msgs: 4.9.1 (/opt/ros/humble/share/sensor_msgs/cmake)
[2.151s] -- Found visualization_msgs: 4.9.1 (/opt/ros/humble/share/visualization_msgs/cmake)
[2.325s] -- Configuring done
[2.361s] -- Generating done
[2.373s] -- Build files have been written to: /home/amov/scan_ws/build/scan_planner
[2.425s] gmake[2]: 警告：文件“planner/plan_env/CMakeFiles/local_map.dir/flags.make”的修改时间在未来 26191 秒后
[2.444s] [35m[1mConsolidate compiler generated dependencies of target local_map[0m
[2.451s] gmake[2]: 警告：检测到时钟错误。您的构建版本可能是不完整的。
[2.458s] gmake[2]: 警告：文件“planner/plan_env/CMakeFiles/local_map.dir/flags.make”的修改时间在未来 26191 秒后
[2.466s] gmake[2]: 警告：检测到时钟错误。您的构建版本可能是不完整的。
[2.483s] [ 16%] Built target local_map
[2.488s] gmake[2]: 警告：文件“planner/path_searching/CMakeFiles/path_searching.dir/flags.make”的修改时间在未来 26191 秒后
[2.509s] [35m[1mConsolidate compiler generated dependencies of target path_searching[0m
[2.519s] gmake[2]: 警告：检测到时钟错误。您的构建版本可能是不完整的。
[2.526s] gmake[2]: 警告：文件“planner/path_searching/CMakeFiles/path_searching.dir/flags.make”的修改时间在未来 26191 秒后
[2.532s] gmake[2]: 警告：检测到时钟错误。您的构建版本可能是不完整的。
[2.548s] [ 33%] Built target path_searching
[2.555s] gmake[2]: 警告：文件“planner/bspline_opt/CMakeFiles/bspline_opt.dir/flags.make”的修改时间在未来 26191 秒后
[2.573s] [35m[1mConsolidate compiler generated dependencies of target bspline_opt[0m
[2.586s] gmake[2]: 警告：检测到时钟错误。您的构建版本可能是不完整的。
[2.593s] gmake[2]: 警告：文件“planner/bspline_opt/CMakeFiles/bspline_opt.dir/flags.make”的修改时间在未来 26191 秒后
[2.596s] gmake[2]: 警告：检测到时钟错误。您的构建版本可能是不完整的。
[2.620s] [ 66%] Built target bspline_opt
[2.625s] gmake[2]: 警告：文件“planner/plan_manage/CMakeFiles/scan_planner.dir/flags.make”的修改时间在未来 26191 秒后
[2.645s] [35m[1mConsolidate compiler generated dependencies of target scan_planner[0m
[2.656s] gmake[2]: 警告：检测到时钟错误。您的构建版本可能是不完整的。
[2.662s] gmake[2]: 警告：文件“planner/plan_manage/CMakeFiles/scan_planner.dir/flags.make”的修改时间在未来 26191 秒后
[2.669s] gmake[2]: 警告：检测到时钟错误。您的构建版本可能是不完整的。
[2.689s] [ 83%] Built target scan_planner
[2.694s] gmake[2]: 警告：文件“CMakeFiles/motion_plan.dir/flags.make”的修改时间在未来 26191 秒后
[2.717s] [35m[1mConsolidate compiler generated dependencies of target motion_plan[0m
[2.737s] gmake[2]: 警告：检测到时钟错误。您的构建版本可能是不完整的。
[2.748s] gmake[2]: 警告：文件“CMakeFiles/motion_plan.dir/flags.make”的修改时间在未来 26191 秒后
[2.765s] gmake[2]: 警告：检测到时钟错误。您的构建版本可能是不完整的。
[2.784s] [100%] Built target motion_plan
[2.816s] Invoked command in '/home/amov/scan_ws/build/scan_planner' returned '0': CMAKE_PREFIX_PATH=${CMAKE_PREFIX_PATH}:/opt/ros/humble /usr/bin/cmake --build /home/amov/scan_ws/build/scan_planner -- -j8 -l8
[2.846s] Invoking command in '/home/amov/scan_ws/build/scan_planner': CMAKE_PREFIX_PATH=${CMAKE_PREFIX_PATH}:/opt/ros/humble /usr/bin/cmake --install /home/amov/scan_ws/build/scan_planner
[2.863s] -- Install configuration: "Release"
[2.864s] -- Execute custom install script
[2.864s] -- Up-to-date symlink: /home/amov/scan_ws/install/scan_planner/lib/scan_planner/motion_plan
[2.865s] -- Up-to-date symlink: /home/amov/scan_ws/install/scan_planner/share/scan_planner/launch/scan_planner.launch.py
[2.865s] -- Up-to-date symlink: /home/amov/scan_ws/install/scan_planner/share/scan_planner/rviz/rviz.rviz
[2.865s] -- Up-to-date symlink: /home/amov/scan_ws/install/scan_planner/share/ament_index/resource_index/package_run_dependencies/scan_planner
[2.866s] -- Up-to-date symlink: /home/amov/scan_ws/install/scan_planner/share/ament_index/resource_index/parent_prefix_path/scan_planner
[2.866s] -- Up-to-date symlink: /home/amov/scan_ws/install/scan_planner/share/scan_planner/environment/ament_prefix_path.sh
[2.866s] -- Up-to-date symlink: /home/amov/scan_ws/install/scan_planner/share/scan_planner/environment/ament_prefix_path.dsv
[2.867s] -- Up-to-date symlink: /home/amov/scan_ws/install/scan_planner/share/scan_planner/environment/path.sh
[2.867s] -- Up-to-date symlink: /home/amov/scan_ws/install/scan_planner/share/scan_planner/environment/path.dsv
[2.867s] -- Up-to-date symlink: /home/amov/scan_ws/install/scan_planner/share/scan_planner/local_setup.bash
[2.867s] -- Up-to-date symlink: /home/amov/scan_ws/install/scan_planner/share/scan_planner/local_setup.sh
[2.868s] -- Up-to-date symlink: /home/amov/scan_ws/install/scan_planner/share/scan_planner/local_setup.zsh
[2.868s] -- Up-to-date symlink: /home/amov/scan_ws/install/scan_planner/share/scan_planner/local_setup.dsv
[2.868s] -- Symlinking: /home/amov/scan_ws/install/scan_planner/share/scan_planner/package.dsv
[2.887s] -- Up-to-date symlink: /home/amov/scan_ws/install/scan_planner/share/ament_index/resource_index/packages/scan_planner
[2.887s] -- Up-to-date symlink: /home/amov/scan_ws/install/scan_planner/share/scan_planner/cmake/scan_plannerConfig.cmake
[2.887s] -- Up-to-date symlink: /home/amov/scan_ws/install/scan_planner/share/scan_planner/cmake/scan_plannerConfig-version.cmake
[2.888s] -- Up-to-date symlink: /home/amov/scan_ws/install/scan_planner/share/scan_planner/package.xml
[2.893s] Invoked command in '/home/amov/scan_ws/build/scan_planner' returned '0': CMAKE_PREFIX_PATH=${CMAKE_PREFIX_PATH}:/opt/ros/humble /usr/bin/cmake --install /home/amov/scan_ws/build/scan_planner
