[0.190s] DEBUG:colcon:Command line arguments: ['/usr/bin/colcon', 'build', '--packages-select', 'scan_cmd_vel_follower']
[0.191s] DEBUG:colcon:Parsed command line arguments: Namespace(log_base=None, log_level=None, verb_name='build', build_base='build', install_base='install', merge_install=False, symlink_install=False, test_result_base=None, continue_on_error=False, executor='parallel', parallel_workers=8, event_handlers=None, ignore_user_meta=False, metas=['./colcon.meta'], base_paths=['.'], packages_ignore=None, packages_ignore_regex=None, paths=None, packages_up_to=None, packages_up_to_regex=None, packages_above=None, packages_above_and_dependencies=None, packages_above_depth=None, packages_select_by_dep=None, packages_skip_by_dep=None, packages_skip_up_to=None, packages_select_build_failed=False, packages_skip_build_finished=False, packages_select_test_failures=False, packages_skip_test_passed=False, packages_select=['scan_cmd_vel_follower'], packages_skip=None, packages_select_regex=None, packages_skip_regex=None, packages_start=None, packages_end=None, allow_overriding=[], cmake_args=None, cmake_target=None, cmake_target_skip_unavailable=False, cmake_clean_cache=False, cmake_clean_first=False, cmake_force_configure=False, ament_cmake_args=None, catkin_cmake_args=None, catkin_skip_building_tests=False, verb_parser=<colcon_defaults.argument_parser.defaults.DefaultArgumentsDecorator object at 0xffffa2984cd0>, verb_extension=<colcon_core.verb.build.BuildVerb object at 0xffffa2984910>, main=<bound method BuildVerb.main of <colcon_core.verb.build.BuildVerb object at 0xffffa2984910>>)
[0.467s] Level 1:colcon.colcon_core.package_discovery:discover_packages(colcon_meta) check parameters
[0.468s] Level 1:colcon.colcon_core.package_discovery:discover_packages(recursive) check parameters
[0.468s] Level 1:colcon.colcon_core.package_discovery:discover_packages(ignore) check parameters
[0.468s] Level 1:colcon.colcon_core.package_discovery:discover_packages(path) check parameters
[0.468s] Level 1:colcon.colcon_core.package_discovery:discover_packages(colcon_meta) discover
[0.468s] Level 1:colcon.colcon_core.package_discovery:discover_packages(recursive) discover
[0.468s] INFO:colcon.colcon_core.package_discovery:Crawling recursively for packages in '/home/amov/scan_ws'
[0.468s] Level 1:colcon.colcon_core.package_identification:_identify(.) by extensions ['ignore', 'ignore_ament_install']
[0.469s] Level 1:colcon.colcon_core.package_identification:_identify(.) by extension 'ignore'
[0.469s] Level 1:colcon.colcon_core.package_identification:_identify(.) by extension 'ignore_ament_install'
[0.469s] Level 1:colcon.colcon_core.package_identification:_identify(.) by extensions ['colcon_pkg']
[0.469s] Level 1:colcon.colcon_core.package_identification:_identify(.) by extension 'colcon_pkg'
[0.469s] Level 1:colcon.colcon_core.package_identification:_identify(.) by extensions ['colcon_meta']
[0.469s] Level 1:colcon.colcon_core.package_identification:_identify(.) by extension 'colcon_meta'
[0.469s] Level 1:colcon.colcon_core.package_identification:_identify(.) by extensions ['ros']
[0.469s] Level 1:colcon.colcon_core.package_identification:_identify(.) by extension 'ros'
[0.490s] Level 1:colcon.colcon_core.package_identification:_identify(.) by extensions ['cmake', 'python']
[0.490s] Level 1:colcon.colcon_core.package_identification:_identify(.) by extension 'cmake'
[0.490s] Level 1:colcon.colcon_core.package_identification:_identify(.) by extension 'python'
[0.490s] Level 1:colcon.colcon_core.package_identification:_identify(.) by extensions ['python_setup_py']
[0.490s] Level 1:colcon.colcon_core.package_identification:_identify(.) by extension 'python_setup_py'
[0.491s] Level 1:colcon.colcon_core.package_identification:_identify(build) by extensions ['ignore', 'ignore_ament_install']
[0.491s] Level 1:colcon.colcon_core.package_identification:_identify(build) by extension 'ignore'
[0.491s] Level 1:colcon.colcon_core.package_identification:_identify(build) ignored
[0.491s] Level 1:colcon.colcon_core.package_identification:_identify(install) by extensions ['ignore', 'ignore_ament_install']
[0.491s] Level 1:colcon.colcon_core.package_identification:_identify(install) by extension 'ignore'
[0.491s] Level 1:colcon.colcon_core.package_identification:_identify(install) ignored
[0.492s] Level 1:colcon.colcon_core.package_identification:_identify(log) by extensions ['ignore', 'ignore_ament_install']
[0.492s] Level 1:colcon.colcon_core.package_identification:_identify(log) by extension 'ignore'
[0.492s] Level 1:colcon.colcon_core.package_identification:_identify(log) ignored
[0.492s] Level 1:colcon.colcon_core.package_identification:_identify(src) by extensions ['ignore', 'ignore_ament_install']
[0.492s] Level 1:colcon.colcon_core.package_identification:_identify(src) by extension 'ignore'
[0.492s] Level 1:colcon.colcon_core.package_identification:_identify(src) by extension 'ignore_ament_install'
[0.492s] Level 1:colcon.colcon_core.package_identification:_identify(src) by extensions ['colcon_pkg']
[0.492s] Level 1:colcon.colcon_core.package_identification:_identify(src) by extension 'colcon_pkg'
[0.493s] Level 1:colcon.colcon_core.package_identification:_identify(src) by extensions ['colcon_meta']
[0.493s] Level 1:colcon.colcon_core.package_identification:_identify(src) by extension 'colcon_meta'
[0.493s] Level 1:colcon.colcon_core.package_identification:_identify(src) by extensions ['ros']
[0.493s] Level 1:colcon.colcon_core.package_identification:_identify(src) by extension 'ros'
[0.493s] Level 1:colcon.colcon_core.package_identification:_identify(src) by extensions ['cmake', 'python']
[0.493s] Level 1:colcon.colcon_core.package_identification:_identify(src) by extension 'cmake'
[0.493s] Level 1:colcon.colcon_core.package_identification:_identify(src) by extension 'python'
[0.493s] Level 1:colcon.colcon_core.package_identification:_identify(src) by extensions ['python_setup_py']
[0.493s] Level 1:colcon.colcon_core.package_identification:_identify(src) by extension 'python_setup_py'
[0.493s] Level 1:colcon.colcon_core.package_identification:_identify(src/SCAN-Planner-Pure-ROS2-master) by extensions ['ignore', 'ignore_ament_install']
[0.494s] Level 1:colcon.colcon_core.package_identification:_identify(src/SCAN-Planner-Pure-ROS2-master) by extension 'ignore'
[0.494s] Level 1:colcon.colcon_core.package_identification:_identify(src/SCAN-Planner-Pure-ROS2-master) by extension 'ignore_ament_install'
[0.494s] Level 1:colcon.colcon_core.package_identification:_identify(src/SCAN-Planner-Pure-ROS2-master) by extensions ['colcon_pkg']
[0.494s] Level 1:colcon.colcon_core.package_identification:_identify(src/SCAN-Planner-Pure-ROS2-master) by extension 'colcon_pkg'
[0.494s] Level 1:colcon.colcon_core.package_identification:_identify(src/SCAN-Planner-Pure-ROS2-master) by extensions ['colcon_meta']
[0.494s] Level 1:colcon.colcon_core.package_identification:_identify(src/SCAN-Planner-Pure-ROS2-master) by extension 'colcon_meta'
[0.494s] Level 1:colcon.colcon_core.package_identification:_identify(src/SCAN-Planner-Pure-ROS2-master) by extensions ['ros']
[0.494s] Level 1:colcon.colcon_core.package_identification:_identify(src/SCAN-Planner-Pure-ROS2-master) by extension 'ros'
[0.499s] DEBUG:colcon.colcon_core.package_identification:Package 'src/SCAN-Planner-Pure-ROS2-master' with type 'ros.ament_cmake' and name 'scan_planner'
[0.500s] Level 1:colcon.colcon_core.package_identification:_identify(src/scan_cmd_vel_follower) by extensions ['ignore', 'ignore_ament_install']
[0.500s] Level 1:colcon.colcon_core.package_identification:_identify(src/scan_cmd_vel_follower) by extension 'ignore'
[0.500s] Level 1:colcon.colcon_core.package_identification:_identify(src/scan_cmd_vel_follower) by extension 'ignore_ament_install'
[0.500s] Level 1:colcon.colcon_core.package_identification:_identify(src/scan_cmd_vel_follower) by extensions ['colcon_pkg']
[0.500s] Level 1:colcon.colcon_core.package_identification:_identify(src/scan_cmd_vel_follower) by extension 'colcon_pkg'
[0.500s] Level 1:colcon.colcon_core.package_identification:_identify(src/scan_cmd_vel_follower) by extensions ['colcon_meta']
[0.500s] Level 1:colcon.colcon_core.package_identification:_identify(src/scan_cmd_vel_follower) by extension 'colcon_meta'
[0.501s] Level 1:colcon.colcon_core.package_identification:_identify(src/scan_cmd_vel_follower) by extensions ['ros']
[0.501s] Level 1:colcon.colcon_core.package_identification:_identify(src/scan_cmd_vel_follower) by extension 'ros'
[0.502s] DEBUG:colcon.colcon_core.package_identification:Package 'src/scan_cmd_vel_follower' with type 'ros.ament_python' and name 'scan_cmd_vel_follower'
[0.502s] Level 1:colcon.colcon_core.package_discovery:discover_packages(recursive) using defaults
[0.502s] Level 1:colcon.colcon_core.package_discovery:discover_packages(ignore) discover
[0.502s] Level 1:colcon.colcon_core.package_discovery:discover_packages(ignore) using defaults
[0.502s] Level 1:colcon.colcon_core.package_discovery:discover_packages(path) discover
[0.502s] Level 1:colcon.colcon_core.package_discovery:discover_packages(path) using defaults
[0.537s] INFO:colcon.colcon_core.package_selection:Skipping not selected package 'scan_planner' in 'src/SCAN-Planner-Pure-ROS2-master'
[0.537s] Level 1:colcon.colcon_core.package_discovery:discover_packages(prefix_path) check parameters
[0.538s] Level 1:colcon.colcon_core.package_discovery:discover_packages(prefix_path) discover
[0.541s] DEBUG:colcon.colcon_installed_package_information.package_discovery:Found 5 installed packages in /home/amov/navigation/install
[0.542s] DEBUG:colcon.colcon_installed_package_information.package_discovery:Found 1 installed packages in /home/amov/navigation/livox_install
[0.544s] DEBUG:colcon.colcon_installed_package_information.package_discovery:Found 274 installed packages in /opt/ros/humble
[0.575s] Level 1:colcon.colcon_core.package_discovery:discover_packages(prefix_path) using defaults
[0.640s] Level 5:colcon.colcon_core.verb:set package 'scan_cmd_vel_follower' build argument 'cmake_args' from command line to 'None'
[0.641s] Level 5:colcon.colcon_core.verb:set package 'scan_cmd_vel_follower' build argument 'cmake_target' from command line to 'None'
[0.641s] Level 5:colcon.colcon_core.verb:set package 'scan_cmd_vel_follower' build argument 'cmake_target_skip_unavailable' from command line to 'False'
[0.641s] Level 5:colcon.colcon_core.verb:set package 'scan_cmd_vel_follower' build argument 'cmake_clean_cache' from command line to 'False'
[0.641s] Level 5:colcon.colcon_core.verb:set package 'scan_cmd_vel_follower' build argument 'cmake_clean_first' from command line to 'False'
[0.641s] Level 5:colcon.colcon_core.verb:set package 'scan_cmd_vel_follower' build argument 'cmake_force_configure' from command line to 'False'
[0.641s] Level 5:colcon.colcon_core.verb:set package 'scan_cmd_vel_follower' build argument 'ament_cmake_args' from command line to 'None'
[0.641s] Level 5:colcon.colcon_core.verb:set package 'scan_cmd_vel_follower' build argument 'catkin_cmake_args' from command line to 'None'
[0.641s] Level 5:colcon.colcon_core.verb:set package 'scan_cmd_vel_follower' build argument 'catkin_skip_building_tests' from command line to 'False'
[0.641s] DEBUG:colcon.colcon_core.verb:Building package 'scan_cmd_vel_follower' with the following arguments: {'ament_cmake_args': None, 'build_base': '/home/amov/scan_ws/build/scan_cmd_vel_follower', 'catkin_cmake_args': None, 'catkin_skip_building_tests': False, 'cmake_args': None, 'cmake_clean_cache': False, 'cmake_clean_first': False, 'cmake_force_configure': False, 'cmake_target': None, 'cmake_target_skip_unavailable': False, 'install_base': '/home/amov/scan_ws/install/scan_cmd_vel_follower', 'merge_install': False, 'path': '/home/amov/scan_ws/src/scan_cmd_vel_follower', 'symlink_install': False, 'test_result_base': None}
[0.641s] INFO:colcon.colcon_core.executor:Executing jobs using 'parallel' executor
[0.644s] DEBUG:colcon.colcon_parallel_executor.executor.parallel:run_until_complete
[0.644s] INFO:colcon.colcon_ros.task.ament_python.build:Building ROS package in '/home/amov/scan_ws/src/scan_cmd_vel_follower' with build type 'ament_python'
[0.645s] Level 1:colcon.colcon_core.shell:create_environment_hook('scan_cmd_vel_follower', 'ament_prefix_path')
[0.648s] INFO:colcon.colcon_core.plugin_system:Skipping extension 'colcon_core.shell.bat': Not used on non-Windows systems
[0.649s] INFO:colcon.colcon_core.shell:Creating environment hook '/home/amov/scan_ws/install/scan_cmd_vel_follower/share/scan_cmd_vel_follower/hook/ament_prefix_path.ps1'
[0.650s] INFO:colcon.colcon_core.shell:Creating environment descriptor '/home/amov/scan_ws/install/scan_cmd_vel_follower/share/scan_cmd_vel_follower/hook/ament_prefix_path.dsv'
[0.651s] INFO:colcon.colcon_core.shell:Creating environment hook '/home/amov/scan_ws/install/scan_cmd_vel_follower/share/scan_cmd_vel_follower/hook/ament_prefix_path.sh'
[0.653s] INFO:colcon.colcon_core.shell:Skip shell extension 'powershell' for command environment: Not usable outside of PowerShell
[0.653s] DEBUG:colcon.colcon_core.shell:Skip shell extension 'dsv' for command environment
[1.108s] INFO:colcon.colcon_core.task.python.build:Building Python package in '/home/amov/scan_ws/src/scan_cmd_vel_follower'
[1.109s] INFO:colcon.colcon_core.shell:Skip shell extension 'powershell' for command environment: Not usable outside of PowerShell
[1.109s] DEBUG:colcon.colcon_core.shell:Skip shell extension 'dsv' for command environment
[1.691s] DEBUG:colcon.colcon_core.task.python.build:Available setuptools commands: egg_info, bdist_egg, build_py, build_scripts, clean, check, bdist_rpm, bdist, easy_install, install_headers, dist_info, build_ext, upload_docs, install_scripts, rotate, upload, build, setopt, build_clib, test, saveopts, install_data, install_lib, alias, register, install, symlink_data, bdist_dumb, develop, install_egg_info, sdist
[1.698s] DEBUG:colcon.colcon_core.event_handler.log_command:Invoking command in '/home/amov/scan_ws/src/scan_cmd_vel_follower': PYTHONPATH=/home/amov/scan_ws/build/scan_cmd_vel_follower/prefix_override:/usr/lib/python3/dist-packages/colcon_core/task/python/colcon_distutils_commands:/home/amov/scan_ws/install/scan_cmd_vel_follower/lib/python3.10/site-packages:${PYTHONPATH} /usr/bin/python3 -W ignore:setup.py install is deprecated -W ignore:easy_install command is deprecated setup.py egg_info --egg-base ../../build/scan_cmd_vel_follower build --build-base /home/amov/scan_ws/build/scan_cmd_vel_follower/build install --record /home/amov/scan_ws/build/scan_cmd_vel_follower/install.log --install-scripts $base/lib/scan_cmd_vel_follower --single-version-externally-managed install_data
[2.215s] DEBUG:colcon.colcon_core.event_handler.log_command:Invoked command in '/home/amov/scan_ws/src/scan_cmd_vel_follower' returned '0': PYTHONPATH=/home/amov/scan_ws/build/scan_cmd_vel_follower/prefix_override:/usr/lib/python3/dist-packages/colcon_core/task/python/colcon_distutils_commands:/home/amov/scan_ws/install/scan_cmd_vel_follower/lib/python3.10/site-packages:${PYTHONPATH} /usr/bin/python3 -W ignore:setup.py install is deprecated -W ignore:easy_install command is deprecated setup.py egg_info --egg-base ../../build/scan_cmd_vel_follower build --build-base /home/amov/scan_ws/build/scan_cmd_vel_follower/build install --record /home/amov/scan_ws/build/scan_cmd_vel_follower/install.log --install-scripts $base/lib/scan_cmd_vel_follower --single-version-externally-managed install_data
[2.219s] Level 1:colcon.colcon_core.environment:checking '/home/amov/scan_ws/install/scan_cmd_vel_follower' for CMake module files
[2.220s] Level 1:colcon.colcon_core.environment:checking '/home/amov/scan_ws/install/scan_cmd_vel_follower' for CMake config files
[2.221s] Level 1:colcon.colcon_core.environment:checking '/home/amov/scan_ws/install/scan_cmd_vel_follower/lib'
[2.221s] Level 1:colcon.colcon_core.environment:checking '/home/amov/scan_ws/install/scan_cmd_vel_follower/bin'
[2.222s] Level 1:colcon.colcon_core.environment:checking '/home/amov/scan_ws/install/scan_cmd_vel_follower/lib/pkgconfig/scan_cmd_vel_follower.pc'
[2.222s] Level 1:colcon.colcon_core.environment:checking '/home/amov/scan_ws/install/scan_cmd_vel_follower/lib/python3.10/site-packages'
[2.222s] Level 1:colcon.colcon_core.shell:create_environment_hook('scan_cmd_vel_follower', 'pythonpath')
[2.222s] INFO:colcon.colcon_core.shell:Creating environment hook '/home/amov/scan_ws/install/scan_cmd_vel_follower/share/scan_cmd_vel_follower/hook/pythonpath.ps1'
[2.224s] INFO:colcon.colcon_core.shell:Creating environment descriptor '/home/amov/scan_ws/install/scan_cmd_vel_follower/share/scan_cmd_vel_follower/hook/pythonpath.dsv'
[2.224s] INFO:colcon.colcon_core.shell:Creating environment hook '/home/amov/scan_ws/install/scan_cmd_vel_follower/share/scan_cmd_vel_follower/hook/pythonpath.sh'
[2.225s] Level 1:colcon.colcon_core.environment:checking '/home/amov/scan_ws/install/scan_cmd_vel_follower/bin'
[2.226s] Level 1:colcon.colcon_core.environment:create_environment_scripts_only(scan_cmd_vel_follower)
[2.226s] INFO:colcon.colcon_core.shell:Creating package script '/home/amov/scan_ws/install/scan_cmd_vel_follower/share/scan_cmd_vel_follower/package.ps1'
[2.228s] INFO:colcon.colcon_core.shell:Creating package descriptor '/home/amov/scan_ws/install/scan_cmd_vel_follower/share/scan_cmd_vel_follower/package.dsv'
[2.229s] INFO:colcon.colcon_core.shell:Creating package script '/home/amov/scan_ws/install/scan_cmd_vel_follower/share/scan_cmd_vel_follower/package.sh'
[2.230s] INFO:colcon.colcon_core.shell:Creating package script '/home/amov/scan_ws/install/scan_cmd_vel_follower/share/scan_cmd_vel_follower/package.bash'
[2.232s] INFO:colcon.colcon_core.shell:Creating package script '/home/amov/scan_ws/install/scan_cmd_vel_follower/share/scan_cmd_vel_follower/package.zsh'
[2.233s] Level 1:colcon.colcon_core.environment:create_file_with_runtime_dependencies(/home/amov/scan_ws/install/scan_cmd_vel_follower/share/colcon-core/packages/scan_cmd_vel_follower)
[2.233s] DEBUG:colcon.colcon_parallel_executor.executor.parallel:closing loop
[2.234s] DEBUG:colcon.colcon_parallel_executor.executor.parallel:loop closed
[2.234s] DEBUG:colcon.colcon_parallel_executor.executor.parallel:run_until_complete finished with '0'
[2.234s] DEBUG:colcon.colcon_core.event_reactor:joining thread
[2.253s] INFO:colcon.colcon_core.plugin_system:Skipping extension 'colcon_notification.desktop_notification.terminal_notifier': Not used on non-Darwin systems
[2.254s] INFO:colcon.colcon_core.plugin_system:Skipping extension 'colcon_notification.desktop_notification.win32': Not used on non-Windows systems
[2.254s] INFO:colcon.colcon_notification.desktop_notification:Sending desktop notification using 'notify2'
[2.254s] DEBUG:colcon.colcon_notification.desktop_notification.notify2:Failed to initialize notify2: org.freedesktop.DBus.Error.AccessDenied: Failed to connect to socket /run/user/1000/bus: Operation not permitted
[2.255s] DEBUG:colcon.colcon_core.event_reactor:joined thread
[2.255s] INFO:colcon.colcon_core.shell:Creating prefix script '/home/amov/scan_ws/install/local_setup.ps1'
[2.257s] INFO:colcon.colcon_core.shell:Creating prefix util module '/home/amov/scan_ws/install/_local_setup_util_ps1.py'
[2.260s] INFO:colcon.colcon_core.shell:Creating prefix chain script '/home/amov/scan_ws/install/setup.ps1'
[2.263s] INFO:colcon.colcon_core.shell:Creating prefix script '/home/amov/scan_ws/install/local_setup.sh'
[2.264s] INFO:colcon.colcon_core.shell:Creating prefix util module '/home/amov/scan_ws/install/_local_setup_util_sh.py'
[2.265s] INFO:colcon.colcon_core.shell:Creating prefix chain script '/home/amov/scan_ws/install/setup.sh'
[2.268s] INFO:colcon.colcon_core.shell:Creating prefix script '/home/amov/scan_ws/install/local_setup.bash'
[2.268s] INFO:colcon.colcon_core.shell:Creating prefix chain script '/home/amov/scan_ws/install/setup.bash'
[2.270s] INFO:colcon.colcon_core.shell:Creating prefix script '/home/amov/scan_ws/install/local_setup.zsh'
[2.271s] INFO:colcon.colcon_core.shell:Creating prefix chain script '/home/amov/scan_ws/install/setup.zsh'
