gmake[2]: 警告：文件“planner/plan_env/CMakeFiles/local_map.dir/flags.make”的修改时间在未来 19122 秒后
[35m[1mConsolidate compiler generated dependencies of target local_map[0m
gmake[2]: 警告：检测到时钟错误。您的构建版本可能是不完整的。
gmake[2]: 警告：文件“planner/plan_env/CMakeFiles/local_map.dir/flags.make”的修改时间在未来 19122 秒后
[  8%] [32mBuilding CXX object planner/plan_env/CMakeFiles/local_map.dir/src/grid_map.cpp.o[0m
gmake[2]: 警告：检测到时钟错误。您的构建版本可能是不完整的。
[ 16%] Built target local_map
gmake[2]: 警告：文件“planner/path_searching/CMakeFiles/path_searching.dir/flags.make”的修改时间在未来 19117 秒后
[35m[1mConsolidate compiler generated dependencies of target path_searching[0m
gmake[2]: 警告：检测到时钟错误。您的构建版本可能是不完整的。
gmake[2]: 警告：文件“planner/path_searching/CMakeFiles/path_searching.dir/flags.make”的修改时间在未来 19117 秒后
[ 25%] [32mBuilding CXX object planner/path_searching/CMakeFiles/path_searching.dir/src/dyn_a_star.cpp.o[0m
gmake[2]: 警告：检测到时钟错误。您的构建版本可能是不完整的。
[ 33%] Built target path_searching
gmake[2]: 警告：文件“planner/bspline_opt/CMakeFiles/bspline_opt.dir/flags.make”的修改时间在未来 19110 秒后
[35m[1mConsolidate compiler generated dependencies of target bspline_opt[0m
gmake[2]: 警告：检测到时钟错误。您的构建版本可能是不完整的。
gmake[2]: 警告：文件“planner/bspline_opt/CMakeFiles/bspline_opt.dir/flags.make”的修改时间在未来 19110 秒后
[ 58%] [32mBuilding CXX object planner/bspline_opt/CMakeFiles/bspline_opt.dir/src/uniform_bspline.cpp.o[0m
[ 58%] [32mBuilding CXX object planner/bspline_opt/CMakeFiles/bspline_opt.dir/src/bspline_optimizer.cpp.o[0m
[ 58%] [32mBuilding CXX object planner/bspline_opt/CMakeFiles/bspline_opt.dir/src/gradient_descent_optimizer.cpp.o[0m
gmake[2]: 警告：检测到时钟错误。您的构建版本可能是不完整的。
[ 66%] Built target bspline_opt
gmake[2]: 警告：文件“planner/plan_manage/CMakeFiles/scan_planner.dir/flags.make”的修改时间在未来 19089 秒后
[35m[1mConsolidate compiler generated dependencies of target scan_planner[0m
gmake[2]: 警告：检测到时钟错误。您的构建版本可能是不完整的。
gmake[2]: 警告：文件“planner/plan_manage/CMakeFiles/scan_planner.dir/flags.make”的修改时间在未来 19089 秒后
[ 75%] [32mBuilding CXX object planner/plan_manage/CMakeFiles/scan_planner.dir/src/planner_interface.cpp.o[0m
gmake[2]: 警告：检测到时钟错误。您的构建版本可能是不完整的。
[ 83%] Built target scan_planner
gmake[2]: 警告：文件“CMakeFiles/motion_plan.dir/flags.make”的修改时间在未来 19081 秒后
[35m[1mConsolidate compiler generated dependencies of target motion_plan[0m
gmake[2]: 警告：检测到时钟错误。您的构建版本可能是不完整的。
gmake[2]: 警告：文件“CMakeFiles/motion_plan.dir/flags.make”的修改时间在未来 19081 秒后
[ 91%] [32mBuilding CXX object CMakeFiles/motion_plan.dir/src/trajectory_publisher.cpp.o[0m
[100%] [32m[1mLinking CXX executable motion_plan[0m
gmake[2]: 警告：检测到时钟错误。您的构建版本可能是不完整的。
[100%] Built target motion_plan
-- Install configuration: "Release"
-- Execute custom install script
-- Up-to-date symlink: /home/amov/scan_ws/install/scan_planner/lib/scan_planner/motion_plan
-- Up-to-date symlink: /home/amov/scan_ws/install/scan_planner/share/scan_planner/launch/__pycache__/scan_mid360_test.launch.cpython-310.pyc
-- Up-to-date symlink: /home/amov/scan_ws/install/scan_planner/share/scan_planner/launch/scan_mid360_test.launch.py
-- Up-to-date symlink: /home/amov/scan_ws/install/scan_planner/share/scan_planner/launch/scan_planner.launch.py
-- Up-to-date symlink: /home/amov/scan_ws/install/scan_planner/share/scan_planner/config/scan_mid360.yaml
-- Up-to-date symlink: /home/amov/scan_ws/install/scan_planner/share/scan_planner/rviz/rviz.rviz
-- Up-to-date symlink: /home/amov/scan_ws/install/scan_planner/share/ament_index/resource_index/package_run_dependencies/scan_planner
-- Up-to-date symlink: /home/amov/scan_ws/install/scan_planner/share/ament_index/resource_index/parent_prefix_path/scan_planner
-- Up-to-date symlink: /home/amov/scan_ws/install/scan_planner/share/scan_planner/environment/ament_prefix_path.sh
-- Up-to-date symlink: /home/amov/scan_ws/install/scan_planner/share/scan_planner/environment/ament_prefix_path.dsv
-- Up-to-date symlink: /home/amov/scan_ws/install/scan_planner/share/scan_planner/environment/path.sh
-- Up-to-date symlink: /home/amov/scan_ws/install/scan_planner/share/scan_planner/environment/path.dsv
-- Up-to-date symlink: /home/amov/scan_ws/install/scan_planner/share/scan_planner/local_setup.bash
-- Up-to-date symlink: /home/amov/scan_ws/install/scan_planner/share/scan_planner/local_setup.sh
-- Up-to-date symlink: /home/amov/scan_ws/install/scan_planner/share/scan_planner/local_setup.zsh
-- Up-to-date symlink: /home/amov/scan_ws/install/scan_planner/share/scan_planner/local_setup.dsv
-- Up-to-date symlink: /home/amov/scan_ws/install/scan_planner/share/scan_planner/package.dsv
-- Up-to-date symlink: /home/amov/scan_ws/install/scan_planner/share/ament_index/resource_index/packages/scan_planner
-- Up-to-date symlink: /home/amov/scan_ws/install/scan_planner/share/scan_planner/cmake/scan_plannerConfig.cmake
-- Up-to-date symlink: /home/amov/scan_ws/install/scan_planner/share/scan_planner/cmake/scan_plannerConfig-version.cmake
-- Up-to-date symlink: /home/amov/scan_ws/install/scan_planner/share/scan_planner/package.xml
-- Up-to-date: /home/amov/scan_ws/install/scan_planner/lib/scan_planner/scan_mid360_world_input_test
