[0.021s] Invoking command in '/home/amov/scan_ws/build/scan_planner': CMAKE_PREFIX_PATH=${CMAKE_PREFIX_PATH}:/opt/ros/humble /usr/bin/cmake --build /home/amov/scan_ws/build/scan_planner -- -j8 -l8
[0.090s] gmake[2]: 警告：文件“planner/plan_env/CMakeFiles/local_map.dir/flags.make”的修改时间在未来 19122 秒后
[0.105s] [35m[1mConsolidate compiler generated dependencies of target local_map[0m
[0.112s] gmake[2]: 警告：检测到时钟错误。您的构建版本可能是不完整的。
[0.116s] gmake[2]: 警告：文件“planner/plan_env/CMakeFiles/local_map.dir/flags.make”的修改时间在未来 19122 秒后
[0.134s] [  8%] [32mBuilding CXX object planner/plan_env/CMakeFiles/local_map.dir/src/grid_map.cpp.o[0m
[5.219s] gmake[2]: 警告：检测到时钟错误。您的构建版本可能是不完整的。
[5.238s] [ 16%] Built target local_map
[5.247s] gmake[2]: 警告：文件“planner/path_searching/CMakeFiles/path_searching.dir/flags.make”的修改时间在未来 19117 秒后
[5.266s] [35m[1mConsolidate compiler generated dependencies of target path_searching[0m
[5.274s] gmake[2]: 警告：检测到时钟错误。您的构建版本可能是不完整的。
[5.279s] gmake[2]: 警告：文件“planner/path_searching/CMakeFiles/path_searching.dir/flags.make”的修改时间在未来 19117 秒后
[5.298s] [ 25%] [32mBuilding CXX object planner/path_searching/CMakeFiles/path_searching.dir/src/dyn_a_star.cpp.o[0m
[12.188s] gmake[2]: 警告：检测到时钟错误。您的构建版本可能是不完整的。
[12.212s] [ 33%] Built target path_searching
[12.224s] gmake[2]: 警告：文件“planner/bspline_opt/CMakeFiles/bspline_opt.dir/flags.make”的修改时间在未来 19110 秒后
[12.248s] [35m[1mConsolidate compiler generated dependencies of target bspline_opt[0m
[12.262s] gmake[2]: 警告：检测到时钟错误。您的构建版本可能是不完整的。
[12.269s] gmake[2]: 警告：文件“planner/bspline_opt/CMakeFiles/bspline_opt.dir/flags.make”的修改时间在未来 19110 秒后
[12.292s] [ 58%] [32mBuilding CXX object planner/bspline_opt/CMakeFiles/bspline_opt.dir/src/uniform_bspline.cpp.o[0m
[12.292s] [ 58%] [32mBuilding CXX object planner/bspline_opt/CMakeFiles/bspline_opt.dir/src/bspline_optimizer.cpp.o[0m
[12.292s] [ 58%] [32mBuilding CXX object planner/bspline_opt/CMakeFiles/bspline_opt.dir/src/gradient_descent_optimizer.cpp.o[0m
[33.228s] gmake[2]: 警告：检测到时钟错误。您的构建版本可能是不完整的。
[33.245s] [ 66%] Built target bspline_opt
[33.253s] gmake[2]: 警告：文件“planner/plan_manage/CMakeFiles/scan_planner.dir/flags.make”的修改时间在未来 19089 秒后
[33.269s] [35m[1mConsolidate compiler generated dependencies of target scan_planner[0m
[33.277s] gmake[2]: 警告：检测到时钟错误。您的构建版本可能是不完整的。
[33.282s] gmake[2]: 警告：文件“planner/plan_manage/CMakeFiles/scan_planner.dir/flags.make”的修改时间在未来 19089 秒后
[33.300s] [ 75%] [32mBuilding CXX object planner/plan_manage/CMakeFiles/scan_planner.dir/src/planner_interface.cpp.o[0m
[41.415s] gmake[2]: 警告：检测到时钟错误。您的构建版本可能是不完整的。
[41.431s] [ 83%] Built target scan_planner
[41.442s] gmake[2]: 警告：文件“CMakeFiles/motion_plan.dir/flags.make”的修改时间在未来 19081 秒后
[41.460s] [35m[1mConsolidate compiler generated dependencies of target motion_plan[0m
[41.475s] gmake[2]: 警告：检测到时钟错误。您的构建版本可能是不完整的。
[41.482s] gmake[2]: 警告：文件“CMakeFiles/motion_plan.dir/flags.make”的修改时间在未来 19081 秒后
[41.506s] [ 91%] [32mBuilding CXX object CMakeFiles/motion_plan.dir/src/trajectory_publisher.cpp.o[0m
[154.189s] [100%] [32m[1mLinking CXX executable motion_plan[0m
[156.500s] gmake[2]: 警告：检测到时钟错误。您的构建版本可能是不完整的。
[156.517s] [100%] Built target motion_plan
[156.544s] Invoked command in '/home/amov/scan_ws/build/scan_planner' returned '0': CMAKE_PREFIX_PATH=${CMAKE_PREFIX_PATH}:/opt/ros/humble /usr/bin/cmake --build /home/amov/scan_ws/build/scan_planner -- -j8 -l8
[156.564s] Invoking command in '/home/amov/scan_ws/build/scan_planner': CMAKE_PREFIX_PATH=${CMAKE_PREFIX_PATH}:/opt/ros/humble /usr/bin/cmake --install /home/amov/scan_ws/build/scan_planner
[156.580s] -- Install configuration: "Release"
[156.581s] -- Execute custom install script
[156.581s] -- Up-to-date symlink: /home/amov/scan_ws/install/scan_planner/lib/scan_planner/motion_plan
[156.582s] -- Up-to-date symlink: /home/amov/scan_ws/install/scan_planner/share/scan_planner/launch/__pycache__/scan_mid360_test.launch.cpython-310.pyc
[156.583s] -- Up-to-date symlink: /home/amov/scan_ws/install/scan_planner/share/scan_planner/launch/scan_mid360_test.launch.py
[156.583s] -- Up-to-date symlink: /home/amov/scan_ws/install/scan_planner/share/scan_planner/launch/scan_planner.launch.py
[156.583s] -- Up-to-date symlink: /home/amov/scan_ws/install/scan_planner/share/scan_planner/config/scan_mid360.yaml
[156.584s] -- Up-to-date symlink: /home/amov/scan_ws/install/scan_planner/share/scan_planner/rviz/rviz.rviz
[156.584s] -- Up-to-date symlink: /home/amov/scan_ws/install/scan_planner/share/ament_index/resource_index/package_run_dependencies/scan_planner
[156.585s] -- Up-to-date symlink: /home/amov/scan_ws/install/scan_planner/share/ament_index/resource_index/parent_prefix_path/scan_planner
[156.585s] -- Up-to-date symlink: /home/amov/scan_ws/install/scan_planner/share/scan_planner/environment/ament_prefix_path.sh
[156.586s] -- Up-to-date symlink: /home/amov/scan_ws/install/scan_planner/share/scan_planner/environment/ament_prefix_path.dsv
[156.586s] -- Up-to-date symlink: /home/amov/scan_ws/install/scan_planner/share/scan_planner/environment/path.sh
[156.586s] -- Up-to-date symlink: /home/amov/scan_ws/install/scan_planner/share/scan_planner/environment/path.dsv
[156.586s] -- Up-to-date symlink: /home/amov/scan_ws/install/scan_planner/share/scan_planner/local_setup.bash
[156.587s] -- Up-to-date symlink: /home/amov/scan_ws/install/scan_planner/share/scan_planner/local_setup.sh
[156.587s] -- Up-to-date symlink: /home/amov/scan_ws/install/scan_planner/share/scan_planner/local_setup.zsh
[156.587s] -- Up-to-date symlink: /home/amov/scan_ws/install/scan_planner/share/scan_planner/local_setup.dsv
[156.587s] -- Up-to-date symlink: /home/amov/scan_ws/install/scan_planner/share/scan_planner/package.dsv
[156.587s] -- Up-to-date symlink: /home/amov/scan_ws/install/scan_planner/share/ament_index/resource_index/packages/scan_planner
[156.588s] -- Up-to-date symlink: /home/amov/scan_ws/install/scan_planner/share/scan_planner/cmake/scan_plannerConfig.cmake
[156.588s] -- Up-to-date symlink: /home/amov/scan_ws/install/scan_planner/share/scan_planner/cmake/scan_plannerConfig-version.cmake
[156.588s] -- Up-to-date symlink: /home/amov/scan_ws/install/scan_planner/share/scan_planner/package.xml
[156.589s] -- Up-to-date: /home/amov/scan_ws/install/scan_planner/lib/scan_planner/scan_mid360_world_input_test
[156.594s] Invoked command in '/home/amov/scan_ws/build/scan_planner' returned '0': CMAKE_PREFIX_PATH=${CMAKE_PREFIX_PATH}:/opt/ros/humble /usr/bin/cmake --install /home/amov/scan_ws/build/scan_planner
