[0.023s] Invoking command in '/home/amov/scan_ws/build/scan_planner': CMAKE_PREFIX_PATH=${CMAKE_PREFIX_PATH}:/opt/ros/humble /usr/bin/cmake --build /home/amov/scan_ws/build/scan_planner -- -j8 -l8
[0.067s] -- Found ament_cmake: 1.3.14 (/opt/ros/humble/share/ament_cmake/cmake)
[0.325s] -- Override CMake install command with custom implementation using symlinks instead of copying resources
[0.343s] -- Found rclcpp: 16.0.19 (/opt/ros/humble/share/rclcpp/cmake)
[0.390s] -- Found rosidl_generator_c: 3.1.9 (/opt/ros/humble/share/rosidl_generator_c/cmake)
[0.394s] -- Found rosidl_adapter: 3.1.9 (/opt/ros/humble/share/rosidl_adapter/cmake)
[0.404s] -- Found rosidl_generator_cpp: 3.1.9 (/opt/ros/humble/share/rosidl_generator_cpp/cmake)
[0.419s] -- Using all available rosidl_typesupport_c: rosidl_typesupport_fastrtps_c;rosidl_typesupport_introspection_c
[0.439s] -- Using all available rosidl_typesupport_cpp: rosidl_typesupport_fastrtps_cpp;rosidl_typesupport_introspection_cpp
[0.492s] -- Found rmw_implementation_cmake: 6.1.2 (/opt/ros/humble/share/rmw_implementation_cmake/cmake)
[0.494s] -- Found rmw_fastrtps_cpp: 6.2.10 (/opt/ros/humble/share/rmw_fastrtps_cpp/cmake)
[0.660s] -- Using RMW implementation 'rmw_fastrtps_cpp' as default
[0.743s] -- Found nav_msgs: 4.9.1 (/opt/ros/humble/share/nav_msgs/cmake)
[0.785s] -- Found tf2: 0.25.20 (/opt/ros/humble/share/tf2/cmake)
[0.791s] -- Found tf2_ros: 0.25.20 (/opt/ros/humble/share/tf2_ros/cmake)
[0.906s] -- Found sensor_msgs: 4.9.1 (/opt/ros/humble/share/sensor_msgs/cmake)
[0.938s] -- Found visualization_msgs: 4.9.1 (/opt/ros/humble/share/visualization_msgs/cmake)
[1.112s] -- Configuring done
[1.160s] -- Generating done
[1.176s] -- Build files have been written to: /home/amov/scan_ws/build/scan_planner
[1.234s] gmake[2]: Warning: File 'planner/plan_env/CMakeFiles/local_map.dir/flags.make' has modification time 17151 s in the future
[1.254s] Consolidate compiler generated dependencies of target local_map
[1.256s] gmake[2]: warning:  Clock skew detected.  Your build may be incomplete.
[1.262s] gmake[2]: Warning: File 'planner/plan_env/CMakeFiles/local_map.dir/flags.make' has modification time 17151 s in the future
[1.264s] gmake[2]: warning:  Clock skew detected.  Your build may be incomplete.
[1.283s] [ 16%] Built target local_map
[1.289s] gmake[2]: Warning: File 'planner/path_searching/CMakeFiles/path_searching.dir/flags.make' has modification time 17151 s in the future
[1.319s] Consolidate compiler generated dependencies of target path_searching
[1.321s] gmake[2]: warning:  Clock skew detected.  Your build may be incomplete.
[1.327s] gmake[2]: Warning: File 'planner/path_searching/CMakeFiles/path_searching.dir/flags.make' has modification time 17151 s in the future
[1.329s] gmake[2]: warning:  Clock skew detected.  Your build may be incomplete.
[1.346s] [ 33%] Built target path_searching
[1.352s] gmake[2]: Warning: File 'planner/bspline_opt/CMakeFiles/bspline_opt.dir/flags.make' has modification time 17151 s in the future
[1.384s] Consolidate compiler generated dependencies of target bspline_opt
[1.386s] gmake[2]: warning:  Clock skew detected.  Your build may be incomplete.
[1.396s] gmake[2]: Warning: File 'planner/bspline_opt/CMakeFiles/bspline_opt.dir/flags.make' has modification time 17151 s in the future
[1.398s] gmake[2]: warning:  Clock skew detected.  Your build may be incomplete.
[1.415s] [ 66%] Built target bspline_opt
[1.419s] gmake[2]: Warning: File 'planner/plan_manage/CMakeFiles/scan_planner.dir/flags.make' has modification time 17151 s in the future
[1.449s] Consolidate compiler generated dependencies of target scan_planner
[1.452s] gmake[2]: warning:  Clock skew detected.  Your build may be incomplete.
[1.459s] gmake[2]: Warning: File 'planner/plan_manage/CMakeFiles/scan_planner.dir/flags.make' has modification time 17151 s in the future
[1.462s] gmake[2]: warning:  Clock skew detected.  Your build may be incomplete.
[1.482s] [ 83%] Built target scan_planner
[1.488s] gmake[2]: Warning: File 'CMakeFiles/motion_plan.dir/flags.make' has modification time 17151 s in the future
[1.519s] Consolidate compiler generated dependencies of target motion_plan
[1.522s] gmake[2]: warning:  Clock skew detected.  Your build may be incomplete.
[1.530s] gmake[2]: Warning: File 'CMakeFiles/motion_plan.dir/flags.make' has modification time 17151 s in the future
[1.535s] gmake[2]: warning:  Clock skew detected.  Your build may be incomplete.
[1.554s] [100%] Built target motion_plan
[1.581s] Invoked command in '/home/amov/scan_ws/build/scan_planner' returned '0': CMAKE_PREFIX_PATH=${CMAKE_PREFIX_PATH}:/opt/ros/humble /usr/bin/cmake --build /home/amov/scan_ws/build/scan_planner -- -j8 -l8
[1.604s] Invoking command in '/home/amov/scan_ws/build/scan_planner': CMAKE_PREFIX_PATH=${CMAKE_PREFIX_PATH}:/opt/ros/humble /usr/bin/cmake --install /home/amov/scan_ws/build/scan_planner
[1.623s] -- Install configuration: "Release"
[1.623s] -- Execute custom install script
[1.624s] -- Up-to-date symlink: /home/amov/scan_ws/install/scan_planner/lib/scan_planner/motion_plan
[1.625s] -- Up-to-date symlink: /home/amov/scan_ws/install/scan_planner/share/scan_planner/launch/scan_planner.launch.py
[1.625s] -- Up-to-date symlink: /home/amov/scan_ws/install/scan_planner/share/scan_planner/rviz/rviz.rviz
[1.625s] -- Up-to-date symlink: /home/amov/scan_ws/install/scan_planner/share/ament_index/resource_index/package_run_dependencies/scan_planner
[1.625s] -- Up-to-date symlink: /home/amov/scan_ws/install/scan_planner/share/ament_index/resource_index/parent_prefix_path/scan_planner
[1.626s] -- Up-to-date symlink: /home/amov/scan_ws/install/scan_planner/share/scan_planner/environment/ament_prefix_path.sh
[1.626s] -- Up-to-date symlink: /home/amov/scan_ws/install/scan_planner/share/scan_planner/environment/ament_prefix_path.dsv
[1.627s] -- Up-to-date symlink: /home/amov/scan_ws/install/scan_planner/share/scan_planner/environment/path.sh
[1.627s] -- Up-to-date symlink: /home/amov/scan_ws/install/scan_planner/share/scan_planner/environment/path.dsv
[1.627s] -- Up-to-date symlink: /home/amov/scan_ws/install/scan_planner/share/scan_planner/local_setup.bash
[1.627s] -- Up-to-date symlink: /home/amov/scan_ws/install/scan_planner/share/scan_planner/local_setup.sh
[1.628s] -- Up-to-date symlink: /home/amov/scan_ws/install/scan_planner/share/scan_planner/local_setup.zsh
[1.628s] -- Up-to-date symlink: /home/amov/scan_ws/install/scan_planner/share/scan_planner/local_setup.dsv
[1.628s] -- Symlinking: /home/amov/scan_ws/install/scan_planner/share/scan_planner/package.dsv
[1.651s] -- Up-to-date symlink: /home/amov/scan_ws/install/scan_planner/share/ament_index/resource_index/packages/scan_planner
[1.651s] -- Up-to-date symlink: /home/amov/scan_ws/install/scan_planner/share/scan_planner/cmake/scan_plannerConfig.cmake
[1.651s] -- Up-to-date symlink: /home/amov/scan_ws/install/scan_planner/share/scan_planner/cmake/scan_plannerConfig-version.cmake
[1.652s] -- Up-to-date symlink: /home/amov/scan_ws/install/scan_planner/share/scan_planner/package.xml
[1.657s] Invoked command in '/home/amov/scan_ws/build/scan_planner' returned '0': CMAKE_PREFIX_PATH=${CMAKE_PREFIX_PATH}:/opt/ros/humble /usr/bin/cmake --install /home/amov/scan_ws/build/scan_planner
