[0.015s] Invoking command in '/home/amov/livox_ws/build/livox_ros_driver2': CMAKE_PREFIX_PATH=/opt/ros/humble /usr/bin/cmake /home/amov/livox_ws/src/livox_ros_driver2 -DDISTRO_ROS=humble -DAMENT_CMAKE_SYMLINK_INSTALL=1 -DCMAKE_INSTALL_PREFIX=/home/amov/livox_ws/install/livox_ros_driver2
[0.118s] -- The C compiler identification is GNU 11.4.0
[0.234s] -- The CXX compiler identification is GNU 11.4.0
[0.249s] -- Detecting C compiler ABI info
[0.386s] -- Detecting C compiler ABI info - done
[0.399s] -- Check for working C compiler: /usr/bin/cc - skipped
[0.399s] -- Detecting C compile features
[0.400s] -- Detecting C compile features - done
[0.405s] -- Detecting CXX compiler ABI info
[0.569s] -- Detecting CXX compiler ABI info - done
[0.595s] -- Check for working CXX compiler: /usr/bin/c++ - skipped
[0.596s] -- Detecting CXX compile features
[0.597s] -- Detecting CXX compile features - done
[0.601s] -- livox_ros_driver2 version: 1.2.6
[0.608s] -- Found ament_cmake_auto: 1.3.14 (/opt/ros/humble/share/ament_cmake_auto/cmake)
[0.924s] -- Found Python3: /usr/bin/python3 (found version "3.10.12") found components: Interpreter 
[1.062s] -- Override CMake install command with custom implementation using symlinks instead of copying resources
[1.250s] -- Using all available rosidl_typesupport_c: rosidl_typesupport_fastrtps_c;rosidl_typesupport_introspection_c
[1.261s] -- Found rosidl_adapter: 3.1.9 (/opt/ros/humble/share/rosidl_adapter/cmake)
[1.352s] -- Using all available rosidl_typesupport_cpp: rosidl_typesupport_fastrtps_cpp;rosidl_typesupport_introspection_cpp
[1.496s] -- Found rmw_implementation_cmake: 6.1.2 (/opt/ros/humble/share/rmw_implementation_cmake/cmake)
[1.499s] -- Found rmw_fastrtps_cpp: 6.2.10 (/opt/ros/humble/share/rmw_fastrtps_cpp/cmake)
[1.753s] -- Found OpenSSL: /usr/lib/aarch64-linux-gnu/libcrypto.so (found version "3.0.2")  
[1.797s] -- Found FastRTPS: /opt/ros/humble/include  
[1.860s] -- Using RMW implementation 'rmw_fastrtps_cpp' as default
[1.875s] -- Looking for pthread.h
[2.000s] -- Looking for pthread.h - found
[2.000s] -- Performing Test CMAKE_HAVE_LIBC_PTHREAD
[2.161s] -- Performing Test CMAKE_HAVE_LIBC_PTHREAD - Success
[2.165s] -- Found Threads: TRUE  
[2.428s] -- Checking for module 'eigen3'
[2.447s] --   Found eigen3, version 3.4.0
[2.513s] -- Found Eigen: /usr/include/eigen3 (Required is at least version "3.1") 
[2.513s] -- Eigen found (include: /usr/include/eigen3, version: 3.4.0)
[2.581s] -- Checking for module 'flann'
[2.611s] --   Found flann, version 1.9.1
[2.722s] -- Found FLANN: /usr/lib/aarch64-linux-gnu/libflann_cpp.so  
[2.722s] -- FLANN found (include: /usr/include, lib: /usr/lib/aarch64-linux-gnu/libflann_cpp.so)
[4.956s] -- Checking for module 'libusb-1.0'
[4.997s] --   Found libusb-1.0, version 1.0.25
[5.102s] -- Found libusb: /usr/lib/aarch64-linux-gnu/libusb-1.0.so  
[5.107s] -- OpenNI found (version: 1.5.4.0, include: /usr/include/ni, lib: /usr/lib/libOpenNI.so;libusb::libusb)
[5.271s] -- OpenNI2 found (version: 2.2.0.33, include: /usr/include/openni2, lib: /usr/lib/aarch64-linux-gnu/libOpenNI2.so;libusb::libusb)
[5.519s] -- Eigen found (include: /usr/include/eigen3, version: 3.4.0)
[5.531s] -- OpenNI found (version: 1.5.4.0, include: /usr/include/ni, lib: /usr/lib/libOpenNI.so;libusb::libusb)
[5.540s] -- OpenNI2 found (version: 2.2.0.33, include: /usr/include/openni2, lib: /usr/lib/aarch64-linux-gnu/libOpenNI2.so;libusb::libusb)
[5.767s] -- Found Qhull version 8.0.2
[6.000s] -- OpenNI found (version: 1.5.4.0, include: /usr/include/ni, lib: /usr/lib/libOpenNI.so;libusb::libusb)
[6.221s] -- Found PCL_COMMON: /usr/lib/aarch64-linux-gnu/libpcl_common.so  
[6.222s] -- Found PCL_KDTREE: /usr/lib/aarch64-linux-gnu/libpcl_kdtree.so  
[6.224s] -- Found PCL_OCTREE: /usr/lib/aarch64-linux-gnu/libpcl_octree.so  
[6.225s] -- Found PCL_SEARCH: /usr/lib/aarch64-linux-gnu/libpcl_search.so  
[6.226s] -- Found PCL_SAMPLE_CONSENSUS: /usr/lib/aarch64-linux-gnu/libpcl_sample_consensus.so  
[6.227s] -- Found PCL_FILTERS: /usr/lib/aarch64-linux-gnu/libpcl_filters.so  
[6.228s] -- Found PCL_2D: /usr/include/pcl-1.12  
[6.228s] -- Found PCL_GEOMETRY: /usr/include/pcl-1.12  
[6.230s] -- Found PCL_IO: /usr/lib/aarch64-linux-gnu/libpcl_io.so  
[6.231s] -- Found PCL_FEATURES: /usr/lib/aarch64-linux-gnu/libpcl_features.so  
[6.232s] -- Found PCL_ML: /usr/lib/aarch64-linux-gnu/libpcl_ml.so  
[6.233s] -- Found PCL_SEGMENTATION: /usr/lib/aarch64-linux-gnu/libpcl_segmentation.so  
[6.235s] -- Found PCL_VISUALIZATION: /usr/lib/aarch64-linux-gnu/libpcl_visualization.so  
[6.236s] -- Found PCL_SURFACE: /usr/lib/aarch64-linux-gnu/libpcl_surface.so  
[6.237s] -- Found PCL_REGISTRATION: /usr/lib/aarch64-linux-gnu/libpcl_registration.so  
[6.239s] -- Found PCL_KEYPOINTS: /usr/lib/aarch64-linux-gnu/libpcl_keypoints.so  
[6.240s] -- Found PCL_TRACKING: /usr/lib/aarch64-linux-gnu/libpcl_tracking.so  
[6.241s] -- Found PCL_RECOGNITION: /usr/lib/aarch64-linux-gnu/libpcl_recognition.so  
[6.243s] -- Found PCL_STEREO: /usr/lib/aarch64-linux-gnu/libpcl_stereo.so  
[6.244s] -- Found PCL_APPS: /usr/lib/aarch64-linux-gnu/libpcl_apps.so  
[6.245s] -- Found PCL_IN_HAND_SCANNER: /usr/include/pcl-1.12  
[6.246s] -- Found PCL_MODELER: /usr/include/pcl-1.12  
[6.246s] -- Found PCL_POINT_CLOUD_EDITOR: /usr/include/pcl-1.12  
[6.247s] -- Found PCL_OUTOFCORE: /usr/lib/aarch64-linux-gnu/libpcl_outofcore.so  
[6.249s] -- Found PCL_PEOPLE: /usr/lib/aarch64-linux-gnu/libpcl_people.so  
[6.317s] -- Found PkgConfig: /usr/bin/pkg-config (found version "0.29.2") 
[6.318s] -- Checking for module 'apr-1'
[6.348s] --   Found apr-1, version 1.7.0
[6.445s] [0m/usr/include/apr-1.0[0m
[6.445s] [0mapr-1[0m
[6.914s] -- Found ament_cmake_ros: 0.10.0 (/opt/ros/humble/share/ament_cmake_ros/cmake)
[7.416s] -- Using all available rosidl_typesupport_c: rosidl_typesupport_fastrtps_c;rosidl_typesupport_introspection_c
[8.069s] -- Using all available rosidl_typesupport_cpp: rosidl_typesupport_fastrtps_cpp;rosidl_typesupport_introspection_cpp
[8.126s] -- Found PythonInterp: /usr/bin/python3 (found suitable version "3.10.12", minimum required is "3.6") 
[8.130s] -- Found python_cmake_module: 0.10.0 (/opt/ros/humble/share/python_cmake_module/cmake)
[8.194s] -- Found PythonLibs: /usr/lib/aarch64-linux-gnu/libpython3.10.so (found suitable version "3.10.12", minimum required is "3.5") 
[8.195s] -- Using PYTHON_EXECUTABLE: /usr/bin/python3
[8.195s] -- Using PYTHON_INCLUDE_DIRS: /usr/include/python3.10
[8.195s] -- Using PYTHON_LIBRARIES: /usr/lib/aarch64-linux-gnu/libpython3.10.so
[8.239s] -- Found PythonExtra: .so  
[8.562s] -- Found ament_lint_auto: 0.12.15 (/opt/ros/humble/share/ament_lint_auto/cmake)
[8.631s] -- Added test 'copyright' to check source files copyright and LICENSE
[8.642s] -- Added test 'cppcheck' to perform static code analysis on C / C++ code
[8.643s] -- Configured cppcheck include dirs: /home/amov/livox_ws/src/livox_ros_driver2/3rdparty;/home/amov/livox_ws/src/livox_ros_driver2/src
[8.643s] -- Configured cppcheck exclude dirs and/or files: 
[8.653s] -- Added test 'cpplint' to check C / C++ code against the Google style
[8.653s] -- Configured cpplint exclude dirs and/or files: 
[8.656s] -- Added test 'flake8' to check Python code syntax and style conventions
[8.659s] -- Added test 'lint_cmake' to check CMake code style
[8.660s] -- Added test 'pep257' to check Python code against some of the docstring style conventions in PEP 257
[8.669s] -- Added test 'uncrustify' to check C / C++ code style
[8.669s] -- Configured uncrustify additional arguments: 
[8.671s] -- Added test 'xmllint' to check XML markup files
[8.680s] -- Configuring done
[8.826s] -- Generating done
[8.864s] -- Build files have been written to: /home/amov/livox_ws/build/livox_ros_driver2
[8.928s] Invoked command in '/home/amov/livox_ws/build/livox_ros_driver2' returned '0': CMAKE_PREFIX_PATH=/opt/ros/humble /usr/bin/cmake /home/amov/livox_ws/src/livox_ros_driver2 -DDISTRO_ROS=humble -DAMENT_CMAKE_SYMLINK_INSTALL=1 -DCMAKE_INSTALL_PREFIX=/home/amov/livox_ws/install/livox_ros_driver2
[8.932s] Invoking command in '/home/amov/livox_ws/build/livox_ros_driver2': CMAKE_PREFIX_PATH=/opt/ros/humble /usr/bin/cmake --build /home/amov/livox_ws/build/livox_ros_driver2 -- -j8 -l8
[9.016s] [  1%] [34m[1mGenerating C code for ROS interfaces[0m
[9.040s] [  3%] [34m[1mGenerating C++ code for ROS interfaces[0m
[9.041s] [  5%] [34m[1mGenerating Rust code for ROS interfaces[0m
[9.043s] [  6%] [32mBuilding CXX object CMakeFiles/livox_ros_driver2_node.dir/rclcpp_components/node_main_livox_ros_driver2_node.cpp.o[0m
[9.064s] [  6%] Built target ament_cmake_python_symlink_livox_ros_driver2
[9.482s] running egg_info
[9.484s] creating livox_ros_driver2.egg-info
[9.484s] writing livox_ros_driver2.egg-info/PKG-INFO
[9.484s] writing dependency_links to livox_ros_driver2.egg-info/dependency_links.txt
[9.485s] writing top-level names to livox_ros_driver2.egg-info/top_level.txt
[9.485s] writing manifest file 'livox_ros_driver2.egg-info/SOURCES.txt'
[9.490s] reading manifest file 'livox_ros_driver2.egg-info/SOURCES.txt'
[9.491s] writing manifest file 'livox_ros_driver2.egg-info/SOURCES.txt'
[9.565s] [  6%] Built target ament_cmake_python_build_livox_ros_driver2_egg
[9.713s] [  6%] Built target livox_interfaces2__rs
[9.810s] [  6%] Built target livox_interfaces2__cpp
[9.827s] [ 13%] [32mBuilding C object CMakeFiles/livox_interfaces2__rosidl_generator_c.dir/rosidl_generator_c/livox_ros_driver2/msg/detail/custom_msg__functions.c.o[0m
[9.828s] [ 13%] [34m[1mGenerating C++ type support for eProsima Fast-RTPS[0m
[9.828s] [ 13%] [32mBuilding C object CMakeFiles/livox_interfaces2__rosidl_generator_c.dir/rosidl_generator_c/livox_ros_driver2/msg/detail/custom_point__functions.c.o[0m
[9.828s] [ 13%] [34m[1mGenerating C++ type support dispatch for ROS interfaces[0m
[9.829s] [ 15%] [34m[1mGenerating C++ introspection for ROS interfaces[0m
[9.931s] [ 17%] [32m[1mLinking C shared library liblivox_ros_driver2__rosidl_generator_c.so[0m
[9.996s] [ 17%] Built target livox_interfaces2__rosidl_generator_c
[10.015s] [ 22%] [34m[1mGenerating C introspection for ROS interfaces[0m
[10.015s] [ 22%] [34m[1mGenerating C type support dispatch for ROS interfaces[0m
[10.015s] [ 22%] [34m[1mGenerating C type support for eProsima Fast-RTPS[0m
[10.478s] [ 25%] [32mBuilding CXX object CMakeFiles/livox_interfaces2__rosidl_typesupport_cpp.dir/rosidl_typesupport_cpp/livox_ros_driver2/msg/custom_msg__type_support.cpp.o[0m
[10.478s] [ 25%] [32mBuilding CXX object CMakeFiles/livox_interfaces2__rosidl_typesupport_cpp.dir/rosidl_typesupport_cpp/livox_ros_driver2/msg/custom_point__type_support.cpp.o[0m
[10.552s] [ 27%] [32mBuilding CXX object CMakeFiles/livox_interfaces2__rosidl_typesupport_introspection_cpp.dir/rosidl_typesupport_introspection_cpp/livox_ros_driver2/msg/detail/custom_point__type_support.cpp.o[0m
[10.585s] [ 29%] [32mBuilding CXX object CMakeFiles/livox_interfaces2__rosidl_typesupport_fastrtps_cpp.dir/rosidl_typesupport_fastrtps_cpp/livox_ros_driver2/msg/detail/dds_fastrtps/custom_point__type_support.cpp.o[0m
[10.765s] [ 31%] [32mBuilding CXX object CMakeFiles/livox_interfaces2__rosidl_typesupport_c.dir/rosidl_typesupport_c/livox_ros_driver2/msg/custom_point__type_support.cpp.o[0m
[10.774s] [ 32%] [32mBuilding C object CMakeFiles/livox_interfaces2__rosidl_typesupport_introspection_c.dir/rosidl_typesupport_introspection_c/livox_ros_driver2/msg/detail/custom_point__type_support.c.o[0m
[10.820s] [ 36%] [32mBuilding CXX object CMakeFiles/livox_interfaces2__rosidl_typesupport_c.dir/rosidl_typesupport_c/livox_ros_driver2/msg/custom_msg__type_support.cpp.o[0m
[10.820s] [ 36%] [32mBuilding CXX object CMakeFiles/livox_interfaces2__rosidl_typesupport_fastrtps_c.dir/rosidl_typesupport_fastrtps_c/livox_ros_driver2/msg/detail/custom_point__type_support_c.cpp.o[0m
[10.852s] [ 37%] [32mBuilding C object CMakeFiles/livox_interfaces2__rosidl_typesupport_introspection_c.dir/rosidl_typesupport_introspection_c/livox_ros_driver2/msg/detail/custom_msg__type_support.c.o[0m
[10.881s] [ 39%] [32m[1mLinking CXX shared library liblivox_ros_driver2__rosidl_typesupport_c.so[0m
[10.931s] [ 41%] [32m[1mLinking C shared library liblivox_ros_driver2__rosidl_typesupport_introspection_c.so[0m
[10.958s] [ 41%] Built target livox_interfaces2__rosidl_typesupport_c
[10.970s] [ 43%] [32mBuilding CXX object CMakeFiles/livox_interfaces2__rosidl_typesupport_fastrtps_cpp.dir/rosidl_typesupport_fastrtps_cpp/livox_ros_driver2/msg/detail/dds_fastrtps/custom_msg__type_support.cpp.o[0m
[10.974s] [ 44%] [32m[1mLinking CXX shared library liblivox_ros_driver2__rosidl_typesupport_cpp.so[0m
[10.978s] [ 46%] [32mBuilding CXX object CMakeFiles/livox_interfaces2__rosidl_typesupport_introspection_cpp.dir/rosidl_typesupport_introspection_cpp/livox_ros_driver2/msg/detail/custom_msg__type_support.cpp.o[0m
[10.988s] [ 46%] Built target livox_interfaces2__rosidl_typesupport_introspection_c
[11.005s] [ 48%] [32mBuilding CXX object CMakeFiles/livox_interfaces2__rosidl_typesupport_fastrtps_c.dir/rosidl_typesupport_fastrtps_c/livox_ros_driver2/msg/detail/custom_msg__type_support_c.cpp.o[0m
[11.045s] [ 48%] Built target livox_interfaces2__rosidl_typesupport_cpp
[11.084s] [ 50%] [32mBuilding CXX object CMakeFiles/livox_ros_driver2.dir/src/livox_ros_driver2.cpp.o[0m
[11.318s] [ 51%] [32mBuilding CXX object CMakeFiles/livox_ros_driver2.dir/src/lddc.cpp.o[0m
[11.452s] [ 53%] [32mBuilding CXX object CMakeFiles/livox_ros_driver2.dir/src/driver_node.cpp.o[0m
[11.471s] [ 55%] [32mBuilding CXX object CMakeFiles/livox_ros_driver2.dir/src/lds.cpp.o[0m
[11.648s] [ 56%] [32m[1mLinking CXX shared library liblivox_ros_driver2__rosidl_typesupport_fastrtps_c.so[0m
[11.805s] [ 58%] [32m[1mLinking CXX shared library liblivox_ros_driver2__rosidl_typesupport_fastrtps_cpp.so[0m
[11.827s] [ 58%] Built target livox_interfaces2__rosidl_typesupport_fastrtps_c
[11.836s] [ 60%] [32m[1mLinking CXX shared library liblivox_ros_driver2__rosidl_typesupport_introspection_cpp.so[0m
[11.843s] [ 62%] [32mBuilding CXX object CMakeFiles/livox_ros_driver2.dir/src/lds_lidar.cpp.o[0m
[11.956s] [ 62%] Built target livox_interfaces2__rosidl_typesupport_fastrtps_cpp
[11.971s] [ 63%] [32mBuilding CXX object CMakeFiles/livox_ros_driver2.dir/src/comm/comm.cpp.o[0m
[11.992s] [ 63%] Built target livox_interfaces2__rosidl_typesupport_introspection_cpp
[12.056s] [ 63%] Built target livox_interfaces2
[12.098s] [ 65%] [34m[1mGenerating Python code for ROS interfaces[0m
[13.073s] [ 67%] [32mBuilding CXX object CMakeFiles/livox_ros_driver2.dir/src/comm/ldq.cpp.o[0m
[13.106s] [ 68%] [32mBuilding CXX object CMakeFiles/livox_ros_driver2.dir/src/comm/semaphore.cpp.o[0m
[13.401s] [ 68%] Built target livox_interfaces2__py
[13.418s] [ 70%] [32mBuilding CXX object CMakeFiles/livox_ros_driver2.dir/src/comm/lidar_imu_data_queue.cpp.o[0m
[13.691s] [ 72%] [32mBuilding CXX object CMakeFiles/livox_ros_driver2.dir/src/comm/cache_index.cpp.o[0m
[13.806s] [ 74%] [32mBuilding CXX object CMakeFiles/livox_ros_driver2.dir/src/comm/pub_handler.cpp.o[0m
[14.098s] [ 75%] [32mBuilding CXX object CMakeFiles/livox_ros_driver2.dir/src/parse_cfg_file/parse_cfg_file.cpp.o[0m
[14.354s] [ 77%] [32mBuilding CXX object CMakeFiles/livox_ros_driver2.dir/src/parse_cfg_file/parse_livox_lidar_cfg.cpp.o[0m
[15.113s] [ 79%] [32mBuilding CXX object CMakeFiles/livox_ros_driver2.dir/src/call_back/lidar_common_callback.cpp.o[0m
[15.708s] [ 81%] [32mBuilding CXX object CMakeFiles/livox_ros_driver2.dir/src/call_back/livox_lidar_callback.cpp.o[0m
[16.261s] [ 82%] [32mBuilding C object CMakeFiles/livox_interfaces2__rosidl_generator_py.dir/rosidl_generator_py/livox_ros_driver2/msg/_custom_point_s.c.o[0m
[16.293s] [ 84%] [32m[1mLinking CXX executable livox_ros_driver2_node[0m
[16.465s] [ 86%] [32mBuilding C object CMakeFiles/livox_interfaces2__rosidl_generator_py.dir/rosidl_generator_py/livox_ros_driver2/msg/_custom_msg_s.c.o[0m
[16.583s] [ 86%] Built target livox_ros_driver2_node
[16.676s] [ 87%] [32m[1mLinking C shared library rosidl_generator_py/livox_ros_driver2/liblivox_interfaces2__rosidl_generator_py.so[0m
[16.748s] [ 87%] Built target livox_interfaces2__rosidl_generator_py
[16.785s] [ 91%] [32mBuilding C object CMakeFiles/livox_ros_driver2__rosidl_typesupport_introspection_c__pyext.dir/rosidl_generator_py/livox_ros_driver2/_livox_ros_driver2_s.ep.rosidl_typesupport_introspection_c.c.o[0m
[16.786s] [ 91%] [32mBuilding C object CMakeFiles/livox_ros_driver2__rosidl_typesupport_c__pyext.dir/rosidl_generator_py/livox_ros_driver2/_livox_ros_driver2_s.ep.rosidl_typesupport_c.c.o[0m
[16.787s] [ 93%] [32mBuilding C object CMakeFiles/livox_ros_driver2__rosidl_typesupport_fastrtps_c__pyext.dir/rosidl_generator_py/livox_ros_driver2/_livox_ros_driver2_s.ep.rosidl_typesupport_fastrtps_c.c.o[0m
[16.974s] [ 98%] [32m[1mLinking C shared library rosidl_generator_py/livox_ros_driver2/livox_ros_driver2_s__rosidl_typesupport_c.cpython-310-aarch64-linux-gnu.so[0m
[16.974s] [ 98%] [32m[1mLinking C shared library rosidl_generator_py/livox_ros_driver2/livox_ros_driver2_s__rosidl_typesupport_fastrtps_c.cpython-310-aarch64-linux-gnu.so[0m
[16.975s] [ 98%] [32m[1mLinking C shared library rosidl_generator_py/livox_ros_driver2/livox_ros_driver2_s__rosidl_typesupport_introspection_c.cpython-310-aarch64-linux-gnu.so[0m
[17.043s] [ 98%] Built target livox_ros_driver2__rosidl_typesupport_introspection_c__pyext
[17.046s] [ 98%] Built target livox_ros_driver2__rosidl_typesupport_fastrtps_c__pyext
[17.056s] [ 98%] Built target livox_ros_driver2__rosidl_typesupport_c__pyext
[27.064s] [100%] [32m[1mLinking CXX shared library liblivox_ros_driver2.so[0m
[28.223s] [100%] Built target livox_ros_driver2
[28.262s] Invoked command in '/home/amov/livox_ws/build/livox_ros_driver2' returned '0': CMAKE_PREFIX_PATH=/opt/ros/humble /usr/bin/cmake --build /home/amov/livox_ws/build/livox_ros_driver2 -- -j8 -l8
[28.288s] Invoking command in '/home/amov/livox_ws/build/livox_ros_driver2': CMAKE_PREFIX_PATH=/opt/ros/humble /usr/bin/cmake --install /home/amov/livox_ws/build/livox_ros_driver2
[28.305s] -- Install configuration: ""
[28.306s] -- Execute custom install script
[28.306s] -- Symlinking: /home/amov/livox_ws/install/livox_ros_driver2/share/ament_index/resource_index/rosidl_interfaces/livox_ros_driver2
[28.328s] -- Symlinking: /home/amov/livox_ws/install/livox_ros_driver2/include/livox_ros_driver2/livox_ros_driver2/msg/custom_msg.h
[28.347s] -- Symlinking: /home/amov/livox_ws/install/livox_ros_driver2/include/livox_ros_driver2/livox_ros_driver2/msg/custom_point.h
[28.367s] -- Symlinking: /home/amov/livox_ws/install/livox_ros_driver2/include/livox_ros_driver2/livox_ros_driver2/msg/detail/custom_msg__functions.h
[28.387s] -- Symlinking: /home/amov/livox_ws/install/livox_ros_driver2/include/livox_ros_driver2/livox_ros_driver2/msg/detail/custom_msg__struct.h
[28.405s] -- Symlinking: /home/amov/livox_ws/install/livox_ros_driver2/include/livox_ros_driver2/livox_ros_driver2/msg/detail/custom_msg__type_support.h
[28.423s] -- Symlinking: /home/amov/livox_ws/install/livox_ros_driver2/include/livox_ros_driver2/livox_ros_driver2/msg/detail/custom_point__functions.h
[28.441s] -- Symlinking: /home/amov/livox_ws/install/livox_ros_driver2/include/livox_ros_driver2/livox_ros_driver2/msg/detail/custom_point__struct.h
[28.458s] -- Symlinking: /home/amov/livox_ws/install/livox_ros_driver2/include/livox_ros_driver2/livox_ros_driver2/msg/detail/custom_point__type_support.h
[28.477s] -- Symlinking: /home/amov/livox_ws/install/livox_ros_driver2/include/livox_ros_driver2/livox_ros_driver2/msg/rosidl_generator_c__visibility_control.h
[28.497s] -- Symlinking: /home/amov/livox_ws/install/livox_ros_driver2/share/livox_ros_driver2/environment/library_path.sh
[28.520s] -- Symlinking: /home/amov/livox_ws/install/livox_ros_driver2/share/livox_ros_driver2/environment/library_path.dsv
[28.543s] -- Symlinking: /home/amov/livox_ws/install/livox_ros_driver2/include/livox_ros_driver2/livox_ros_driver2/msg/detail/custom_msg__rosidl_typesupport_fastrtps_c.h
[28.563s] -- Symlinking: /home/amov/livox_ws/install/livox_ros_driver2/include/livox_ros_driver2/livox_ros_driver2/msg/detail/custom_point__rosidl_typesupport_fastrtps_c.h
[28.582s] -- Symlinking: /home/amov/livox_ws/install/livox_ros_driver2/include/livox_ros_driver2/livox_ros_driver2/msg/rosidl_typesupport_fastrtps_c__visibility_control.h
[28.602s] -- Symlinking: /home/amov/livox_ws/install/livox_ros_driver2/include/livox_ros_driver2/livox_ros_driver2/msg/detail/custom_msg__rosidl_typesupport_introspection_c.h
[28.621s] -- Symlinking: /home/amov/livox_ws/install/livox_ros_driver2/include/livox_ros_driver2/livox_ros_driver2/msg/detail/custom_point__rosidl_typesupport_introspection_c.h
[28.641s] -- Symlinking: /home/amov/livox_ws/install/livox_ros_driver2/include/livox_ros_driver2/livox_ros_driver2/msg/rosidl_typesupport_introspection_c__visibility_control.h
[28.660s] -- Symlinking: /home/amov/livox_ws/install/livox_ros_driver2/include/livox_ros_driver2/livox_ros_driver2/msg/custom_msg.hpp
[28.678s] -- Symlinking: /home/amov/livox_ws/install/livox_ros_driver2/include/livox_ros_driver2/livox_ros_driver2/msg/custom_point.hpp
[28.697s] -- Symlinking: /home/amov/livox_ws/install/livox_ros_driver2/include/livox_ros_driver2/livox_ros_driver2/msg/detail/custom_msg__builder.hpp
[28.714s] -- Symlinking: /home/amov/livox_ws/install/livox_ros_driver2/include/livox_ros_driver2/livox_ros_driver2/msg/detail/custom_msg__struct.hpp
[28.732s] -- Symlinking: /home/amov/livox_ws/install/livox_ros_driver2/include/livox_ros_driver2/livox_ros_driver2/msg/detail/custom_msg__traits.hpp
[28.750s] -- Symlinking: /home/amov/livox_ws/install/livox_ros_driver2/include/livox_ros_driver2/livox_ros_driver2/msg/detail/custom_msg__type_support.hpp
[28.769s] -- Symlinking: /home/amov/livox_ws/install/livox_ros_driver2/include/livox_ros_driver2/livox_ros_driver2/msg/detail/custom_point__builder.hpp
[28.785s] -- Symlinking: /home/amov/livox_ws/install/livox_ros_driver2/include/livox_ros_driver2/livox_ros_driver2/msg/detail/custom_point__struct.hpp
[28.802s] -- Symlinking: /home/amov/livox_ws/install/livox_ros_driver2/include/livox_ros_driver2/livox_ros_driver2/msg/detail/custom_point__traits.hpp
[28.819s] -- Symlinking: /home/amov/livox_ws/install/livox_ros_driver2/include/livox_ros_driver2/livox_ros_driver2/msg/detail/custom_point__type_support.hpp
[28.841s] -- Symlinking: /home/amov/livox_ws/install/livox_ros_driver2/include/livox_ros_driver2/livox_ros_driver2/msg/rosidl_generator_cpp__visibility_control.hpp
[28.860s] -- Symlinking: /home/amov/livox_ws/install/livox_ros_driver2/include/livox_ros_driver2/livox_ros_driver2/msg/detail/custom_msg__rosidl_typesupport_fastrtps_cpp.hpp
[28.880s] -- Symlinking: /home/amov/livox_ws/install/livox_ros_driver2/include/livox_ros_driver2/livox_ros_driver2/msg/detail/custom_point__rosidl_typesupport_fastrtps_cpp.hpp
[28.898s] -- Symlinking: /home/amov/livox_ws/install/livox_ros_driver2/include/livox_ros_driver2/livox_ros_driver2/msg/rosidl_typesupport_fastrtps_cpp__visibility_control.h
[28.918s] -- Symlinking: /home/amov/livox_ws/install/livox_ros_driver2/include/livox_ros_driver2/livox_ros_driver2/msg/detail/custom_msg__rosidl_typesupport_introspection_cpp.hpp
[28.936s] -- Symlinking: /home/amov/livox_ws/install/livox_ros_driver2/include/livox_ros_driver2/livox_ros_driver2/msg/detail/custom_point__rosidl_typesupport_introspection_cpp.hpp
[28.954s] -- Symlinking: /home/amov/livox_ws/install/livox_ros_driver2/share/livox_ros_driver2/environment/pythonpath.sh
[28.971s] -- Symlinking: /home/amov/livox_ws/install/livox_ros_driver2/share/livox_ros_driver2/environment/pythonpath.dsv
[28.990s] -- Symlinking: /home/amov/livox_ws/install/livox_ros_driver2/local/lib/python3.10/dist-packages/livox_ros_driver2-1.0.0-py3.10.egg-info/PKG-INFO
[29.008s] -- Symlinking: /home/amov/livox_ws/install/livox_ros_driver2/local/lib/python3.10/dist-packages/livox_ros_driver2-1.0.0-py3.10.egg-info/SOURCES.txt
[29.026s] -- Symlinking: /home/amov/livox_ws/install/livox_ros_driver2/local/lib/python3.10/dist-packages/livox_ros_driver2-1.0.0-py3.10.egg-info/dependency_links.txt
[29.043s] -- Symlinking: /home/amov/livox_ws/install/livox_ros_driver2/local/lib/python3.10/dist-packages/livox_ros_driver2-1.0.0-py3.10.egg-info/top_level.txt
[29.064s] -- Symlinking: /home/amov/livox_ws/install/livox_ros_driver2/local/lib/python3.10/dist-packages/livox_ros_driver2/__init__.py
[29.084s] -- Symlinking: /home/amov/livox_ws/install/livox_ros_driver2/local/lib/python3.10/dist-packages/livox_ros_driver2/_livox_ros_driver2_s.ep.rosidl_typesupport_c.c
[29.105s] -- Symlinking: /home/amov/livox_ws/install/livox_ros_driver2/local/lib/python3.10/dist-packages/livox_ros_driver2/_livox_ros_driver2_s.ep.rosidl_typesupport_fastrtps_c.c
[29.126s] -- Symlinking: /home/amov/livox_ws/install/livox_ros_driver2/local/lib/python3.10/dist-packages/livox_ros_driver2/_livox_ros_driver2_s.ep.rosidl_typesupport_introspection_c.c
[29.144s] -- Symlinking: /home/amov/livox_ws/install/livox_ros_driver2/local/lib/python3.10/dist-packages/livox_ros_driver2/liblivox_interfaces2__rosidl_generator_py.so
[29.161s] -- Symlinking: /home/amov/livox_ws/install/livox_ros_driver2/local/lib/python3.10/dist-packages/livox_ros_driver2/livox_ros_driver2_s__rosidl_typesupport_c.cpython-310-aarch64-linux-gnu.so
[29.181s] -- Symlinking: /home/amov/livox_ws/install/livox_ros_driver2/local/lib/python3.10/dist-packages/livox_ros_driver2/livox_ros_driver2_s__rosidl_typesupport_fastrtps_c.cpython-310-aarch64-linux-gnu.so
[29.203s] -- Symlinking: /home/amov/livox_ws/install/livox_ros_driver2/local/lib/python3.10/dist-packages/livox_ros_driver2/livox_ros_driver2_s__rosidl_typesupport_introspection_c.cpython-310-aarch64-linux-gnu.so
[29.223s] -- Symlinking: /home/amov/livox_ws/install/livox_ros_driver2/local/lib/python3.10/dist-packages/livox_ros_driver2/msg/__init__.py
[29.240s] -- Symlinking: /home/amov/livox_ws/install/livox_ros_driver2/local/lib/python3.10/dist-packages/livox_ros_driver2/msg/_custom_msg.py
[29.258s] -- Symlinking: /home/amov/livox_ws/install/livox_ros_driver2/local/lib/python3.10/dist-packages/livox_ros_driver2/msg/_custom_msg_s.c
[29.276s] -- Symlinking: /home/amov/livox_ws/install/livox_ros_driver2/local/lib/python3.10/dist-packages/livox_ros_driver2/msg/_custom_point.py
[29.294s] -- Symlinking: /home/amov/livox_ws/install/livox_ros_driver2/local/lib/python3.10/dist-packages/livox_ros_driver2/msg/_custom_point_s.c
[29.312s] -- Up-to-date symlink: /home/amov/livox_ws/install/livox_ros_driver2/local/lib/python3.10/dist-packages/livox_ros_driver2/livox_ros_driver2_s__rosidl_typesupport_fastrtps_c.cpython-310-aarch64-linux-gnu.so
[29.312s] -- Up-to-date symlink: /home/amov/livox_ws/install/livox_ros_driver2/local/lib/python3.10/dist-packages/livox_ros_driver2/livox_ros_driver2_s__rosidl_typesupport_introspection_c.cpython-310-aarch64-linux-gnu.so
[29.312s] -- Up-to-date symlink: /home/amov/livox_ws/install/livox_ros_driver2/local/lib/python3.10/dist-packages/livox_ros_driver2/livox_ros_driver2_s__rosidl_typesupport_c.cpython-310-aarch64-linux-gnu.so
[29.313s] -- Symlinking: /home/amov/livox_ws/install/livox_ros_driver2/share/ament_index/resource_index/rust_packages/livox_ros_driver2
[29.333s] -- Symlinking: /home/amov/livox_ws/install/livox_ros_driver2/share/livox_ros_driver2/rust/Cargo.toml
[29.350s] -- Symlinking: /home/amov/livox_ws/install/livox_ros_driver2/share/livox_ros_driver2/rust/build.rs
[29.372s] -- Symlinking: /home/amov/livox_ws/install/livox_ros_driver2/share/livox_ros_driver2/rust/src/lib.rs
[29.393s] -- Symlinking: /home/amov/livox_ws/install/livox_ros_driver2/share/livox_ros_driver2/rust/src/msg.rs
[29.413s] -- Symlinking: /home/amov/livox_ws/install/livox_ros_driver2/share/livox_ros_driver2/rust/src/msg/rmw.rs
[29.432s] -- Symlinking: /home/amov/livox_ws/install/livox_ros_driver2/share/livox_ros_driver2/msg/CustomPoint.idl
[29.450s] -- Symlinking: /home/amov/livox_ws/install/livox_ros_driver2/share/livox_ros_driver2/msg/CustomMsg.idl
[29.470s] -- Symlinking: /home/amov/livox_ws/install/livox_ros_driver2/share/livox_ros_driver2/msg/CustomPoint.msg
[29.490s] -- Symlinking: /home/amov/livox_ws/install/livox_ros_driver2/share/livox_ros_driver2/msg/CustomMsg.msg
[29.511s] -- Symlinking: /home/amov/livox_ws/install/livox_ros_driver2/lib/livox_ros_driver2/livox_ros_driver2_node
[29.528s] -- Symlinking: /home/amov/livox_ws/install/livox_ros_driver2/lib/liblivox_ros_driver2.so
[29.549s] -- Symlinking: /home/amov/livox_ws/install/livox_ros_driver2/share/livox_ros_driver2/config/HAP_config.json
[29.570s] -- Symlinking: /home/amov/livox_ws/install/livox_ros_driver2/share/livox_ros_driver2/config/MID360_config.json
[29.588s] -- Symlinking: /home/amov/livox_ws/install/livox_ros_driver2/share/livox_ros_driver2/config/MID360s_config.json
[29.604s] -- Symlinking: /home/amov/livox_ws/install/livox_ros_driver2/share/livox_ros_driver2/config/display_point_cloud_ROS1.rviz
[29.620s] -- Symlinking: /home/amov/livox_ws/install/livox_ros_driver2/share/livox_ros_driver2/config/display_point_cloud_ROS2.rviz
[29.638s] -- Symlinking: /home/amov/livox_ws/install/livox_ros_driver2/share/livox_ros_driver2/config/mixed_HAP_MID360_config.json
[29.656s] -- Symlinking: /home/amov/livox_ws/install/livox_ros_driver2/share/livox_ros_driver2/launch_ROS2/msg_HAP_launch.py
[29.674s] -- Symlinking: /home/amov/livox_ws/install/livox_ros_driver2/share/livox_ros_driver2/launch_ROS2/msg_MID360_launch.py
[29.692s] -- Symlinking: /home/amov/livox_ws/install/livox_ros_driver2/share/livox_ros_driver2/launch_ROS2/msg_MID360s_launch.py
[29.710s] -- Symlinking: /home/amov/livox_ws/install/livox_ros_driver2/share/livox_ros_driver2/launch_ROS2/rviz_HAP_launch.py
[29.727s] -- Symlinking: /home/amov/livox_ws/install/livox_ros_driver2/share/livox_ros_driver2/launch_ROS2/rviz_MID360_launch.py
[29.745s] -- Symlinking: /home/amov/livox_ws/install/livox_ros_driver2/share/livox_ros_driver2/launch_ROS2/rviz_MID360s_launch.py
[29.762s] -- Symlinking: /home/amov/livox_ws/install/livox_ros_driver2/share/livox_ros_driver2/launch_ROS2/rviz_mixed.py
[29.780s] -- Symlinking: /home/amov/livox_ws/install/livox_ros_driver2/share/ament_index/resource_index/package_run_dependencies/livox_ros_driver2
[29.801s] -- Symlinking: /home/amov/livox_ws/install/livox_ros_driver2/share/ament_index/resource_index/parent_prefix_path/livox_ros_driver2
[29.821s] -- Symlinking: /home/amov/livox_ws/install/livox_ros_driver2/share/livox_ros_driver2/environment/ament_prefix_path.sh
[29.840s] -- Symlinking: /home/amov/livox_ws/install/livox_ros_driver2/share/livox_ros_driver2/environment/ament_prefix_path.dsv
[29.857s] -- Symlinking: /home/amov/livox_ws/install/livox_ros_driver2/share/livox_ros_driver2/environment/path.sh
[29.875s] -- Symlinking: /home/amov/livox_ws/install/livox_ros_driver2/share/livox_ros_driver2/environment/path.dsv
[29.893s] -- Symlinking: /home/amov/livox_ws/install/livox_ros_driver2/share/livox_ros_driver2/local_setup.bash
[29.911s] -- Symlinking: /home/amov/livox_ws/install/livox_ros_driver2/share/livox_ros_driver2/local_setup.sh
[29.928s] -- Symlinking: /home/amov/livox_ws/install/livox_ros_driver2/share/livox_ros_driver2/local_setup.zsh
[29.946s] -- Symlinking: /home/amov/livox_ws/install/livox_ros_driver2/share/livox_ros_driver2/local_setup.dsv
[29.962s] -- Symlinking: /home/amov/livox_ws/install/livox_ros_driver2/share/livox_ros_driver2/package.dsv
[29.981s] -- Symlinking: /home/amov/livox_ws/install/livox_ros_driver2/share/ament_index/resource_index/packages/livox_ros_driver2
[30.000s] -- Symlinking: /home/amov/livox_ws/install/livox_ros_driver2/share/ament_index/resource_index/rclcpp_components/livox_ros_driver2
[30.019s] -- Symlinking: /home/amov/livox_ws/install/livox_ros_driver2/share/livox_ros_driver2/cmake/rosidl_cmake-extras.cmake
[30.038s] -- Symlinking: /home/amov/livox_ws/install/livox_ros_driver2/share/livox_ros_driver2/cmake/ament_cmake_export_dependencies-extras.cmake
[30.060s] -- Symlinking: /home/amov/livox_ws/install/livox_ros_driver2/share/livox_ros_driver2/cmake/ament_cmake_export_include_directories-extras.cmake
[30.078s] -- Symlinking: /home/amov/livox_ws/install/livox_ros_driver2/share/livox_ros_driver2/cmake/ament_cmake_export_libraries-extras.cmake
[30.098s] -- Symlinking: /home/amov/livox_ws/install/livox_ros_driver2/share/livox_ros_driver2/cmake/ament_cmake_export_targets-extras.cmake
[30.116s] -- Symlinking: /home/amov/livox_ws/install/livox_ros_driver2/share/livox_ros_driver2/cmake/rosidl_cmake_export_typesupport_targets-extras.cmake
[30.134s] -- Symlinking: /home/amov/livox_ws/install/livox_ros_driver2/share/livox_ros_driver2/cmake/rosidl_cmake_export_typesupport_libraries-extras.cmake
[30.152s] -- Symlinking: /home/amov/livox_ws/install/livox_ros_driver2/share/livox_ros_driver2/cmake/rosidl_cmake_aggregate_target-extras.cmake
[30.171s] -- Symlinking: /home/amov/livox_ws/install/livox_ros_driver2/share/livox_ros_driver2/cmake/livox_ros_driver2Config.cmake
[30.189s] -- Symlinking: /home/amov/livox_ws/install/livox_ros_driver2/share/livox_ros_driver2/cmake/livox_ros_driver2Config-version.cmake
[30.207s] -- Symlinking: /home/amov/livox_ws/install/livox_ros_driver2/share/livox_ros_driver2/package.xml
[30.227s] -- Installing: /home/amov/livox_ws/install/livox_ros_driver2/lib/liblivox_ros_driver2__rosidl_generator_c.so
[30.228s] -- Set runtime path of "/home/amov/livox_ws/install/livox_ros_driver2/lib/liblivox_ros_driver2__rosidl_generator_c.so" to ""
[30.228s] -- Installing: /home/amov/livox_ws/install/livox_ros_driver2/lib/liblivox_ros_driver2__rosidl_typesupport_fastrtps_c.so
[30.230s] -- Set runtime path of "/home/amov/livox_ws/install/livox_ros_driver2/lib/liblivox_ros_driver2__rosidl_typesupport_fastrtps_c.so" to ""
[30.230s] -- Installing: /home/amov/livox_ws/install/livox_ros_driver2/lib/liblivox_ros_driver2__rosidl_typesupport_introspection_c.so
[30.231s] -- Set runtime path of "/home/amov/livox_ws/install/livox_ros_driver2/lib/liblivox_ros_driver2__rosidl_typesupport_introspection_c.so" to ""
[30.231s] -- Installing: /home/amov/livox_ws/install/livox_ros_driver2/lib/liblivox_ros_driver2__rosidl_typesupport_c.so
[30.232s] -- Set runtime path of "/home/amov/livox_ws/install/livox_ros_driver2/lib/liblivox_ros_driver2__rosidl_typesupport_c.so" to ""
[30.233s] -- Installing: /home/amov/livox_ws/install/livox_ros_driver2/lib/liblivox_ros_driver2__rosidl_typesupport_fastrtps_cpp.so
[30.234s] -- Set runtime path of "/home/amov/livox_ws/install/livox_ros_driver2/lib/liblivox_ros_driver2__rosidl_typesupport_fastrtps_cpp.so" to ""
[30.234s] -- Installing: /home/amov/livox_ws/install/livox_ros_driver2/lib/liblivox_ros_driver2__rosidl_typesupport_introspection_cpp.so
[30.236s] -- Set runtime path of "/home/amov/livox_ws/install/livox_ros_driver2/lib/liblivox_ros_driver2__rosidl_typesupport_introspection_cpp.so" to ""
[30.236s] -- Installing: /home/amov/livox_ws/install/livox_ros_driver2/lib/liblivox_ros_driver2__rosidl_typesupport_cpp.so
[30.237s] -- Set runtime path of "/home/amov/livox_ws/install/livox_ros_driver2/lib/liblivox_ros_driver2__rosidl_typesupport_cpp.so" to ""
[30.310s] Listing '/home/amov/livox_ws/install/livox_ros_driver2/local/lib/python3.10/dist-packages/livox_ros_driver2'...
[30.310s] Compiling '/home/amov/livox_ws/install/livox_ros_driver2/local/lib/python3.10/dist-packages/livox_ros_driver2/__init__.py'...
[30.310s] Listing '/home/amov/livox_ws/install/livox_ros_driver2/local/lib/python3.10/dist-packages/livox_ros_driver2/msg'...
[30.311s] Compiling '/home/amov/livox_ws/install/livox_ros_driver2/local/lib/python3.10/dist-packages/livox_ros_driver2/msg/__init__.py'...
[30.311s] Compiling '/home/amov/livox_ws/install/livox_ros_driver2/local/lib/python3.10/dist-packages/livox_ros_driver2/msg/_custom_msg.py'...
[30.311s] Compiling '/home/amov/livox_ws/install/livox_ros_driver2/local/lib/python3.10/dist-packages/livox_ros_driver2/msg/_custom_point.py'...
[30.320s] -- Installing: /home/amov/livox_ws/install/livox_ros_driver2/lib/liblivox_interfaces2__rosidl_generator_py.so
[30.321s] -- Set runtime path of "/home/amov/livox_ws/install/livox_ros_driver2/lib/liblivox_interfaces2__rosidl_generator_py.so" to ""
[30.321s] -- Installing: /home/amov/livox_ws/install/livox_ros_driver2/share/livox_ros_driver2/cmake/export_livox_interfaces2__rosidl_generator_cExport.cmake
[30.321s] -- Installing: /home/amov/livox_ws/install/livox_ros_driver2/share/livox_ros_driver2/cmake/export_livox_interfaces2__rosidl_generator_cExport-noconfig.cmake
[30.322s] -- Installing: /home/amov/livox_ws/install/livox_ros_driver2/share/livox_ros_driver2/cmake/export_livox_interfaces2__rosidl_typesupport_fastrtps_cExport.cmake
[30.322s] -- Installing: /home/amov/livox_ws/install/livox_ros_driver2/share/livox_ros_driver2/cmake/export_livox_interfaces2__rosidl_typesupport_fastrtps_cExport-noconfig.cmake
[30.322s] -- Installing: /home/amov/livox_ws/install/livox_ros_driver2/share/livox_ros_driver2/cmake/livox_interfaces2__rosidl_typesupport_introspection_cExport.cmake
[30.323s] -- Installing: /home/amov/livox_ws/install/livox_ros_driver2/share/livox_ros_driver2/cmake/livox_interfaces2__rosidl_typesupport_introspection_cExport-noconfig.cmake
[30.323s] -- Installing: /home/amov/livox_ws/install/livox_ros_driver2/share/livox_ros_driver2/cmake/livox_interfaces2__rosidl_typesupport_cExport.cmake
[30.323s] -- Installing: /home/amov/livox_ws/install/livox_ros_driver2/share/livox_ros_driver2/cmake/livox_interfaces2__rosidl_typesupport_cExport-noconfig.cmake
[30.324s] -- Installing: /home/amov/livox_ws/install/livox_ros_driver2/share/livox_ros_driver2/cmake/export_livox_interfaces2__rosidl_generator_cppExport.cmake
[30.324s] -- Installing: /home/amov/livox_ws/install/livox_ros_driver2/share/livox_ros_driver2/cmake/export_livox_interfaces2__rosidl_typesupport_fastrtps_cppExport.cmake
[30.324s] -- Installing: /home/amov/livox_ws/install/livox_ros_driver2/share/livox_ros_driver2/cmake/export_livox_interfaces2__rosidl_typesupport_fastrtps_cppExport-noconfig.cmake
[30.324s] -- Installing: /home/amov/livox_ws/install/livox_ros_driver2/share/livox_ros_driver2/cmake/livox_interfaces2__rosidl_typesupport_introspection_cppExport.cmake
[30.325s] -- Installing: /home/amov/livox_ws/install/livox_ros_driver2/share/livox_ros_driver2/cmake/livox_interfaces2__rosidl_typesupport_introspection_cppExport-noconfig.cmake
[30.325s] -- Installing: /home/amov/livox_ws/install/livox_ros_driver2/share/livox_ros_driver2/cmake/livox_interfaces2__rosidl_typesupport_cppExport.cmake
[30.325s] -- Installing: /home/amov/livox_ws/install/livox_ros_driver2/share/livox_ros_driver2/cmake/livox_interfaces2__rosidl_typesupport_cppExport-noconfig.cmake
[30.325s] -- Installing: /home/amov/livox_ws/install/livox_ros_driver2/share/livox_ros_driver2/cmake/export_livox_interfaces2__rosidl_generator_pyExport.cmake
[30.326s] -- Installing: /home/amov/livox_ws/install/livox_ros_driver2/share/livox_ros_driver2/cmake/export_livox_interfaces2__rosidl_generator_pyExport-noconfig.cmake
[30.334s] Invoked command in '/home/amov/livox_ws/build/livox_ros_driver2' returned '0': CMAKE_PREFIX_PATH=/opt/ros/humble /usr/bin/cmake --install /home/amov/livox_ws/build/livox_ros_driver2
