[0.021s] Invoking command in '/home/amov/scan_ws/build/scan_planner': CMAKE_PREFIX_PATH=${CMAKE_PREFIX_PATH}:/opt/ros/humble /usr/bin/cmake --build /home/amov/scan_ws/build/scan_planner -- -j8 -l8
[0.083s] gmake[2]: Warning: File 'planner/plan_env/CMakeFiles/local_map.dir/flags.make' has modification time 18719 s in the future
[0.105s] Consolidate compiler generated dependencies of target local_map
[0.109s] gmake[2]: warning:  Clock skew detected.  Your build may be incomplete.
[0.114s] gmake[2]: Warning: File 'planner/plan_env/CMakeFiles/local_map.dir/flags.make' has modification time 18719 s in the future
[0.131s] [  8%] Building CXX object planner/plan_env/CMakeFiles/local_map.dir/src/grid_map.cpp.o
[5.335s] gmake[2]: warning:  Clock skew detected.  Your build may be incomplete.
[5.355s] [ 16%] Built target local_map
[5.364s] gmake[2]: Warning: File 'planner/path_searching/CMakeFiles/path_searching.dir/flags.make' has modification time 18713 s in the future
[5.388s] Consolidate compiler generated dependencies of target path_searching
[5.390s] gmake[2]: warning:  Clock skew detected.  Your build may be incomplete.
[5.395s] gmake[2]: Warning: File 'planner/path_searching/CMakeFiles/path_searching.dir/flags.make' has modification time 18713 s in the future
[5.415s] [ 25%] Building CXX object planner/path_searching/CMakeFiles/path_searching.dir/src/dyn_a_star.cpp.o
[12.640s] gmake[2]: warning:  Clock skew detected.  Your build may be incomplete.
[12.657s] [ 33%] Built target path_searching
[12.666s] gmake[2]: Warning: File 'planner/bspline_opt/CMakeFiles/bspline_opt.dir/flags.make' has modification time 18706 s in the future
[12.698s] Consolidate compiler generated dependencies of target bspline_opt
[12.698s] gmake[2]: warning:  Clock skew detected.  Your build may be incomplete.
[12.707s] gmake[2]: Warning: File 'planner/bspline_opt/CMakeFiles/bspline_opt.dir/flags.make' has modification time 18706 s in the future
[12.727s] [ 50%] Building CXX object planner/bspline_opt/CMakeFiles/bspline_opt.dir/src/uniform_bspline.cpp.o
[12.727s] [ 50%] Building CXX object planner/bspline_opt/CMakeFiles/bspline_opt.dir/src/gradient_descent_optimizer.cpp.o
[12.727s] [ 58%] Building CXX object planner/bspline_opt/CMakeFiles/bspline_opt.dir/src/bspline_optimizer.cpp.o
[33.371s] gmake[2]: warning:  Clock skew detected.  Your build may be incomplete.
[33.387s] [ 66%] Built target bspline_opt
[33.393s] gmake[2]: Warning: File 'planner/plan_manage/CMakeFiles/scan_planner.dir/flags.make' has modification time 18685 s in the future
[33.420s] Consolidate compiler generated dependencies of target scan_planner
[33.422s] gmake[2]: warning:  Clock skew detected.  Your build may be incomplete.
[33.427s] gmake[2]: Warning: File 'planner/plan_manage/CMakeFiles/scan_planner.dir/flags.make' has modification time 18685 s in the future
[33.446s] [ 75%] Building CXX object planner/plan_manage/CMakeFiles/scan_planner.dir/src/planner_interface.cpp.o
[42.482s] gmake[2]: warning:  Clock skew detected.  Your build may be incomplete.
[42.497s] [ 83%] Built target scan_planner
[42.507s] gmake[2]: Warning: File 'CMakeFiles/motion_plan.dir/flags.make' has modification time 18676 s in the future
[42.544s] Consolidate compiler generated dependencies of target motion_plan
[42.546s] gmake[2]: warning:  Clock skew detected.  Your build may be incomplete.
[42.554s] gmake[2]: Warning: File 'CMakeFiles/motion_plan.dir/flags.make' has modification time 18676 s in the future
[42.580s] [ 91%] Building CXX object CMakeFiles/motion_plan.dir/src/trajectory_publisher.cpp.o
[154.712s] [100%] Linking CXX executable motion_plan
[156.958s] gmake[2]: warning:  Clock skew detected.  Your build may be incomplete.
[156.979s] [100%] Built target motion_plan
[157.010s] Invoked command in '/home/amov/scan_ws/build/scan_planner' returned '0': CMAKE_PREFIX_PATH=${CMAKE_PREFIX_PATH}:/opt/ros/humble /usr/bin/cmake --build /home/amov/scan_ws/build/scan_planner -- -j8 -l8
[157.041s] Invoking command in '/home/amov/scan_ws/build/scan_planner': CMAKE_PREFIX_PATH=${CMAKE_PREFIX_PATH}:/opt/ros/humble /usr/bin/cmake --install /home/amov/scan_ws/build/scan_planner
[157.058s] -- Install configuration: "Release"
[157.059s] -- Execute custom install script
[157.059s] -- Up-to-date symlink: /home/amov/scan_ws/install/scan_planner/lib/scan_planner/motion_plan
[157.060s] -- Up-to-date symlink: /home/amov/scan_ws/install/scan_planner/share/scan_planner/launch/__pycache__/scan_mid360_test.launch.cpython-310.pyc
[157.060s] -- Up-to-date symlink: /home/amov/scan_ws/install/scan_planner/share/scan_planner/launch/scan_mid360_test.launch.py
[157.060s] -- Up-to-date symlink: /home/amov/scan_ws/install/scan_planner/share/scan_planner/launch/scan_planner.launch.py
[157.060s] -- Up-to-date symlink: /home/amov/scan_ws/install/scan_planner/share/scan_planner/config/scan_mid360.yaml
[157.060s] -- Up-to-date symlink: /home/amov/scan_ws/install/scan_planner/share/scan_planner/rviz/rviz.rviz
[157.061s] -- Up-to-date symlink: /home/amov/scan_ws/install/scan_planner/share/ament_index/resource_index/package_run_dependencies/scan_planner
[157.061s] -- Up-to-date symlink: /home/amov/scan_ws/install/scan_planner/share/ament_index/resource_index/parent_prefix_path/scan_planner
[157.061s] -- Up-to-date symlink: /home/amov/scan_ws/install/scan_planner/share/scan_planner/environment/ament_prefix_path.sh
[157.061s] -- Up-to-date symlink: /home/amov/scan_ws/install/scan_planner/share/scan_planner/environment/ament_prefix_path.dsv
[157.062s] -- Up-to-date symlink: /home/amov/scan_ws/install/scan_planner/share/scan_planner/environment/path.sh
[157.062s] -- Up-to-date symlink: /home/amov/scan_ws/install/scan_planner/share/scan_planner/environment/path.dsv
[157.062s] -- Up-to-date symlink: /home/amov/scan_ws/install/scan_planner/share/scan_planner/local_setup.bash
[157.062s] -- Up-to-date symlink: /home/amov/scan_ws/install/scan_planner/share/scan_planner/local_setup.sh
[157.063s] -- Up-to-date symlink: /home/amov/scan_ws/install/scan_planner/share/scan_planner/local_setup.zsh
[157.063s] -- Up-to-date symlink: /home/amov/scan_ws/install/scan_planner/share/scan_planner/local_setup.dsv
[157.063s] -- Symlinking: /home/amov/scan_ws/install/scan_planner/share/scan_planner/package.dsv
[157.092s] -- Up-to-date symlink: /home/amov/scan_ws/install/scan_planner/share/ament_index/resource_index/packages/scan_planner
[157.092s] -- Up-to-date symlink: /home/amov/scan_ws/install/scan_planner/share/scan_planner/cmake/scan_plannerConfig.cmake
[157.092s] -- Up-to-date symlink: /home/amov/scan_ws/install/scan_planner/share/scan_planner/cmake/scan_plannerConfig-version.cmake
[157.092s] -- Up-to-date symlink: /home/amov/scan_ws/install/scan_planner/share/scan_planner/package.xml
[157.093s] -- Up-to-date: /home/amov/scan_ws/install/scan_planner/lib/scan_planner/scan_mid360_world_input_test
[157.099s] Invoked command in '/home/amov/scan_ws/build/scan_planner' returned '0': CMAKE_PREFIX_PATH=${CMAKE_PREFIX_PATH}:/opt/ros/humble /usr/bin/cmake --install /home/amov/scan_ws/build/scan_planner
