[0.021s] Invoking command in '/home/amov/lio_ws/build/fast_lio': CMAKE_PREFIX_PATH=${CMAKE_PREFIX_PATH}:/opt/ros/humble /usr/bin/cmake /home/amov/lio_ws/src/FAST_LIO_ROS2 -DAMENT_CMAKE_SYMLINK_INSTALL=1 -DCMAKE_INSTALL_PREFIX=/home/amov/lio_ws/install/fast_lio
[0.134s] -- The C compiler identification is GNU 11.4.0
[0.256s] -- The CXX compiler identification is GNU 11.4.0
[0.275s] -- Detecting C compiler ABI info
[0.436s] -- Detecting C compiler ABI info - done
[0.461s] -- Check for working C compiler: /usr/bin/cc - skipped
[0.461s] -- Detecting C compile features
[0.463s] -- Detecting C compile features - done
[0.469s] -- Detecting CXX compiler ABI info
[0.649s] -- Detecting CXX compiler ABI info - done
[0.675s] -- Check for working CXX compiler: /usr/bin/c++ - skipped
[0.676s] -- Detecting CXX compile features
[0.677s] -- Detecting CXX compile features - done
[0.680s] [0mCurrent CPU archtecture: aarch64[0m
[1.454s] -- Found PythonLibs: /usr/lib/aarch64-linux-gnu/libpython3.10.so (found version "3.10.12") 
[1.463s] -- Found ament_cmake: 1.3.14 (/opt/ros/humble/share/ament_cmake/cmake)
[1.795s] -- Found Python3: /usr/bin/python3 (found version "3.10.12") found components: Interpreter 
[1.920s] -- Override CMake install command with custom implementation using symlinks instead of copying resources
[1.999s] -- Found rclcpp: 16.0.19 (/opt/ros/humble/share/rclcpp/cmake)
[2.077s] -- Found rosidl_generator_c: 3.1.9 (/opt/ros/humble/share/rosidl_generator_c/cmake)
[2.085s] -- Found rosidl_adapter: 3.1.9 (/opt/ros/humble/share/rosidl_adapter/cmake)
[2.098s] -- Found rosidl_generator_cpp: 3.1.9 (/opt/ros/humble/share/rosidl_generator_cpp/cmake)
[2.117s] -- Using all available rosidl_typesupport_c: rosidl_typesupport_fastrtps_c;rosidl_typesupport_introspection_c
[2.144s] -- Using all available rosidl_typesupport_cpp: rosidl_typesupport_fastrtps_cpp;rosidl_typesupport_introspection_cpp
[2.214s] -- Found rmw_implementation_cmake: 6.1.2 (/opt/ros/humble/share/rmw_implementation_cmake/cmake)
[2.219s] -- Found rmw_fastrtps_cpp: 6.2.10 (/opt/ros/humble/share/rmw_fastrtps_cpp/cmake)
[2.386s] -- Found OpenSSL: /usr/lib/aarch64-linux-gnu/libcrypto.so (found version "3.0.2")  
[2.448s] -- Found FastRTPS: /opt/ros/humble/include  
[2.520s] -- Using RMW implementation 'rmw_fastrtps_cpp' as default
[2.535s] -- Looking for pthread.h
[2.682s] -- Looking for pthread.h - found
[2.683s] -- Performing Test CMAKE_HAVE_LIBC_PTHREAD
[2.853s] -- Performing Test CMAKE_HAVE_LIBC_PTHREAD - Success
[2.854s] -- Found Threads: TRUE  
[2.967s] -- Found rclcpp_components: 16.0.19 (/opt/ros/humble/share/rclcpp_components/cmake)
[3.009s] -- Found geometry_msgs: 4.9.1 (/opt/ros/humble/share/geometry_msgs/cmake)
[3.030s] -- Found nav_msgs: 4.9.1 (/opt/ros/humble/share/nav_msgs/cmake)
[3.057s] -- Found sensor_msgs: 4.9.1 (/opt/ros/humble/share/sensor_msgs/cmake)
[3.083s] -- Found std_srvs: 4.9.1 (/opt/ros/humble/share/std_srvs/cmake)
[3.097s] -- Found visualization_msgs: 4.9.1 (/opt/ros/humble/share/visualization_msgs/cmake)
[3.127s] -- Found pcl_ros: 2.4.5 (/opt/ros/humble/share/pcl_ros/cmake)
[3.196s] -- Checking for module 'eigen3'
[3.223s] --   Found eigen3, version 3.4.0
[3.297s] -- Found Eigen: /usr/include/eigen3 (Required is at least version "3.1") 
[3.297s] -- Eigen found (include: /usr/include/eigen3, version: 3.4.0)
[3.372s] -- Checking for module 'flann'
[3.407s] --   Found flann, version 1.9.1
[3.507s] -- Found FLANN: /usr/lib/aarch64-linux-gnu/libflann_cpp.so  
[3.508s] -- FLANN found (include: /usr/include, lib: /usr/lib/aarch64-linux-gnu/libflann_cpp.so)
[5.472s] -- Checking for module 'libusb-1.0'
[5.509s] --   Found libusb-1.0, version 1.0.25
[5.605s] -- Found libusb: /usr/lib/aarch64-linux-gnu/libusb-1.0.so  
[5.608s] -- OpenNI found (version: 1.5.4.0, include: /usr/include/ni, lib: /usr/lib/libOpenNI.so;libusb::libusb)
[5.773s] -- OpenNI2 found (version: 2.2.0.33, include: /usr/include/openni2, lib: /usr/lib/aarch64-linux-gnu/libOpenNI2.so;libusb::libusb)
[6.045s] -- Eigen found (include: /usr/include/eigen3, version: 3.4.0)
[6.057s] -- OpenNI found (version: 1.5.4.0, include: /usr/include/ni, lib: /usr/lib/libOpenNI.so;libusb::libusb)
[6.070s] -- OpenNI2 found (version: 2.2.0.33, include: /usr/include/openni2, lib: /usr/lib/aarch64-linux-gnu/libOpenNI2.so;libusb::libusb)
[6.294s] -- Found Qhull version 8.0.2
[6.526s] -- OpenNI found (version: 1.5.4.0, include: /usr/include/ni, lib: /usr/lib/libOpenNI.so;libusb::libusb)
[6.752s] -- Found PCL_COMMON: /usr/lib/aarch64-linux-gnu/libpcl_common.so  
[6.753s] -- Found PCL_KDTREE: /usr/lib/aarch64-linux-gnu/libpcl_kdtree.so  
[6.755s] -- Found PCL_OCTREE: /usr/lib/aarch64-linux-gnu/libpcl_octree.so  
[6.756s] -- Found PCL_SEARCH: /usr/lib/aarch64-linux-gnu/libpcl_search.so  
[6.757s] -- Found PCL_SAMPLE_CONSENSUS: /usr/lib/aarch64-linux-gnu/libpcl_sample_consensus.so  
[6.759s] -- Found PCL_FILTERS: /usr/lib/aarch64-linux-gnu/libpcl_filters.so  
[6.759s] -- Found PCL_2D: /usr/include/pcl-1.12  
[6.760s] -- Found PCL_GEOMETRY: /usr/include/pcl-1.12  
[6.761s] -- Found PCL_IO: /usr/lib/aarch64-linux-gnu/libpcl_io.so  
[6.762s] -- Found PCL_FEATURES: /usr/lib/aarch64-linux-gnu/libpcl_features.so  
[6.764s] -- Found PCL_ML: /usr/lib/aarch64-linux-gnu/libpcl_ml.so  
[6.765s] -- Found PCL_SEGMENTATION: /usr/lib/aarch64-linux-gnu/libpcl_segmentation.so  
[6.767s] -- Found PCL_VISUALIZATION: /usr/lib/aarch64-linux-gnu/libpcl_visualization.so  
[6.769s] -- Found PCL_SURFACE: /usr/lib/aarch64-linux-gnu/libpcl_surface.so  
[6.770s] -- Found PCL_REGISTRATION: /usr/lib/aarch64-linux-gnu/libpcl_registration.so  
[6.772s] -- Found PCL_KEYPOINTS: /usr/lib/aarch64-linux-gnu/libpcl_keypoints.so  
[6.773s] -- Found PCL_TRACKING: /usr/lib/aarch64-linux-gnu/libpcl_tracking.so  
[6.774s] -- Found PCL_RECOGNITION: /usr/lib/aarch64-linux-gnu/libpcl_recognition.so  
[6.776s] -- Found PCL_STEREO: /usr/lib/aarch64-linux-gnu/libpcl_stereo.so  
[6.777s] -- Found PCL_APPS: /usr/lib/aarch64-linux-gnu/libpcl_apps.so  
[6.778s] -- Found PCL_IN_HAND_SCANNER: /usr/include/pcl-1.12  
[6.779s] -- Found PCL_MODELER: /usr/include/pcl-1.12  
[6.779s] -- Found PCL_POINT_CLOUD_EDITOR: /usr/include/pcl-1.12  
[6.781s] -- Found PCL_OUTOFCORE: /usr/lib/aarch64-linux-gnu/libpcl_outofcore.so  
[6.782s] -- Found PCL_PEOPLE: /usr/lib/aarch64-linux-gnu/libpcl_people.so  
[6.824s] -- Found eigen3_cmake_module: 0.1.1 (/opt/ros/humble/share/eigen3_cmake_module/cmake)
[6.826s] -- Found Eigen3: TRUE (found version "3.4.0") 
[6.826s] -- Ensuring Eigen3 include directory is part of orocos-kdl CMake target
[6.934s] -- Found livox_ros_driver2: 1.0.0 (/home/amov/livox_ws/install/livox_ros_driver2/share/livox_ros_driver2/cmake)
[6.966s] -- Found rosidl_default_generators: 1.2.1 (/opt/ros/humble/share/rosidl_default_generators/cmake)
[6.989s] [33mCMake Warning (dev) at CMakeLists.txt:81 (find_package):
[6.989s]   Policy CMP0074 is not set: find_package uses <PackageName>_ROOT variables.
[6.989s]   Run "cmake --help-policy CMP0074" for policy details.  Use the cmake_policy
[6.989s]   command to set the policy and suppress this warning.
[6.990s] 
[6.990s]   CMake variable PCL_ROOT is set to:
[6.990s] 
[6.990s]     /usr
[6.991s] 
[6.991s]   For compatibility, CMake is ignoring the variable.
[6.991s] This warning is for project developers.  Use -Wno-dev to suppress it.
[6.991s] [0m
[7.002s] [0mEigen:/usr/include/eigen3[0m
[7.002s] -- PCL: /usr/include/pcl-1.12
[7.503s] -- Found ament_cmake_ros: 0.10.0 (/opt/ros/humble/share/ament_cmake_ros/cmake)
[8.203s] -- Using all available rosidl_typesupport_c: rosidl_typesupport_fastrtps_c;rosidl_typesupport_introspection_c
[8.470s] -- Using all available rosidl_typesupport_cpp: rosidl_typesupport_fastrtps_cpp;rosidl_typesupport_introspection_cpp
[8.527s] -- Found PythonInterp: /usr/bin/python3 (found suitable version "3.10.12", minimum required is "3.6") 
[8.534s] -- Found python_cmake_module: 0.10.0 (/opt/ros/humble/share/python_cmake_module/cmake)
[8.592s] -- Found PythonLibs: /usr/lib/aarch64-linux-gnu/libpython3.10.so (found suitable version "3.10.12", minimum required is "3.5") 
[8.593s] -- Using PYTHON_EXECUTABLE: /usr/bin/python3
[8.593s] -- Using PYTHON_INCLUDE_DIRS: /usr/include/python3.10
[8.593s] -- Using PYTHON_LIBRARIES: /usr/lib/aarch64-linux-gnu/libpython3.10.so
[8.642s] -- Found PythonExtra: .so  
[8.949s] -- Configuring done
[9.078s] -- Generating done
[9.114s] -- Build files have been written to: /home/amov/lio_ws/build/fast_lio
[9.173s] Invoked command in '/home/amov/lio_ws/build/fast_lio' returned '0': CMAKE_PREFIX_PATH=${CMAKE_PREFIX_PATH}:/opt/ros/humble /usr/bin/cmake /home/amov/lio_ws/src/FAST_LIO_ROS2 -DAMENT_CMAKE_SYMLINK_INSTALL=1 -DCMAKE_INSTALL_PREFIX=/home/amov/lio_ws/install/fast_lio
[9.178s] Invoking command in '/home/amov/lio_ws/build/fast_lio': CMAKE_PREFIX_PATH=${CMAKE_PREFIX_PATH}:/opt/ros/humble /usr/bin/cmake --build /home/amov/lio_ws/build/fast_lio -- -j8 -l8
[9.276s] [  2%] [34m[1mGenerating C code for ROS interfaces[0m
[9.294s] [  5%] [34m[1mGenerating C++ code for ROS interfaces[0m
[9.295s] [  8%] [34m[1mGenerating Rust code for ROS interfaces[0m
[9.312s] [  8%] Built target ament_cmake_python_symlink_fast_lio
[9.726s] running egg_info
[9.727s] creating fast_lio.egg-info
[9.727s] writing fast_lio.egg-info/PKG-INFO
[9.728s] writing dependency_links to fast_lio.egg-info/dependency_links.txt
[9.728s] writing top-level names to fast_lio.egg-info/top_level.txt
[9.728s] writing manifest file 'fast_lio.egg-info/SOURCES.txt'
[9.732s] reading manifest file 'fast_lio.egg-info/SOURCES.txt'
[9.733s] writing manifest file 'fast_lio.egg-info/SOURCES.txt'
[9.811s] [  8%] Built target fast_lio__rs
[9.819s] [  8%] Built target ament_cmake_python_build_fast_lio_egg
[9.856s] [  8%] Built target fast_lio__cpp
[9.856s] [ 11%] [32mBuilding C object CMakeFiles/fast_lio__rosidl_generator_c.dir/rosidl_generator_c/fast_lio/msg/detail/pose6_d__functions.c.o[0m
[9.876s] [ 13%] [34m[1mGenerating C++ type support dispatch for ROS interfaces[0m
[9.877s] [ 16%] [34m[1mGenerating C++ type support for eProsima Fast-RTPS[0m
[9.877s] [ 19%] [34m[1mGenerating C++ introspection for ROS interfaces[0m
[10.044s] [ 22%] [32m[1mLinking C shared library libfast_lio__rosidl_generator_c.so[0m
[10.106s] [ 22%] Built target fast_lio__rosidl_generator_c
[10.124s] [ 30%] [34m[1mGenerating C type support for eProsima Fast-RTPS[0m
[10.124s] [ 30%] [34m[1mGenerating C introspection for ROS interfaces[0m
[10.125s] [ 30%] [34m[1mGenerating C type support dispatch for ROS interfaces[0m
[10.373s] [ 33%] [32mBuilding CXX object CMakeFiles/fast_lio__rosidl_typesupport_cpp.dir/rosidl_typesupport_cpp/fast_lio/msg/pose6_d__type_support.cpp.o[0m
[10.443s] [ 36%] [32mBuilding CXX object CMakeFiles/fast_lio__rosidl_typesupport_fastrtps_cpp.dir/rosidl_typesupport_fastrtps_cpp/fast_lio/msg/detail/dds_fastrtps/pose6_d__type_support.cpp.o[0m
[10.503s] [ 38%] [32mBuilding CXX object CMakeFiles/fast_lio__rosidl_typesupport_introspection_cpp.dir/rosidl_typesupport_introspection_cpp/fast_lio/msg/detail/pose6_d__type_support.cpp.o[0m
[10.644s] [ 41%] [32mBuilding CXX object CMakeFiles/fast_lio__rosidl_typesupport_c.dir/rosidl_typesupport_c/fast_lio/msg/pose6_d__type_support.cpp.o[0m
[10.680s] [ 44%] [32mBuilding C object CMakeFiles/fast_lio__rosidl_typesupport_introspection_c.dir/rosidl_typesupport_introspection_c/fast_lio/msg/detail/pose6_d__type_support.c.o[0m
[10.711s] [ 47%] [32m[1mLinking CXX shared library libfast_lio__rosidl_typesupport_c.so[0m
[10.733s] [ 50%] [32mBuilding CXX object CMakeFiles/fast_lio__rosidl_typesupport_fastrtps_c.dir/rosidl_typesupport_fastrtps_c/fast_lio/msg/detail/pose6_d__type_support_c.cpp.o[0m
[10.792s] [ 50%] Built target fast_lio__rosidl_typesupport_c
[10.820s] [ 52%] [32m[1mLinking C shared library libfast_lio__rosidl_typesupport_introspection_c.so[0m
[10.877s] [ 52%] Built target fast_lio__rosidl_typesupport_introspection_c
[10.924s] [ 55%] [32m[1mLinking CXX shared library libfast_lio__rosidl_typesupport_cpp.so[0m
[10.994s] [ 55%] Built target fast_lio__rosidl_typesupport_cpp
[11.038s] [ 58%] [32mBuilding CXX object CMakeFiles/fastlio_mapping.dir/include/ikd-Tree/ikd_Tree.cpp.o[0m
[11.039s] [ 61%] [32mBuilding CXX object CMakeFiles/fastlio_mapping.dir/src/laserMapping.cpp.o[0m
[11.056s] [ 63%] [32mBuilding CXX object CMakeFiles/fastlio_mapping.dir/src/preprocess.cpp.o[0m
[11.245s] [ 66%] [32m[1mLinking CXX shared library libfast_lio__rosidl_typesupport_fastrtps_cpp.so[0m
[11.405s] [ 66%] Built target fast_lio__rosidl_typesupport_fastrtps_cpp
[11.415s] [ 72%] [32m[1mLinking CXX shared library libfast_lio__rosidl_typesupport_fastrtps_c.so[0m
[11.415s] [ 72%] [32m[1mLinking CXX shared library libfast_lio__rosidl_typesupport_introspection_cpp.so[0m
[11.483s] [ 72%] Built target fast_lio__rosidl_typesupport_introspection_cpp
[11.564s] [ 72%] Built target fast_lio__rosidl_typesupport_fastrtps_c
[11.602s] [ 72%] Built target fast_lio
[11.639s] [ 75%] [34m[1mGenerating Python code for ROS interfaces[0m
[12.373s] [ 75%] Built target fast_lio__py
[12.414s] [ 77%] [32mBuilding C object CMakeFiles/fast_lio__rosidl_generator_py.dir/rosidl_generator_py/fast_lio/msg/_pose6_d_s.c.o[0m
[12.691s] [ 80%] [32m[1mLinking C shared library rosidl_generator_py/fast_lio/libfast_lio__rosidl_generator_py.so[0m
[12.755s] [ 80%] Built target fast_lio__rosidl_generator_py
[12.795s] [ 83%] [32mBuilding C object CMakeFiles/fast_lio__rosidl_typesupport_c__pyext.dir/rosidl_generator_py/fast_lio/_fast_lio_s.ep.rosidl_typesupport_c.c.o[0m
[12.801s] [ 86%] [32mBuilding C object CMakeFiles/fast_lio__rosidl_typesupport_introspection_c__pyext.dir/rosidl_generator_py/fast_lio/_fast_lio_s.ep.rosidl_typesupport_introspection_c.c.o[0m
[12.801s] [ 88%] [32mBuilding C object CMakeFiles/fast_lio__rosidl_typesupport_fastrtps_c__pyext.dir/rosidl_generator_py/fast_lio/_fast_lio_s.ep.rosidl_typesupport_fastrtps_c.c.o[0m
[13.001s] [ 91%] [32m[1mLinking C shared library rosidl_generator_py/fast_lio/fast_lio_s__rosidl_typesupport_c.cpython-310-aarch64-linux-gnu.so[0m
[13.009s] [ 94%] [32m[1mLinking C shared library rosidl_generator_py/fast_lio/fast_lio_s__rosidl_typesupport_introspection_c.cpython-310-aarch64-linux-gnu.so[0m
[13.048s] [ 97%] [32m[1mLinking C shared library rosidl_generator_py/fast_lio/fast_lio_s__rosidl_typesupport_fastrtps_c.cpython-310-aarch64-linux-gnu.so[0m
[13.061s] [ 97%] Built target fast_lio__rosidl_typesupport_c__pyext
[13.073s] [ 97%] Built target fast_lio__rosidl_typesupport_introspection_c__pyext
[13.108s] [ 97%] Built target fast_lio__rosidl_typesupport_fastrtps_c__pyext
[23.971s] In file included from [01m[K/usr/include/boost/smart_ptr/detail/sp_thread_sleep.hpp:22[m[K,
[23.972s]                  from [01m[K/usr/include/boost/smart_ptr/detail/yield_k.hpp:23[m[K,
[23.972s]                  from [01m[K/usr/include/boost/smart_ptr/detail/spinlock_gcc_atomic.hpp:14[m[K,
[23.972s]                  from [01m[K/usr/include/boost/smart_ptr/detail/spinlock.hpp:42[m[K,
[23.972s]                  from [01m[K/usr/include/boost/smart_ptr/detail/spinlock_pool.hpp:25[m[K,
[23.972s]                  from [01m[K/usr/include/boost/smart_ptr/shared_ptr.hpp:29[m[K,
[23.972s]                  from [01m[K/usr/include/boost/shared_ptr.hpp:17[m[K,
[23.972s]                  from [01m[K/usr/include/boost/date_time/microsec_time_clock.hpp:18[m[K,
[23.972s]                  from [01m[K/usr/include/boost/interprocess/detail/posix_time_types_wrk.hpp:31[m[K,
[23.972s]                  from [01m[K/usr/include/boost/interprocess/detail/os_thread_functions.hpp:36[m[K,
[23.972s]                  from [01m[K/usr/include/boost/interprocess/sync/file_lock.hpp:26[m[K,
[23.973s]                  from [01m[K/usr/include/pcl-1.12/pcl/io/pcd_io.h:46[m[K,
[23.973s]                  from [01m[K/opt/ros/humble/include/pcl_conversions/pcl_conversions/pcl_conversions.h:73[m[K,
[23.973s]                  from [01m[K/home/amov/lio_ws/src/FAST_LIO_ROS2/src/IMU_Processing.hpp:18[m[K,
[23.973s]                  from [01m[K/home/amov/lio_ws/src/FAST_LIO_ROS2/src/laserMapping.cpp:47[m[K:
[23.973s] [01m[K/usr/include/boost/bind.hpp:36:1:[m[K [01;36m[Knote: [m[K‘[01m[K#pragma message: The practice of declaring the Bind placeholders (_1, _2, ...) in the global namespace is deprecated. Please use <boost/bind/bind.hpp> + using namespace boost::placeholders, or define BOOST_BIND_GLOBAL_PLACEHOLDERS to retain the current behavior.[m[K’
[23.973s]    36 | [01;36m[KBOOST_PRAGMA_MESSAGE[m[K(
[23.973s]       | [01;36m[K^~~~~~~~~~~~~~~~~~~~[m[K
[36.403s] In file included from [01m[K/home/amov/lio_ws/src/FAST_LIO_ROS2/include/IKFoM_toolkit/esekfom/../mtk/types/SOn.hpp:83[m[K,
[36.403s]                  from [01m[K/home/amov/lio_ws/src/FAST_LIO_ROS2/include/IKFoM_toolkit/esekfom/esekfom.hpp:49[m[K,
[36.404s]                  from [01m[K/home/amov/lio_ws/src/FAST_LIO_ROS2/include/use-ikfom.hpp:4[m[K,
[36.404s]                  from [01m[K/home/amov/lio_ws/src/FAST_LIO_ROS2/src/IMU_Processing.hpp:22[m[K,
[36.404s]                  from [01m[K/home/amov/lio_ws/src/FAST_LIO_ROS2/src/laserMapping.cpp:47[m[K:
[36.404s] /home/amov/lio_ws/src/FAST_LIO_ROS2/include/IKFoM_toolkit/esekfom/../mtk/types/../src/mtkmath.hpp: In instantiation of ‘[01m[Kstd::pair<_FIter, _FIter> MTK::cos_sinc_sqrt(const scalar&) [with scalar = double][m[K’:
[36.405s] [01m[K/home/amov/lio_ws/src/FAST_LIO_ROS2/include/IKFoM_toolkit/esekfom/../mtk/types/../src/mtkmath.hpp:252:52:[m[K   required from ‘[01m[Kscalar MTK::exp(MTK::vectview<scalar, dim>, MTK::vectview<const scalar, dim>, const scalar&) [with scalar = double; int n = 3][m[K’
[36.405s] [01m[K/home/amov/lio_ws/src/FAST_LIO_ROS2/include/IKFoM_toolkit/esekfom/../mtk/types/S2.hpp:140:32:[m[K   required from ‘[01m[Kvoid MTK::S2<_scalar, den, num, S2_typ>::boxplus(MTK::vectview<const _scalar, 2>, MTK::S2<_scalar, den, num, S2_typ>::scalar) [with _scalar = double; int den = 98090; int num = 10000; int S2_typ = 1; MTK::S2<_scalar, den, num, S2_typ>::scalar = double][m[K’
[36.405s] [01m[K/home/amov/lio_ws/src/FAST_LIO_ROS2/include/use-ikfom.hpp:12:1:[m[K   required from here
[36.405s] [01m[K/home/amov/lio_ws/src/FAST_LIO_ROS2/include/IKFoM_toolkit/esekfom/../mtk/types/../src/mtkmath.hpp:143:27:[m[K [01;36m[Knote: [m[Kparameter passing for argument of type ‘[01m[Kstd::pair<double, double>[m[K’ when C++17 is enabled changed to match C++14 ]8;;https://gcc.gnu.org/gcc-10/changes.html#empty_basein GCC 10.1]8;;
[36.406s]   143 | std::pair<scalar, scalar> [01;36m[Kcos_sinc_sqrt[m[K(const scalar &x2){
[36.406s]       |                           [01;36m[K^~~~~~~~~~~~~[m[K
[171.097s] [100%] [32m[1mLinking CXX executable fastlio_mapping[0m
[174.002s] [100%] Built target fastlio_mapping
[174.039s] Invoked command in '/home/amov/lio_ws/build/fast_lio' returned '0': CMAKE_PREFIX_PATH=${CMAKE_PREFIX_PATH}:/opt/ros/humble /usr/bin/cmake --build /home/amov/lio_ws/build/fast_lio -- -j8 -l8
[174.066s] Invoking command in '/home/amov/lio_ws/build/fast_lio': CMAKE_PREFIX_PATH=${CMAKE_PREFIX_PATH}:/opt/ros/humble /usr/bin/cmake --install /home/amov/lio_ws/build/fast_lio
[174.085s] -- Install configuration: "Release"
[174.086s] -- Execute custom install script
[174.087s] -- Symlinking: /home/amov/lio_ws/install/fast_lio/share/ament_index/resource_index/rosidl_interfaces/fast_lio
[174.108s] -- Symlinking: /home/amov/lio_ws/install/fast_lio/include/fast_lio/fast_lio/msg/detail/pose6_d__functions.h
[174.127s] -- Symlinking: /home/amov/lio_ws/install/fast_lio/include/fast_lio/fast_lio/msg/detail/pose6_d__struct.h
[174.148s] -- Symlinking: /home/amov/lio_ws/install/fast_lio/include/fast_lio/fast_lio/msg/detail/pose6_d__type_support.h
[174.168s] -- Symlinking: /home/amov/lio_ws/install/fast_lio/include/fast_lio/fast_lio/msg/pose6_d.h
[174.191s] -- Symlinking: /home/amov/lio_ws/install/fast_lio/include/fast_lio/fast_lio/msg/rosidl_generator_c__visibility_control.h
[174.219s] -- Symlinking: /home/amov/lio_ws/install/fast_lio/share/fast_lio/environment/library_path.sh
[174.245s] -- Symlinking: /home/amov/lio_ws/install/fast_lio/share/fast_lio/environment/library_path.dsv
[174.267s] -- Symlinking: /home/amov/lio_ws/install/fast_lio/include/fast_lio/fast_lio/msg/detail/pose6_d__rosidl_typesupport_fastrtps_c.h
[174.288s] -- Symlinking: /home/amov/lio_ws/install/fast_lio/include/fast_lio/fast_lio/msg/rosidl_typesupport_fastrtps_c__visibility_control.h
[174.313s] -- Symlinking: /home/amov/lio_ws/install/fast_lio/include/fast_lio/fast_lio/msg/detail/pose6_d__builder.hpp
[174.335s] -- Symlinking: /home/amov/lio_ws/install/fast_lio/include/fast_lio/fast_lio/msg/detail/pose6_d__struct.hpp
[174.358s] -- Symlinking: /home/amov/lio_ws/install/fast_lio/include/fast_lio/fast_lio/msg/detail/pose6_d__traits.hpp
[174.377s] -- Symlinking: /home/amov/lio_ws/install/fast_lio/include/fast_lio/fast_lio/msg/detail/pose6_d__type_support.hpp
[174.396s] -- Symlinking: /home/amov/lio_ws/install/fast_lio/include/fast_lio/fast_lio/msg/pose6_d.hpp
[174.420s] -- Symlinking: /home/amov/lio_ws/install/fast_lio/include/fast_lio/fast_lio/msg/rosidl_generator_cpp__visibility_control.hpp
[174.444s] -- Symlinking: /home/amov/lio_ws/install/fast_lio/include/fast_lio/fast_lio/msg/detail/pose6_d__rosidl_typesupport_fastrtps_cpp.hpp
[174.464s] -- Symlinking: /home/amov/lio_ws/install/fast_lio/include/fast_lio/fast_lio/msg/rosidl_typesupport_fastrtps_cpp__visibility_control.h
[174.484s] -- Symlinking: /home/amov/lio_ws/install/fast_lio/include/fast_lio/fast_lio/msg/detail/pose6_d__rosidl_typesupport_introspection_c.h
[174.504s] -- Symlinking: /home/amov/lio_ws/install/fast_lio/include/fast_lio/fast_lio/msg/rosidl_typesupport_introspection_c__visibility_control.h
[174.529s] -- Symlinking: /home/amov/lio_ws/install/fast_lio/include/fast_lio/fast_lio/msg/detail/pose6_d__rosidl_typesupport_introspection_cpp.hpp
[174.551s] -- Symlinking: /home/amov/lio_ws/install/fast_lio/share/fast_lio/environment/pythonpath.sh
[174.575s] -- Symlinking: /home/amov/lio_ws/install/fast_lio/share/fast_lio/environment/pythonpath.dsv
[174.596s] -- Symlinking: /home/amov/lio_ws/install/fast_lio/local/lib/python3.10/dist-packages/fast_lio-0.0.0-py3.10.egg-info/PKG-INFO
[174.619s] -- Symlinking: /home/amov/lio_ws/install/fast_lio/local/lib/python3.10/dist-packages/fast_lio-0.0.0-py3.10.egg-info/SOURCES.txt
[174.642s] -- Symlinking: /home/amov/lio_ws/install/fast_lio/local/lib/python3.10/dist-packages/fast_lio-0.0.0-py3.10.egg-info/dependency_links.txt
[174.666s] -- Symlinking: /home/amov/lio_ws/install/fast_lio/local/lib/python3.10/dist-packages/fast_lio-0.0.0-py3.10.egg-info/top_level.txt
[174.688s] -- Symlinking: /home/amov/lio_ws/install/fast_lio/local/lib/python3.10/dist-packages/fast_lio/__init__.py
[174.710s] -- Symlinking: /home/amov/lio_ws/install/fast_lio/local/lib/python3.10/dist-packages/fast_lio/_fast_lio_s.ep.rosidl_typesupport_c.c
[174.733s] -- Symlinking: /home/amov/lio_ws/install/fast_lio/local/lib/python3.10/dist-packages/fast_lio/_fast_lio_s.ep.rosidl_typesupport_fastrtps_c.c
[174.758s] -- Symlinking: /home/amov/lio_ws/install/fast_lio/local/lib/python3.10/dist-packages/fast_lio/_fast_lio_s.ep.rosidl_typesupport_introspection_c.c
[174.775s] -- Symlinking: /home/amov/lio_ws/install/fast_lio/local/lib/python3.10/dist-packages/fast_lio/fast_lio_s__rosidl_typesupport_c.cpython-310-aarch64-linux-gnu.so
[174.792s] -- Symlinking: /home/amov/lio_ws/install/fast_lio/local/lib/python3.10/dist-packages/fast_lio/fast_lio_s__rosidl_typesupport_fastrtps_c.cpython-310-aarch64-linux-gnu.so
[174.811s] -- Symlinking: /home/amov/lio_ws/install/fast_lio/local/lib/python3.10/dist-packages/fast_lio/fast_lio_s__rosidl_typesupport_introspection_c.cpython-310-aarch64-linux-gnu.so
[174.829s] -- Symlinking: /home/amov/lio_ws/install/fast_lio/local/lib/python3.10/dist-packages/fast_lio/libfast_lio__rosidl_generator_py.so
[174.846s] -- Symlinking: /home/amov/lio_ws/install/fast_lio/local/lib/python3.10/dist-packages/fast_lio/msg/__init__.py
[174.862s] -- Symlinking: /home/amov/lio_ws/install/fast_lio/local/lib/python3.10/dist-packages/fast_lio/msg/_pose6_d.py
[174.878s] -- Symlinking: /home/amov/lio_ws/install/fast_lio/local/lib/python3.10/dist-packages/fast_lio/msg/_pose6_d_s.c
[174.894s] -- Up-to-date symlink: /home/amov/lio_ws/install/fast_lio/local/lib/python3.10/dist-packages/fast_lio/fast_lio_s__rosidl_typesupport_fastrtps_c.cpython-310-aarch64-linux-gnu.so
[174.894s] -- Up-to-date symlink: /home/amov/lio_ws/install/fast_lio/local/lib/python3.10/dist-packages/fast_lio/fast_lio_s__rosidl_typesupport_introspection_c.cpython-310-aarch64-linux-gnu.so
[174.894s] -- Up-to-date symlink: /home/amov/lio_ws/install/fast_lio/local/lib/python3.10/dist-packages/fast_lio/fast_lio_s__rosidl_typesupport_c.cpython-310-aarch64-linux-gnu.so
[174.894s] -- Symlinking: /home/amov/lio_ws/install/fast_lio/share/ament_index/resource_index/rust_packages/fast_lio
[174.911s] -- Symlinking: /home/amov/lio_ws/install/fast_lio/share/fast_lio/rust/Cargo.toml
[174.927s] -- Symlinking: /home/amov/lio_ws/install/fast_lio/share/fast_lio/rust/build.rs
[174.943s] -- Symlinking: /home/amov/lio_ws/install/fast_lio/share/fast_lio/rust/src/lib.rs
[174.963s] -- Symlinking: /home/amov/lio_ws/install/fast_lio/share/fast_lio/rust/src/msg.rs
[174.984s] -- Symlinking: /home/amov/lio_ws/install/fast_lio/share/fast_lio/rust/src/msg/rmw.rs
[175.003s] -- Symlinking: /home/amov/lio_ws/install/fast_lio/share/fast_lio/msg/Pose6D.idl
[175.021s] -- Symlinking: /home/amov/lio_ws/install/fast_lio/share/fast_lio/msg/Pose6D.msg
[175.041s] -- Symlinking: /home/amov/lio_ws/install/fast_lio/lib/fast_lio/fastlio_mapping
[175.059s] -- Symlinking: /home/amov/lio_ws/install/fast_lio/share/fast_lio/config/avia.yaml
[175.076s] -- Symlinking: /home/amov/lio_ws/install/fast_lio/share/fast_lio/config/horizon.yaml
[175.092s] -- Symlinking: /home/amov/lio_ws/install/fast_lio/share/fast_lio/config/mid360.yaml
[175.112s] -- Symlinking: /home/amov/lio_ws/install/fast_lio/share/fast_lio/config/ouster64.yaml
[175.131s] -- Symlinking: /home/amov/lio_ws/install/fast_lio/share/fast_lio/config/velodyne.yaml
[175.149s] -- Symlinking: /home/amov/lio_ws/install/fast_lio/share/fast_lio/launch/gdb_debug_example.launch
[175.164s] -- Symlinking: /home/amov/lio_ws/install/fast_lio/share/fast_lio/launch/mapping.launch.py
[175.183s] -- Symlinking: /home/amov/lio_ws/install/fast_lio/share/fast_lio/rviz/fastlio.rviz
[175.204s] -- Symlinking: /home/amov/lio_ws/install/fast_lio/share/ament_index/resource_index/package_run_dependencies/fast_lio
[175.225s] -- Symlinking: /home/amov/lio_ws/install/fast_lio/share/ament_index/resource_index/parent_prefix_path/fast_lio
[175.247s] -- Symlinking: /home/amov/lio_ws/install/fast_lio/share/fast_lio/environment/ament_prefix_path.sh
[175.277s] -- Symlinking: /home/amov/lio_ws/install/fast_lio/share/fast_lio/environment/ament_prefix_path.dsv
[175.295s] -- Symlinking: /home/amov/lio_ws/install/fast_lio/share/fast_lio/environment/path.sh
[175.318s] -- Symlinking: /home/amov/lio_ws/install/fast_lio/share/fast_lio/environment/path.dsv
[175.342s] -- Symlinking: /home/amov/lio_ws/install/fast_lio/share/fast_lio/local_setup.bash
[175.364s] -- Symlinking: /home/amov/lio_ws/install/fast_lio/share/fast_lio/local_setup.sh
[175.386s] -- Symlinking: /home/amov/lio_ws/install/fast_lio/share/fast_lio/local_setup.zsh
[175.409s] -- Symlinking: /home/amov/lio_ws/install/fast_lio/share/fast_lio/local_setup.dsv
[175.431s] -- Symlinking: /home/amov/lio_ws/install/fast_lio/share/fast_lio/package.dsv
[175.451s] -- Symlinking: /home/amov/lio_ws/install/fast_lio/share/ament_index/resource_index/packages/fast_lio
[175.475s] -- Symlinking: /home/amov/lio_ws/install/fast_lio/share/fast_lio/cmake/rosidl_cmake-extras.cmake
[175.498s] -- Symlinking: /home/amov/lio_ws/install/fast_lio/share/fast_lio/cmake/ament_cmake_export_include_directories-extras.cmake
[175.522s] -- Symlinking: /home/amov/lio_ws/install/fast_lio/share/fast_lio/cmake/ament_cmake_export_libraries-extras.cmake
[175.543s] -- Symlinking: /home/amov/lio_ws/install/fast_lio/share/fast_lio/cmake/ament_cmake_export_targets-extras.cmake
[175.564s] -- Symlinking: /home/amov/lio_ws/install/fast_lio/share/fast_lio/cmake/rosidl_cmake_export_typesupport_targets-extras.cmake
[175.587s] -- Symlinking: /home/amov/lio_ws/install/fast_lio/share/fast_lio/cmake/ament_cmake_export_dependencies-extras.cmake
[175.607s] -- Symlinking: /home/amov/lio_ws/install/fast_lio/share/fast_lio/cmake/rosidl_cmake_export_typesupport_libraries-extras.cmake
[175.629s] -- Symlinking: /home/amov/lio_ws/install/fast_lio/share/fast_lio/cmake/rosidl_cmake_aggregate_target-extras.cmake
[175.649s] -- Symlinking: /home/amov/lio_ws/install/fast_lio/share/fast_lio/cmake/fast_lioConfig.cmake
[175.672s] -- Symlinking: /home/amov/lio_ws/install/fast_lio/share/fast_lio/cmake/fast_lioConfig-version.cmake
[175.690s] -- Symlinking: /home/amov/lio_ws/install/fast_lio/share/fast_lio/package.xml
[175.711s] -- Installing: /home/amov/lio_ws/install/fast_lio/lib/libfast_lio__rosidl_generator_c.so
[175.713s] -- Set runtime path of "/home/amov/lio_ws/install/fast_lio/lib/libfast_lio__rosidl_generator_c.so" to ""
[175.714s] -- Installing: /home/amov/lio_ws/install/fast_lio/lib/libfast_lio__rosidl_typesupport_fastrtps_c.so
[175.714s] -- Set runtime path of "/home/amov/lio_ws/install/fast_lio/lib/libfast_lio__rosidl_typesupport_fastrtps_c.so" to ""
[175.714s] -- Installing: /home/amov/lio_ws/install/fast_lio/lib/libfast_lio__rosidl_typesupport_fastrtps_cpp.so
[175.715s] -- Set runtime path of "/home/amov/lio_ws/install/fast_lio/lib/libfast_lio__rosidl_typesupport_fastrtps_cpp.so" to ""
[175.715s] -- Installing: /home/amov/lio_ws/install/fast_lio/lib/libfast_lio__rosidl_typesupport_introspection_c.so
[175.716s] -- Set runtime path of "/home/amov/lio_ws/install/fast_lio/lib/libfast_lio__rosidl_typesupport_introspection_c.so" to ""
[175.716s] -- Installing: /home/amov/lio_ws/install/fast_lio/lib/libfast_lio__rosidl_typesupport_c.so
[175.718s] -- Set runtime path of "/home/amov/lio_ws/install/fast_lio/lib/libfast_lio__rosidl_typesupport_c.so" to ""
[175.718s] -- Installing: /home/amov/lio_ws/install/fast_lio/lib/libfast_lio__rosidl_typesupport_introspection_cpp.so
[175.719s] -- Set runtime path of "/home/amov/lio_ws/install/fast_lio/lib/libfast_lio__rosidl_typesupport_introspection_cpp.so" to ""
[175.719s] -- Installing: /home/amov/lio_ws/install/fast_lio/lib/libfast_lio__rosidl_typesupport_cpp.so
[175.720s] -- Set runtime path of "/home/amov/lio_ws/install/fast_lio/lib/libfast_lio__rosidl_typesupport_cpp.so" to ""
[175.791s] Listing '/home/amov/lio_ws/install/fast_lio/local/lib/python3.10/dist-packages/fast_lio'...
[175.791s] Compiling '/home/amov/lio_ws/install/fast_lio/local/lib/python3.10/dist-packages/fast_lio/__init__.py'...
[175.791s] Listing '/home/amov/lio_ws/install/fast_lio/local/lib/python3.10/dist-packages/fast_lio/msg'...
[175.791s] Compiling '/home/amov/lio_ws/install/fast_lio/local/lib/python3.10/dist-packages/fast_lio/msg/__init__.py'...
[175.791s] Compiling '/home/amov/lio_ws/install/fast_lio/local/lib/python3.10/dist-packages/fast_lio/msg/_pose6_d.py'...
[175.801s] -- Installing: /home/amov/lio_ws/install/fast_lio/lib/libfast_lio__rosidl_generator_py.so
[175.803s] -- Set runtime path of "/home/amov/lio_ws/install/fast_lio/lib/libfast_lio__rosidl_generator_py.so" to ""
[175.803s] -- Installing: /home/amov/lio_ws/install/fast_lio/share/fast_lio/cmake/export_fast_lio__rosidl_generator_cExport.cmake
[175.803s] -- Installing: /home/amov/lio_ws/install/fast_lio/share/fast_lio/cmake/export_fast_lio__rosidl_generator_cExport-release.cmake
[175.804s] -- Installing: /home/amov/lio_ws/install/fast_lio/share/fast_lio/cmake/export_fast_lio__rosidl_typesupport_fastrtps_cExport.cmake
[175.804s] -- Installing: /home/amov/lio_ws/install/fast_lio/share/fast_lio/cmake/export_fast_lio__rosidl_typesupport_fastrtps_cExport-release.cmake
[175.805s] -- Installing: /home/amov/lio_ws/install/fast_lio/share/fast_lio/cmake/export_fast_lio__rosidl_generator_cppExport.cmake
[175.806s] -- Installing: /home/amov/lio_ws/install/fast_lio/share/fast_lio/cmake/export_fast_lio__rosidl_typesupport_fastrtps_cppExport.cmake
[175.806s] -- Installing: /home/amov/lio_ws/install/fast_lio/share/fast_lio/cmake/export_fast_lio__rosidl_typesupport_fastrtps_cppExport-release.cmake
[175.807s] -- Installing: /home/amov/lio_ws/install/fast_lio/share/fast_lio/cmake/fast_lio__rosidl_typesupport_introspection_cExport.cmake
[175.807s] -- Installing: /home/amov/lio_ws/install/fast_lio/share/fast_lio/cmake/fast_lio__rosidl_typesupport_introspection_cExport-release.cmake
[175.808s] -- Installing: /home/amov/lio_ws/install/fast_lio/share/fast_lio/cmake/fast_lio__rosidl_typesupport_cExport.cmake
[175.808s] -- Installing: /home/amov/lio_ws/install/fast_lio/share/fast_lio/cmake/fast_lio__rosidl_typesupport_cExport-release.cmake
[175.809s] -- Installing: /home/amov/lio_ws/install/fast_lio/share/fast_lio/cmake/fast_lio__rosidl_typesupport_introspection_cppExport.cmake
[175.809s] -- Installing: /home/amov/lio_ws/install/fast_lio/share/fast_lio/cmake/fast_lio__rosidl_typesupport_introspection_cppExport-release.cmake
[175.810s] -- Installing: /home/amov/lio_ws/install/fast_lio/share/fast_lio/cmake/fast_lio__rosidl_typesupport_cppExport.cmake
[175.811s] -- Installing: /home/amov/lio_ws/install/fast_lio/share/fast_lio/cmake/fast_lio__rosidl_typesupport_cppExport-release.cmake
[175.811s] -- Installing: /home/amov/lio_ws/install/fast_lio/share/fast_lio/cmake/export_fast_lio__rosidl_generator_pyExport.cmake
[175.812s] -- Installing: /home/amov/lio_ws/install/fast_lio/share/fast_lio/cmake/export_fast_lio__rosidl_generator_pyExport-release.cmake
[175.824s] Invoked command in '/home/amov/lio_ws/build/fast_lio' returned '0': CMAKE_PREFIX_PATH=${CMAKE_PREFIX_PATH}:/opt/ros/humble /usr/bin/cmake --install /home/amov/lio_ws/build/fast_lio
