[0.228s] DEBUG:colcon:Command line arguments: ['/usr/bin/colcon', 'build', '--packages-select', 'scan_planner']
[0.228s] DEBUG:colcon:Parsed command line arguments: Namespace(log_base=None, log_level=None, verb_name='build', build_base='build', install_base='install', merge_install=False, symlink_install=False, test_result_base=None, continue_on_error=False, executor='parallel', parallel_workers=8, event_handlers=None, ignore_user_meta=False, metas=['./colcon.meta'], base_paths=['.'], packages_ignore=None, packages_ignore_regex=None, paths=None, packages_up_to=None, packages_up_to_regex=None, packages_above=None, packages_above_and_dependencies=None, packages_above_depth=None, packages_select_by_dep=None, packages_skip_by_dep=None, packages_skip_up_to=None, packages_select_build_failed=False, packages_skip_build_finished=False, packages_select_test_failures=False, packages_skip_test_passed=False, packages_select=['scan_planner'], packages_skip=None, packages_select_regex=None, packages_skip_regex=None, packages_start=None, packages_end=None, allow_overriding=[], cmake_args=None, cmake_target=None, cmake_target_skip_unavailable=False, cmake_clean_cache=False, cmake_clean_first=False, cmake_force_configure=False, ament_cmake_args=None, catkin_cmake_args=None, catkin_skip_building_tests=False, verb_parser=<colcon_defaults.argument_parser.defaults.DefaultArgumentsDecorator object at 0xffff86c64cd0>, verb_extension=<colcon_core.verb.build.BuildVerb object at 0xffff86c64910>, main=<bound method BuildVerb.main of <colcon_core.verb.build.BuildVerb object at 0xffff86c64910>>)
[0.581s] Level 1:colcon.colcon_core.package_discovery:discover_packages(colcon_meta) check parameters
[0.581s] Level 1:colcon.colcon_core.package_discovery:discover_packages(recursive) check parameters
[0.581s] Level 1:colcon.colcon_core.package_discovery:discover_packages(ignore) check parameters
[0.581s] Level 1:colcon.colcon_core.package_discovery:discover_packages(path) check parameters
[0.581s] Level 1:colcon.colcon_core.package_discovery:discover_packages(colcon_meta) discover
[0.581s] Level 1:colcon.colcon_core.package_discovery:discover_packages(recursive) discover
[0.581s] INFO:colcon.colcon_core.package_discovery:Crawling recursively for packages in '/home/amov/scan_ws'
[0.582s] Level 1:colcon.colcon_core.package_identification:_identify(.) by extensions ['ignore', 'ignore_ament_install']
[0.582s] Level 1:colcon.colcon_core.package_identification:_identify(.) by extension 'ignore'
[0.582s] Level 1:colcon.colcon_core.package_identification:_identify(.) by extension 'ignore_ament_install'
[0.582s] Level 1:colcon.colcon_core.package_identification:_identify(.) by extensions ['colcon_pkg']
[0.582s] Level 1:colcon.colcon_core.package_identification:_identify(.) by extension 'colcon_pkg'
[0.582s] Level 1:colcon.colcon_core.package_identification:_identify(.) by extensions ['colcon_meta']
[0.582s] Level 1:colcon.colcon_core.package_identification:_identify(.) by extension 'colcon_meta'
[0.582s] Level 1:colcon.colcon_core.package_identification:_identify(.) by extensions ['ros']
[0.582s] Level 1:colcon.colcon_core.package_identification:_identify(.) by extension 'ros'
[0.604s] Level 1:colcon.colcon_core.package_identification:_identify(.) by extensions ['cmake', 'python']
[0.604s] Level 1:colcon.colcon_core.package_identification:_identify(.) by extension 'cmake'
[0.605s] Level 1:colcon.colcon_core.package_identification:_identify(.) by extension 'python'
[0.605s] Level 1:colcon.colcon_core.package_identification:_identify(.) by extensions ['python_setup_py']
[0.605s] Level 1:colcon.colcon_core.package_identification:_identify(.) by extension 'python_setup_py'
[0.605s] Level 1:colcon.colcon_core.package_identification:_identify(build) by extensions ['ignore', 'ignore_ament_install']
[0.605s] Level 1:colcon.colcon_core.package_identification:_identify(build) by extension 'ignore'
[0.605s] Level 1:colcon.colcon_core.package_identification:_identify(build) ignored
[0.606s] Level 1:colcon.colcon_core.package_identification:_identify(install) by extensions ['ignore', 'ignore_ament_install']
[0.606s] Level 1:colcon.colcon_core.package_identification:_identify(install) by extension 'ignore'
[0.606s] Level 1:colcon.colcon_core.package_identification:_identify(install) ignored
[0.606s] Level 1:colcon.colcon_core.package_identification:_identify(log) by extensions ['ignore', 'ignore_ament_install']
[0.606s] Level 1:colcon.colcon_core.package_identification:_identify(log) by extension 'ignore'
[0.606s] Level 1:colcon.colcon_core.package_identification:_identify(log) ignored
[0.606s] Level 1:colcon.colcon_core.package_identification:_identify(src) by extensions ['ignore', 'ignore_ament_install']
[0.607s] Level 1:colcon.colcon_core.package_identification:_identify(src) by extension 'ignore'
[0.607s] Level 1:colcon.colcon_core.package_identification:_identify(src) by extension 'ignore_ament_install'
[0.607s] Level 1:colcon.colcon_core.package_identification:_identify(src) by extensions ['colcon_pkg']
[0.607s] Level 1:colcon.colcon_core.package_identification:_identify(src) by extension 'colcon_pkg'
[0.607s] Level 1:colcon.colcon_core.package_identification:_identify(src) by extensions ['colcon_meta']
[0.607s] Level 1:colcon.colcon_core.package_identification:_identify(src) by extension 'colcon_meta'
[0.607s] Level 1:colcon.colcon_core.package_identification:_identify(src) by extensions ['ros']
[0.607s] Level 1:colcon.colcon_core.package_identification:_identify(src) by extension 'ros'
[0.607s] Level 1:colcon.colcon_core.package_identification:_identify(src) by extensions ['cmake', 'python']
[0.607s] Level 1:colcon.colcon_core.package_identification:_identify(src) by extension 'cmake'
[0.607s] Level 1:colcon.colcon_core.package_identification:_identify(src) by extension 'python'
[0.608s] Level 1:colcon.colcon_core.package_identification:_identify(src) by extensions ['python_setup_py']
[0.608s] Level 1:colcon.colcon_core.package_identification:_identify(src) by extension 'python_setup_py'
[0.608s] Level 1:colcon.colcon_core.package_identification:_identify(src/SCAN-Planner-Pure-ROS2-master) by extensions ['ignore', 'ignore_ament_install']
[0.608s] Level 1:colcon.colcon_core.package_identification:_identify(src/SCAN-Planner-Pure-ROS2-master) by extension 'ignore'
[0.608s] Level 1:colcon.colcon_core.package_identification:_identify(src/SCAN-Planner-Pure-ROS2-master) by extension 'ignore_ament_install'
[0.608s] Level 1:colcon.colcon_core.package_identification:_identify(src/SCAN-Planner-Pure-ROS2-master) by extensions ['colcon_pkg']
[0.608s] Level 1:colcon.colcon_core.package_identification:_identify(src/SCAN-Planner-Pure-ROS2-master) by extension 'colcon_pkg'
[0.608s] Level 1:colcon.colcon_core.package_identification:_identify(src/SCAN-Planner-Pure-ROS2-master) by extensions ['colcon_meta']
[0.608s] Level 1:colcon.colcon_core.package_identification:_identify(src/SCAN-Planner-Pure-ROS2-master) by extension 'colcon_meta'
[0.608s] Level 1:colcon.colcon_core.package_identification:_identify(src/SCAN-Planner-Pure-ROS2-master) by extensions ['ros']
[0.608s] Level 1:colcon.colcon_core.package_identification:_identify(src/SCAN-Planner-Pure-ROS2-master) by extension 'ros'
[0.615s] DEBUG:colcon.colcon_core.package_identification:Package 'src/SCAN-Planner-Pure-ROS2-master' with type 'ros.ament_cmake' and name 'scan_planner'
[0.615s] Level 1:colcon.colcon_core.package_discovery:discover_packages(recursive) using defaults
[0.615s] Level 1:colcon.colcon_core.package_discovery:discover_packages(ignore) discover
[0.615s] Level 1:colcon.colcon_core.package_discovery:discover_packages(ignore) using defaults
[0.615s] Level 1:colcon.colcon_core.package_discovery:discover_packages(path) discover
[0.615s] Level 1:colcon.colcon_core.package_discovery:discover_packages(path) using defaults
[0.653s] Level 1:colcon.colcon_core.package_discovery:discover_packages(prefix_path) check parameters
[0.653s] Level 1:colcon.colcon_core.package_discovery:discover_packages(prefix_path) discover
[0.658s] DEBUG:colcon.colcon_installed_package_information.package_discovery:Found 5 installed packages in /home/amov/navigation/install
[0.659s] DEBUG:colcon.colcon_installed_package_information.package_discovery:Found 1 installed packages in /home/amov/navigation/livox_install
[0.661s] DEBUG:colcon.colcon_installed_package_information.package_discovery:Found 274 installed packages in /opt/ros/humble
[0.694s] Level 1:colcon.colcon_core.package_discovery:discover_packages(prefix_path) using defaults
[0.764s] Level 5:colcon.colcon_core.verb:set package 'scan_planner' build argument 'cmake_args' from command line to 'None'
[0.764s] Level 5:colcon.colcon_core.verb:set package 'scan_planner' build argument 'cmake_target' from command line to 'None'
[0.764s] Level 5:colcon.colcon_core.verb:set package 'scan_planner' build argument 'cmake_target_skip_unavailable' from command line to 'False'
[0.764s] Level 5:colcon.colcon_core.verb:set package 'scan_planner' build argument 'cmake_clean_cache' from command line to 'False'
[0.764s] Level 5:colcon.colcon_core.verb:set package 'scan_planner' build argument 'cmake_clean_first' from command line to 'False'
[0.764s] Level 5:colcon.colcon_core.verb:set package 'scan_planner' build argument 'cmake_force_configure' from command line to 'False'
[0.764s] Level 5:colcon.colcon_core.verb:set package 'scan_planner' build argument 'ament_cmake_args' from command line to 'None'
[0.764s] Level 5:colcon.colcon_core.verb:set package 'scan_planner' build argument 'catkin_cmake_args' from command line to 'None'
[0.765s] Level 5:colcon.colcon_core.verb:set package 'scan_planner' build argument 'catkin_skip_building_tests' from command line to 'False'
[0.765s] DEBUG:colcon.colcon_core.verb:Building package 'scan_planner' with the following arguments: {'ament_cmake_args': None, 'build_base': '/home/amov/scan_ws/build/scan_planner', 'catkin_cmake_args': None, 'catkin_skip_building_tests': False, 'cmake_args': None, 'cmake_clean_cache': False, 'cmake_clean_first': False, 'cmake_force_configure': False, 'cmake_target': None, 'cmake_target_skip_unavailable': False, 'install_base': '/home/amov/scan_ws/install/scan_planner', 'merge_install': False, 'path': '/home/amov/scan_ws/src/SCAN-Planner-Pure-ROS2-master', 'symlink_install': False, 'test_result_base': None}
[0.765s] INFO:colcon.colcon_core.executor:Executing jobs using 'parallel' executor
[0.767s] DEBUG:colcon.colcon_parallel_executor.executor.parallel:run_until_complete
[0.768s] INFO:colcon.colcon_ros.task.ament_cmake.build:Building ROS package in '/home/amov/scan_ws/src/SCAN-Planner-Pure-ROS2-master' with build type 'ament_cmake'
[0.768s] INFO:colcon.colcon_cmake.task.cmake.build:Building CMake package in '/home/amov/scan_ws/src/SCAN-Planner-Pure-ROS2-master'
[0.775s] INFO:colcon.colcon_core.plugin_system:Skipping extension 'colcon_core.shell.bat': Not used on non-Windows systems
[0.775s] INFO:colcon.colcon_core.shell:Skip shell extension 'powershell' for command environment: Not usable outside of PowerShell
[0.775s] DEBUG:colcon.colcon_core.shell:Skip shell extension 'dsv' for command environment
[0.791s] DEBUG:colcon.colcon_core.event_handler.log_command:Invoking command in '/home/amov/scan_ws/build/scan_planner': CMAKE_PREFIX_PATH=${CMAKE_PREFIX_PATH}:/opt/ros/humble /usr/bin/cmake /home/amov/scan_ws/src/SCAN-Planner-Pure-ROS2-master -DCMAKE_INSTALL_PREFIX=/home/amov/scan_ws/install/scan_planner
[2.074s] DEBUG:colcon.colcon_core.event_handler.log_command:Invoked command in '/home/amov/scan_ws/build/scan_planner' returned '0': CMAKE_PREFIX_PATH=${CMAKE_PREFIX_PATH}:/opt/ros/humble /usr/bin/cmake /home/amov/scan_ws/src/SCAN-Planner-Pure-ROS2-master -DCMAKE_INSTALL_PREFIX=/home/amov/scan_ws/install/scan_planner
[2.080s] DEBUG:colcon.colcon_core.event_handler.log_command:Invoking command in '/home/amov/scan_ws/build/scan_planner': CMAKE_PREFIX_PATH=${CMAKE_PREFIX_PATH}:/opt/ros/humble /usr/bin/cmake --build /home/amov/scan_ws/build/scan_planner -- -j8 -l8
[158.877s] DEBUG:colcon.colcon_core.event_handler.log_command:Invoked command in '/home/amov/scan_ws/build/scan_planner' returned '0': CMAKE_PREFIX_PATH=${CMAKE_PREFIX_PATH}:/opt/ros/humble /usr/bin/cmake --build /home/amov/scan_ws/build/scan_planner -- -j8 -l8
[158.901s] DEBUG:colcon.colcon_core.event_handler.log_command:Invoking command in '/home/amov/scan_ws/build/scan_planner': CMAKE_PREFIX_PATH=${CMAKE_PREFIX_PATH}:/opt/ros/humble /usr/bin/cmake --install /home/amov/scan_ws/build/scan_planner
[158.954s] Level 1:colcon.colcon_core.environment:create_environment_scripts_only(scan_planner)
[158.955s] DEBUG:colcon.colcon_core.event_handler.log_command:Invoked command in '/home/amov/scan_ws/build/scan_planner' returned '0': CMAKE_PREFIX_PATH=${CMAKE_PREFIX_PATH}:/opt/ros/humble /usr/bin/cmake --install /home/amov/scan_ws/build/scan_planner
[158.968s] Level 1:colcon.colcon_core.environment:checking '/home/amov/scan_ws/install/scan_planner' for CMake module files
[158.970s] Level 1:colcon.colcon_core.environment:checking '/home/amov/scan_ws/install/scan_planner' for CMake config files
[158.971s] Level 1:colcon.colcon_core.shell:create_environment_hook('scan_planner', 'cmake_prefix_path')
[158.971s] INFO:colcon.colcon_core.shell:Creating environment hook '/home/amov/scan_ws/install/scan_planner/share/scan_planner/hook/cmake_prefix_path.ps1'
[158.974s] INFO:colcon.colcon_core.shell:Creating environment descriptor '/home/amov/scan_ws/install/scan_planner/share/scan_planner/hook/cmake_prefix_path.dsv'
[158.975s] INFO:colcon.colcon_core.shell:Creating environment hook '/home/amov/scan_ws/install/scan_planner/share/scan_planner/hook/cmake_prefix_path.sh'
[158.978s] Level 1:colcon.colcon_core.environment:checking '/home/amov/scan_ws/install/scan_planner/lib'
[158.978s] Level 1:colcon.colcon_core.environment:checking '/home/amov/scan_ws/install/scan_planner/bin'
[158.979s] Level 1:colcon.colcon_core.environment:checking '/home/amov/scan_ws/install/scan_planner/lib/pkgconfig/scan_planner.pc'
[158.979s] Level 1:colcon.colcon_core.environment:checking '/home/amov/scan_ws/install/scan_planner/lib/python3.10/site-packages'
[158.980s] Level 1:colcon.colcon_core.environment:checking '/home/amov/scan_ws/install/scan_planner/bin'
[158.981s] INFO:colcon.colcon_core.shell:Creating package script '/home/amov/scan_ws/install/scan_planner/share/scan_planner/package.ps1'
[158.985s] INFO:colcon.colcon_core.shell:Creating package descriptor '/home/amov/scan_ws/install/scan_planner/share/scan_planner/package.dsv'
[158.987s] INFO:colcon.colcon_core.shell:Creating package script '/home/amov/scan_ws/install/scan_planner/share/scan_planner/package.sh'
[158.989s] INFO:colcon.colcon_core.shell:Creating package script '/home/amov/scan_ws/install/scan_planner/share/scan_planner/package.bash'
[158.991s] INFO:colcon.colcon_core.shell:Creating package script '/home/amov/scan_ws/install/scan_planner/share/scan_planner/package.zsh'
[158.993s] Level 1:colcon.colcon_core.environment:create_file_with_runtime_dependencies(/home/amov/scan_ws/install/scan_planner/share/colcon-core/packages/scan_planner)
[158.995s] Level 1:colcon.colcon_core.environment:create_environment_scripts_only(scan_planner)
[158.995s] Level 1:colcon.colcon_core.environment:checking '/home/amov/scan_ws/install/scan_planner' for CMake module files
[158.996s] Level 1:colcon.colcon_core.environment:checking '/home/amov/scan_ws/install/scan_planner' for CMake config files
[158.997s] Level 1:colcon.colcon_core.shell:create_environment_hook('scan_planner', 'cmake_prefix_path')
[158.997s] INFO:colcon.colcon_core.shell:Creating environment hook '/home/amov/scan_ws/install/scan_planner/share/scan_planner/hook/cmake_prefix_path.ps1'
[158.999s] INFO:colcon.colcon_core.shell:Creating environment descriptor '/home/amov/scan_ws/install/scan_planner/share/scan_planner/hook/cmake_prefix_path.dsv'
[159.000s] INFO:colcon.colcon_core.shell:Creating environment hook '/home/amov/scan_ws/install/scan_planner/share/scan_planner/hook/cmake_prefix_path.sh'
[159.001s] Level 1:colcon.colcon_core.environment:checking '/home/amov/scan_ws/install/scan_planner/lib'
[159.001s] Level 1:colcon.colcon_core.environment:checking '/home/amov/scan_ws/install/scan_planner/bin'
[159.001s] Level 1:colcon.colcon_core.environment:checking '/home/amov/scan_ws/install/scan_planner/lib/pkgconfig/scan_planner.pc'
[159.002s] Level 1:colcon.colcon_core.environment:checking '/home/amov/scan_ws/install/scan_planner/lib/python3.10/site-packages'
[159.003s] Level 1:colcon.colcon_core.environment:checking '/home/amov/scan_ws/install/scan_planner/bin'
[159.004s] INFO:colcon.colcon_core.shell:Creating package script '/home/amov/scan_ws/install/scan_planner/share/scan_planner/package.ps1'
[159.005s] INFO:colcon.colcon_core.shell:Creating package descriptor '/home/amov/scan_ws/install/scan_planner/share/scan_planner/package.dsv'
[159.005s] INFO:colcon.colcon_core.shell:Creating package script '/home/amov/scan_ws/install/scan_planner/share/scan_planner/package.sh'
[159.006s] INFO:colcon.colcon_core.shell:Creating package script '/home/amov/scan_ws/install/scan_planner/share/scan_planner/package.bash'
[159.007s] INFO:colcon.colcon_core.shell:Creating package script '/home/amov/scan_ws/install/scan_planner/share/scan_planner/package.zsh'
[159.008s] Level 1:colcon.colcon_core.environment:create_file_with_runtime_dependencies(/home/amov/scan_ws/install/scan_planner/share/colcon-core/packages/scan_planner)
[159.009s] DEBUG:colcon.colcon_parallel_executor.executor.parallel:closing loop
[159.010s] DEBUG:colcon.colcon_parallel_executor.executor.parallel:loop closed
[159.010s] DEBUG:colcon.colcon_parallel_executor.executor.parallel:run_until_complete finished with '0'
[159.010s] DEBUG:colcon.colcon_core.event_reactor:joining thread
[159.032s] INFO:colcon.colcon_core.plugin_system:Skipping extension 'colcon_notification.desktop_notification.terminal_notifier': Not used on non-Darwin systems
[159.033s] INFO:colcon.colcon_core.plugin_system:Skipping extension 'colcon_notification.desktop_notification.win32': Not used on non-Windows systems
[159.033s] INFO:colcon.colcon_notification.desktop_notification:Sending desktop notification using 'notify2'
[159.033s] DEBUG:colcon.colcon_notification.desktop_notification.notify2:Failed to initialize notify2: org.freedesktop.DBus.Error.AccessDenied: Failed to connect to socket /run/user/1000/bus: Operation not permitted
[159.034s] DEBUG:colcon.colcon_core.event_reactor:joined thread
[159.035s] INFO:colcon.colcon_core.shell:Creating prefix script '/home/amov/scan_ws/install/local_setup.ps1'
[159.038s] INFO:colcon.colcon_core.shell:Creating prefix util module '/home/amov/scan_ws/install/_local_setup_util_ps1.py'
[159.042s] INFO:colcon.colcon_core.shell:Creating prefix chain script '/home/amov/scan_ws/install/setup.ps1'
[159.046s] INFO:colcon.colcon_core.shell:Creating prefix script '/home/amov/scan_ws/install/local_setup.sh'
[159.048s] INFO:colcon.colcon_core.shell:Creating prefix util module '/home/amov/scan_ws/install/_local_setup_util_sh.py'
[159.050s] INFO:colcon.colcon_core.shell:Creating prefix chain script '/home/amov/scan_ws/install/setup.sh'
[159.053s] INFO:colcon.colcon_core.shell:Creating prefix script '/home/amov/scan_ws/install/local_setup.bash'
[159.055s] INFO:colcon.colcon_core.shell:Creating prefix chain script '/home/amov/scan_ws/install/setup.bash'
[159.058s] INFO:colcon.colcon_core.shell:Creating prefix script '/home/amov/scan_ws/install/local_setup.zsh'
[159.059s] INFO:colcon.colcon_core.shell:Creating prefix chain script '/home/amov/scan_ws/install/setup.zsh'
