[1.081s] Invoking command in '/home/amov/scan_ws/src/scan_cmd_vel_follower': PYTHONPATH=/home/amov/scan_ws/build/scan_cmd_vel_follower/prefix_override:/usr/lib/python3/dist-packages/colcon_core/task/python/colcon_distutils_commands:/home/amov/scan_ws/install/scan_cmd_vel_follower/lib/python3.10/site-packages:${PYTHONPATH} /usr/bin/python3 -W ignore:setup.py install is deprecated -W ignore:easy_install command is deprecated setup.py egg_info --egg-base ../../build/scan_cmd_vel_follower build --build-base /home/amov/scan_ws/build/scan_cmd_vel_follower/build install --record /home/amov/scan_ws/build/scan_cmd_vel_follower/install.log --install-scripts $base/lib/scan_cmd_vel_follower --single-version-externally-managed install_data
[1.468s] running egg_info
[1.469s] creating ../../build/scan_cmd_vel_follower/scan_cmd_vel_follower.egg-info
[1.469s] writing ../../build/scan_cmd_vel_follower/scan_cmd_vel_follower.egg-info/PKG-INFO
[1.469s] writing dependency_links to ../../build/scan_cmd_vel_follower/scan_cmd_vel_follower.egg-info/dependency_links.txt
[1.470s] writing entry points to ../../build/scan_cmd_vel_follower/scan_cmd_vel_follower.egg-info/entry_points.txt
[1.470s] writing requirements to ../../build/scan_cmd_vel_follower/scan_cmd_vel_follower.egg-info/requires.txt
[1.470s] writing top-level names to ../../build/scan_cmd_vel_follower/scan_cmd_vel_follower.egg-info/top_level.txt
[1.470s] writing manifest file '../../build/scan_cmd_vel_follower/scan_cmd_vel_follower.egg-info/SOURCES.txt'
[1.473s] reading manifest file '../../build/scan_cmd_vel_follower/scan_cmd_vel_follower.egg-info/SOURCES.txt'
[1.474s] writing manifest file '../../build/scan_cmd_vel_follower/scan_cmd_vel_follower.egg-info/SOURCES.txt'
[1.475s] running build
[1.475s] running build_py
[1.475s] creating /home/amov/scan_ws/build/scan_cmd_vel_follower/build
[1.475s] creating /home/amov/scan_ws/build/scan_cmd_vel_follower/build/lib
[1.475s] creating /home/amov/scan_ws/build/scan_cmd_vel_follower/build/lib/scan_cmd_vel_follower
[1.476s] copying scan_cmd_vel_follower/__init__.py -> /home/amov/scan_ws/build/scan_cmd_vel_follower/build/lib/scan_cmd_vel_follower
[1.476s] copying scan_cmd_vel_follower/follower_node.py -> /home/amov/scan_ws/build/scan_cmd_vel_follower/build/lib/scan_cmd_vel_follower
[1.476s] running install
[1.476s] running install_lib
[1.478s] creating /home/amov/scan_ws/install/scan_cmd_vel_follower/lib/python3.10/site-packages/scan_cmd_vel_follower
[1.478s] copying /home/amov/scan_ws/build/scan_cmd_vel_follower/build/lib/scan_cmd_vel_follower/__init__.py -> /home/amov/scan_ws/install/scan_cmd_vel_follower/lib/python3.10/site-packages/scan_cmd_vel_follower
[1.478s] copying /home/amov/scan_ws/build/scan_cmd_vel_follower/build/lib/scan_cmd_vel_follower/follower_node.py -> /home/amov/scan_ws/install/scan_cmd_vel_follower/lib/python3.10/site-packages/scan_cmd_vel_follower
[1.479s] byte-compiling /home/amov/scan_ws/install/scan_cmd_vel_follower/lib/python3.10/site-packages/scan_cmd_vel_follower/__init__.py to __init__.cpython-310.pyc
[1.479s] byte-compiling /home/amov/scan_ws/install/scan_cmd_vel_follower/lib/python3.10/site-packages/scan_cmd_vel_follower/follower_node.py to follower_node.cpython-310.pyc
[1.482s] running install_data
[1.482s] creating /home/amov/scan_ws/install/scan_cmd_vel_follower/share/ament_index
[1.483s] creating /home/amov/scan_ws/install/scan_cmd_vel_follower/share/ament_index/resource_index
[1.483s] creating /home/amov/scan_ws/install/scan_cmd_vel_follower/share/ament_index/resource_index/packages
[1.483s] copying resource/scan_cmd_vel_follower -> /home/amov/scan_ws/install/scan_cmd_vel_follower/share/ament_index/resource_index/packages
[1.483s] copying package.xml -> /home/amov/scan_ws/install/scan_cmd_vel_follower/share/scan_cmd_vel_follower
[1.484s] creating /home/amov/scan_ws/install/scan_cmd_vel_follower/share/scan_cmd_vel_follower/config
[1.484s] copying config/follower.yaml -> /home/amov/scan_ws/install/scan_cmd_vel_follower/share/scan_cmd_vel_follower/config
[1.484s] creating /home/amov/scan_ws/install/scan_cmd_vel_follower/share/scan_cmd_vel_follower/launch
[1.484s] copying launch/scan_cmd_vel_follower.launch.py -> /home/amov/scan_ws/install/scan_cmd_vel_follower/share/scan_cmd_vel_follower/launch
[1.484s] running install_egg_info
[1.487s] Copying ../../build/scan_cmd_vel_follower/scan_cmd_vel_follower.egg-info to /home/amov/scan_ws/install/scan_cmd_vel_follower/lib/python3.10/site-packages/scan_cmd_vel_follower-0.1.0-py3.10.egg-info
[1.488s] running install_scripts
[1.524s] Installing scan_cmd_vel_follower script to /home/amov/scan_ws/install/scan_cmd_vel_follower/lib/scan_cmd_vel_follower
[1.525s] writing list of installed files to '/home/amov/scan_ws/build/scan_cmd_vel_follower/install.log'
[1.589s] Invoked command in '/home/amov/scan_ws/src/scan_cmd_vel_follower' returned '0': PYTHONPATH=/home/amov/scan_ws/build/scan_cmd_vel_follower/prefix_override:/usr/lib/python3/dist-packages/colcon_core/task/python/colcon_distutils_commands:/home/amov/scan_ws/install/scan_cmd_vel_follower/lib/python3.10/site-packages:${PYTHONPATH} /usr/bin/python3 -W ignore:setup.py install is deprecated -W ignore:easy_install command is deprecated setup.py egg_info --egg-base ../../build/scan_cmd_vel_follower build --build-base /home/amov/scan_ws/build/scan_cmd_vel_follower/build install --record /home/amov/scan_ws/build/scan_cmd_vel_follower/install.log --install-scripts $base/lib/scan_cmd_vel_follower --single-version-externally-managed install_data
